 handmade

 Timestamp is 5c5506c9 (Fri Feb  1 21:56:09 2019)

 Preferred load address is 0000000180000000

 Start         Length     Name                   Class
 0001:00000000 00037340H .text$mn                CODE
 0001:00037340 00000020H .text$mn$00             CODE
 0001:00037360 0000067dH .text$x                 CODE
 0002:00000000 00000248H .idata$5                DATA
 0002:00000248 00000010H .00cfg                  DATA
 0002:00000258 00000008H .CRT$XCA                DATA
 0002:00000260 00000008H .CRT$XCZ                DATA
 0002:00000268 00000008H .CRT$XIA                DATA
 0002:00000270 00000018H .CRT$XIC                DATA
 0002:00000288 00000008H .CRT$XIZ                DATA
 0002:00000290 00000008H .CRT$XPA                DATA
 0002:00000298 00000010H .CRT$XPX                DATA
 0002:000002a8 00000008H .CRT$XPXA               DATA
 0002:000002b0 00000008H .CRT$XPZ                DATA
 0002:000002b8 00000008H .CRT$XTA                DATA
 0002:000002c0 00000010H .CRT$XTZ                DATA
 0002:000002c8 00000000H .gfids$y                DATA
 0002:000002d0 00010080H .rdata                  DATA
 0002:00010350 0000016cH .rdata$r                DATA
 0002:000104bc 000002fcH .rdata$zzzdbg           DATA
 0002:000107b8 00000008H .rtc$IAA                DATA
 0002:000107c0 00000008H .rtc$IZZ                DATA
 0002:000107c8 00000008H .rtc$TAA                DATA
 0002:000107d0 00000010H .rtc$TZZ                DATA
 0002:000107e0 00001078H .xdata                  DATA
 0002:00011858 00000088H .xdata$x                DATA
 0002:000118e0 00000074H .edata                  DATA
 0002:00011954 00000014H .idata$2                DATA
 0002:00011968 00000018H .idata$3                DATA
 0002:00011980 00000248H .idata$4                DATA
 0002:00011bc8 00000554H .idata$6                DATA
 0003:00000000 00000a20H .data                   DATA
 0003:00000a20 00000070H .data$r                 DATA
 0003:00000a90 00001878H .bss                    DATA
 0004:00000000 00002d24H .pdata                  DATA

  Address         Publics by Value              Rva+Base               Lib:Object

 0000:00000000       __guard_longjmp_count      0000000000000000     <absolute>
 0000:00000000       __guard_fids_count         0000000000000000     <absolute>
 0000:00000000       __hybrid_code_map_count    0000000000000000     <absolute>
 0000:00000000       __guard_iat_table          0000000000000000     <absolute>
 0000:00000000       __hybrid_code_map          0000000000000000     <absolute>
 0000:00000000       __guard_iat_count          0000000000000000     <absolute>
 0000:00000000       __volatile_metadata        0000000000000000     <absolute>
 0000:00000000       __guard_longjmp_table      0000000000000000     <absolute>
 0000:00000000       __enclave_config           0000000000000000     <absolute>
 0000:00000000       ___safe_se_handler_count   0000000000000000     <absolute>
 0000:00000000       ___safe_se_handler_table   0000000000000000     <absolute>
 0000:00000000       __guard_fids_table         0000000000000000     <absolute>
 0000:00000000       __dynamic_value_reloc_table 0000000000000000     <absolute>
 0000:00000000       __hybrid_auxiliary_iat     0000000000000000     <absolute>
 0000:00000100       __guard_flags              0000000000000100     <absolute>
 0000:00000000       __ImageBase                0000000180000000     <linker-defined>
 0001:000000b0       GameGetSoundSamples        00000001800010b0 f   handmade.obj
 0001:00000340       GameUpdateAndRender        0000000180001340 f   handmade.obj
 0001:00000ec0       ?GetController@@YAPEAUgame_controller_input@@PEAUgame_input@@I@Z 0000000180001ec0 f i handmade.obj
 0001:00000f10       __GSHandlerCheck           0000000180001f10 f   LIBCMTD:gshandler.obj
 0001:00000f50       __GSHandlerCheckCommon     0000000180001f50 f   LIBCMTD:gshandler.obj
 0001:00001060       __security_check_cookie    0000000180002060 f   LIBCMTD:amdsecgs.obj
 0001:00001480       _DllMainCRTStartup         0000000180002480 f   LIBCMTD:dll_dllmain.obj
 0001:000014c0       __raise_securityfailure    00000001800024c0 f   LIBCMTD:gs_report.obj
 0001:00001500       __report_gsfailure         0000000180002500 f   LIBCMTD:gs_report.obj
 0001:000015e0       __report_rangecheckfailure 00000001800025e0 f   LIBCMTD:gs_report.obj
 0001:00001600       __report_securityfailure   0000000180002600 f   LIBCMTD:gs_report.obj
 0001:000018c0       __security_init_cookie     00000001800028c0 f   LIBCMTD:gs_support.obj
 0001:00001940       DllMain                    0000000180002940 f   LIBCMTD:dll_dllmain_stub.obj
 0001:00001960       ?__scrt_initialize_type_info@@YAXXZ 0000000180002960 f   LIBCMTD:tncleanup.obj
 0001:00001980       ?__scrt_uninitialize_type_info@@YAXXZ 0000000180002980 f   LIBCMTD:tncleanup.obj
 0001:000019a0       __local_stdio_printf_options 00000001800029a0 f i LIBCMTD:default_local_stdio_options.obj
 0001:000019b0       __local_stdio_scanf_options 00000001800029b0 f i LIBCMTD:default_local_stdio_options.obj
 0001:000019c0       __scrt_initialize_default_local_stdio_options 00000001800029c0 f   LIBCMTD:default_local_stdio_options.obj
 0001:00001a10       ??$__crt_fast_decode_pointer@PEAX@@YAPEAXQEAX@Z 0000000180002a10 f i libvcruntimed:winapi_downlevel.obj
 0001:00001a10       ??$__crt_fast_decode_pointer@PEAP6AXXZ@@YAPEAP6AXXZQEAP6AXXZ@Z 0000000180002a10 f i LIBCMTD:utility.obj
 0001:00001a10       ??$__crt_fast_decode_pointer@P6AXH@Z@@YAP6AXH@ZQ6AXH@Z@Z 0000000180002a10 f i libucrtd:signal.obj
 0001:00001a10       ??$__crt_fast_decode_pointer@P6AXXZ@@YAP6AXXZQ6AXXZ@Z 0000000180002a10 f i libvcruntimed:purevirt.obj
 0001:00001a10       ??$__crt_fast_decode_pointer@P6AH_K@Z@@YAP6AH_K@ZQ6AH0@Z@Z 0000000180002a10 f i libucrtd:new_handler.obj
 0001:00001a10       ??$__crt_fast_decode_pointer@P6AHPEAU_exception@@@Z@@YAP6AHPEAU_exception@@@ZQ6AH0@Z@Z 0000000180002a10 f i libucrtd:matherr.obj
 0001:00001a10       ??$__crt_fast_decode_pointer@P6AXPEAXK0@Z@@YAP6AXPEAXK0@ZQ6AX0K0@Z@Z 0000000180002a10 f i libucrtd:exit.obj
 0001:00001a10       ??$__crt_fast_decode_pointer@P6AXPEB_W00I_K@Z@@YAP6AXPEB_W00I_K@ZQ6AX000I1@Z@Z 0000000180002a10 f i libucrtd:invalid_parameter.obj
 0001:00001a50       ??$__crt_fast_encode_pointer@PEAP6AXXZ@@YAPEAP6AXXZQEAP6AXXZ@Z 0000000180002a50 f i LIBCMTD:utility.obj
 0001:00001a50       ??$__crt_fast_encode_pointer@PEAX@@YAPEAXQEAX@Z 0000000180002a50 f i libvcruntimed:winapi_downlevel.obj
 0001:00001a50       ??$__crt_fast_encode_pointer@P6AXH@Z@@YAP6AXH@ZQ6AXH@Z@Z 0000000180002a50 f i libucrtd:signal.obj
 0001:00001a50       ??$__crt_fast_encode_pointer@P6AXPEAXK0@Z@@YAP6AXPEAXK0@ZQ6AX0K0@Z@Z 0000000180002a50 f i libucrtd:exit.obj
 0001:00001a50       ??$__crt_fast_encode_pointer@P6AXXZ@@YAP6AXXZQ6AXXZ@Z 0000000180002a50 f i libvcruntimed:purevirt_data.obj
 0001:00001a90       ?__crt_rotate_pointer_value@@YA_K_KH@Z 0000000180002a90 f i LIBCMTD:utility.obj
 0001:00001ab0       ?configure_argv@__scrt_narrow_argv_policy@@SAHXZ 0000000180002ab0 f i LIBCMTD:utility.obj
 0001:00001ba0       ?initialize_environment@__scrt_narrow_environment_policy@@SAHXZ 0000000180002ba0 f i LIBCMTD:utility.obj
 0001:00001c40       NtCurrentTeb               0000000180002c40 f i LIBCMTD:utility.obj
 0001:00001c50       __scrt_acquire_startup_lock 0000000180002c50 f   LIBCMTD:utility.obj
 0001:00001cc0       __scrt_dllmain_after_initialize_c 0000000180002cc0 f   LIBCMTD:utility.obj
 0001:00001cf0       __scrt_dllmain_before_initialize_c 0000000180002cf0 f   LIBCMTD:utility.obj
 0001:00001d10       __scrt_dllmain_crt_thread_attach 0000000180002d10 f   LIBCMTD:utility.obj
 0001:00001d40       __scrt_dllmain_crt_thread_detach 0000000180002d40 f   LIBCMTD:utility.obj
 0001:00001d60       __scrt_dllmain_exception_filter 0000000180002d60 f   LIBCMTD:utility.obj
 0001:00001dc0       __scrt_dllmain_uninitialize_c 0000000180002dc0 f   LIBCMTD:utility.obj
 0001:00001df0       __scrt_dllmain_uninitialize_critical 0000000180002df0 f   LIBCMTD:utility.obj
 0001:00001e10       __scrt_initialize_crt      0000000180002e10 f   LIBCMTD:utility.obj
 0001:00001e60       __scrt_initialize_onexit_tables 0000000180002e60 f   LIBCMTD:utility.obj
 0001:00001f70       __scrt_is_nonwritable_in_current_image 0000000180002f70 f   LIBCMTD:utility.obj
 0001:00002000       __scrt_release_startup_lock 0000000180003000 f   LIBCMTD:utility.obj
 0001:00002030       __scrt_uninitialize_crt    0000000180003030 f   LIBCMTD:utility.obj
 0001:00002070       __scrt_get_dyn_tls_init_callback 0000000180003070 f   LIBCMTD:dyn_tls_init.obj
 0001:00002080       __crt_debugger_hook        0000000180003080 f   LIBCMTD:utility_desktop.obj
 0001:00002090       __scrt_fastfail            0000000180003090 f   LIBCMTD:utility_desktop.obj
 0001:00002230       _RTC_Initialize            0000000180003230 f   LIBCMTD:initsect.obj
 0001:00002280       _RTC_Terminate             0000000180003280 f   LIBCMTD:initsect.obj
 0001:000022d0       _guard_check_icall_nop     00000001800032d0 f i LIBCMTD:guard_support.obj
 0001:000022d0       ??1?$__crt_simd_cleanup_guard@$0A@@@QEAA@XZ 00000001800032d0 f i libucrtd:strnlen.obj
 0001:000022d0       ??1scoped_global_state_reset@__crt_state_management@@QEAA@XZ 00000001800032d0 f i libucrtd:onexit.obj
 0001:000022e0       ReadNoFence64              00000001800032e0 f i LIBCMTD:guard_support.obj
 0001:000022e0       ?__crt_interlocked_read_64@@YA_JPED_J@Z 00000001800032e0 f i libvcruntimed:std_type_info.obj
 0001:00002300       ReadPointerNoFence         0000000180003300 f i LIBCMTD:guard_support.obj
 0001:00002300       ??$__crt_interlocked_read_pointer@X@@YAPEAXPEDSEAX@Z 0000000180003300 f i libvcruntimed:winapi_downlevel.obj
 0001:00002300       ??$__crt_interlocked_read_pointer@UHINSTANCE__@@@@YAPEAUHINSTANCE__@@PEDSEAU0@@Z 0000000180003300 f i libvcruntimed:winapi_downlevel.obj
 0001:00002320       _guard_icall_checks_enforced 0000000180003320 f i LIBCMTD:guard_support.obj
 0001:00002360       __isa_available_init       0000000180003360 f   LIBCMTD:cpu_disp.obj
 0001:000026d0       _get_startup_argv_mode     00000001800036d0 f   LIBCMTD:argv_mode.obj
 0001:000026e0       __scrt_is_ucrt_dll_in_use  00000001800036e0 f   LIBCMTD:ucrt_detection.obj
 0001:00002710       IsProcessorFeaturePresent  0000000180003710 f   kernel32:KERNEL32.dll
 0001:00002720       __C_specific_handler       0000000180003720 f   libvcruntimed:riscchandler.obj
 0001:00002b60       ??$?RD@__crt_internal_free_policy@@QEBAXQEBD@Z 0000000180003b60 f i libvcruntimed:std_type_info.obj
 0001:00002b60       ??$?RU__crt_lowio_handle_data@@@__crt_internal_free_policy@@QEBAXQEBU__crt_lowio_handle_data@@@Z 0000000180003b60 f i libucrtd:osfinfo.obj
 0001:00002b60       ??$?RE@__crt_internal_free_policy@@QEBAXQEBE@Z 0000000180003b60 f i libucrtd:argv_parsing.obj
 0001:00002b60       ??$?RU__crt_multibyte_data@@@__crt_internal_free_policy@@QEBAXQEBU__crt_multibyte_data@@@Z 0000000180003b60 f i libucrtd:mbctype.obj
 0001:00002b60       ??$?RPEAD@__crt_internal_free_policy@@QEBAXQEBQEAD@Z 0000000180003b60 f i libucrtd:argv_parsing.obj
 0001:00002b60       ??$?RU__acrt_ptd@@@__crt_internal_free_policy@@QEBAXQEBU__acrt_ptd@@@Z 0000000180003b60 f i libucrtd:per_thread_data.obj
 0001:00002b60       ??$?RPEAU__crt_stdio_stream_data@@@__crt_internal_free_policy@@QEBAXQEBQEAU__crt_stdio_stream_data@@@Z 0000000180003b60 f i libucrtd:_file.obj
 0001:00002b60       ??$?RU__vcrt_ptd@@@__crt_internal_free_policy@@QEBAXQEBU__vcrt_ptd@@@Z 0000000180003b60 f i libvcruntimed:per_thread_data.obj
 0001:00002b90       ??0?$__crt_unique_heap_ptr@PEAU__crt_stdio_stream_data@@U__crt_internal_free_policy@@@@QEAA@QEAPEAU__crt_stdio_stream_data@@@Z 0000000180003b90 f i libucrtd:_file.obj
 0001:00002b90       ??0?$__crt_unique_heap_ptr@DU__crt_public_free_policy@@@@QEAA@QEAD@Z 0000000180003b90 f i libvcruntimed:std_exception.obj
 0001:00002b90       ??0?$__crt_unique_heap_ptr@U__crt_multibyte_data@@U__crt_internal_free_policy@@@@QEAA@QEAU__crt_multibyte_data@@@Z 0000000180003b90 f i libucrtd:mbctype.obj
 0001:00002b90       ??0?$__crt_unique_heap_ptr@EU__crt_internal_free_policy@@@@QEAA@QEAE@Z 0000000180003b90 f i libucrtd:argv_parsing.obj
 0001:00002b90       ??0?$__crt_unique_handle_t@U__crt_findfile_traits@@@@QEAA@QEAX@Z 0000000180003b90 f i libucrtd:argv_wildcards.obj
 0001:00002b90       ??0?$__crt_unique_heap_ptr@U__acrt_ptd@@U__crt_internal_free_policy@@@@QEAA@QEAU__acrt_ptd@@@Z 0000000180003b90 f i libucrtd:per_thread_data.obj
 0001:00002b90       ??0?$__crt_unique_heap_ptr@U__crt_lowio_handle_data@@U__crt_internal_free_policy@@@@QEAA@QEAU__crt_lowio_handle_data@@@Z 0000000180003b90 f i libucrtd:osfinfo.obj
 0001:00002b90       ??0?$__crt_unique_handle_t@U__crt_hmodule_traits@@@@QEAA@QEAUHINSTANCE__@@@Z 0000000180003b90 f i libucrtd:exit.obj
 0001:00002b90       ??0__crt_stdio_stream@@QEAA@QEAU__crt_stdio_stream_data@@@Z 0000000180003b90 f i libucrtd:fflush.obj
 0001:00002b90       ??0?$__crt_scoped_stack_ptr_tag@_W@@QEAA@QEA_W@Z 0000000180003b90 f i libucrtd:getstringtypea.obj
 0001:00002b90       ??0?$__crt_unique_heap_ptr@PEADU__crt_internal_free_policy@@@@QEAA@QEAPEAD@Z 0000000180003b90 f i libucrtd:argv_parsing.obj
 0001:00002b90       ??0?$__crt_scoped_stack_ptr@_W@@QEAA@U?$__crt_scoped_stack_ptr_tag@_W@@@Z 0000000180003b90 f i libucrtd:getstringtypea.obj
 0001:00002b90       ??0?$string_output_adapter@_W@__crt_stdio_output@@QEAA@QEAU?$string_output_adapter_context@_W@1@@Z 0000000180003b90 f i libucrtd:output.obj
 0001:00002b90       ??0?$string_output_adapter@D@__crt_stdio_output@@QEAA@QEAU?$string_output_adapter_context@D@1@@Z 0000000180003b90 f i libucrtd:output.obj
 0001:00002b90       ??0?$__crt_unique_heap_ptr@DU__crt_internal_free_policy@@@@QEAA@QEAD@Z 0000000180003b90 f i libvcruntimed:std_type_info.obj
 0001:00002b90       ??0__crt_stdio_stream@@QEAA@QEAU_iobuf@@@Z 0000000180003b90 f i libucrtd:output.obj
 0001:00002b90       ??0?$__crt_unique_heap_ptr@U__vcrt_ptd@@U__crt_internal_free_policy@@@@QEAA@QEAU__vcrt_ptd@@@Z 0000000180003b90 f i libvcruntimed:per_thread_data.obj
 0001:00002bb0       ??1?$__crt_unique_heap_ptr@DU__crt_internal_free_policy@@@@QEAA@XZ 0000000180003bb0 f i libvcruntimed:std_type_info.obj
 0001:00002bb0       ??1?$__crt_unique_heap_ptr@U__vcrt_ptd@@U__crt_internal_free_policy@@@@QEAA@XZ 0000000180003bb0 f i libvcruntimed:per_thread_data.obj
 0001:00002bb0       ??1?$__crt_unique_heap_ptr@EU__crt_internal_free_policy@@@@QEAA@XZ 0000000180003bb0 f i libucrtd:argv_parsing.obj
 0001:00002bb0       ??1?$__crt_unique_heap_ptr@PEADU__crt_internal_free_policy@@@@QEAA@XZ 0000000180003bb0 f i libucrtd:argv_parsing.obj
 0001:00002bb0       ??1?$__crt_unique_heap_ptr@U__acrt_ptd@@U__crt_internal_free_policy@@@@QEAA@XZ 0000000180003bb0 f i libucrtd:per_thread_data.obj
 0001:00002bb0       ??1?$__crt_unique_heap_ptr@PEAU__crt_stdio_stream_data@@U__crt_internal_free_policy@@@@QEAA@XZ 0000000180003bb0 f i libucrtd:_file.obj
 0001:00002bb0       ??1?$__crt_unique_heap_ptr@U__crt_lowio_handle_data@@U__crt_internal_free_policy@@@@QEAA@XZ 0000000180003bb0 f i libucrtd:osfinfo.obj
 0001:00002bb0       ??1?$__crt_unique_heap_ptr@U__crt_multibyte_data@@U__crt_internal_free_policy@@@@QEAA@XZ 0000000180003bb0 f i libucrtd:mbctype.obj
 0001:00002bd0       ??B?$__crt_unique_heap_ptr@U__vcrt_ptd@@U__crt_internal_free_policy@@@@QEBA_NXZ 0000000180003bd0 f i libvcruntimed:per_thread_data.obj
 0001:00002bd0       ??B?$__crt_unique_heap_ptr@DU__crt_internal_free_policy@@@@QEBA_NXZ 0000000180003bd0 f i libvcruntimed:std_type_info.obj
 0001:00002bd0       ??B?$__crt_unique_heap_ptr@U__crt_multibyte_data@@U__crt_internal_free_policy@@@@QEBA_NXZ 0000000180003bd0 f i libucrtd:mbctype.obj
 0001:00002bd0       ??B?$__crt_unique_heap_ptr@U__acrt_ptd@@U__crt_internal_free_policy@@@@QEBA_NXZ 0000000180003bd0 f i libucrtd:per_thread_data.obj
 0001:00002bd0       ??B?$__crt_unique_heap_ptr@U__crt_lowio_handle_data@@U__crt_internal_free_policy@@@@QEBA_NXZ 0000000180003bd0 f i libucrtd:osfinfo.obj
 0001:00002bd0       ??B?$__crt_unique_heap_ptr@EU__crt_internal_free_policy@@@@QEBA_NXZ 0000000180003bd0 f i libucrtd:argv_parsing.obj
 0001:00002bd0       ??B?$__crt_unique_heap_ptr@DU__crt_public_free_policy@@@@QEBA_NXZ 0000000180003bd0 f i libvcruntimed:std_exception.obj
 0001:00002bf0       ?get@?$__crt_unique_handle_t@U__crt_findfile_traits@@@@QEBAPEAXXZ 0000000180003bf0 f i libucrtd:argv_wildcards.obj
 0001:00002bf0       ?get@?$__crt_unique_heap_ptr@U__acrt_ptd@@U__crt_internal_free_policy@@@@QEBAPEAU__acrt_ptd@@XZ 0000000180003bf0 f i libucrtd:per_thread_data.obj
 0001:00002bf0       ?get@?$__crt_unique_handle_t@U__crt_hmodule_traits@@@@QEBAPEAUHINSTANCE__@@XZ 0000000180003bf0 f i libucrtd:exit.obj
 0001:00002bf0       ?get@?$__crt_unique_heap_ptr@EU__crt_internal_free_policy@@@@QEBAPEAEXZ 0000000180003bf0 f i libucrtd:argv_parsing.obj
 0001:00002bf0       ?get@?$__crt_unique_heap_ptr@U__crt_multibyte_data@@U__crt_internal_free_policy@@@@QEBAPEAU__crt_multibyte_data@@XZ 0000000180003bf0 f i libucrtd:mbctype.obj
 0001:00002bf0       ?get@?$__crt_unique_heap_ptr@DU__crt_internal_free_policy@@@@QEBAPEADXZ 0000000180003bf0 f i libvcruntimed:std_type_info.obj
 0001:00002bf0       ??C__crt_stdio_stream@@QEBAPEAU__crt_stdio_stream_data@@XZ 0000000180003bf0 f i libucrtd:output.obj
 0001:00002bf0       ?get@?$__crt_unique_heap_ptr@PEADU__crt_internal_free_policy@@@@QEBAPEAPEADXZ 0000000180003bf0 f i libucrtd:argv_parsing.obj
 0001:00002bf0       ?get@?$__crt_unique_heap_ptr@DU__crt_public_free_policy@@@@QEBAPEADXZ 0000000180003bf0 f i libvcruntimed:std_exception.obj
 0001:00002bf0       ?public_stream@__crt_stdio_stream@@QEBAPEAU_iobuf@@XZ 0000000180003bf0 f i libucrtd:output.obj
 0001:00002bf0       ?get@?$__crt_unique_heap_ptr@U__crt_lowio_handle_data@@U__crt_internal_free_policy@@@@QEBAPEAU__crt_lowio_handle_data@@XZ 0000000180003bf0 f i libucrtd:osfinfo.obj
 0001:00002bf0       ?save_state@?$c_string_character_source@D@__crt_strtox@@QEBAPEBDXZ 0000000180003bf0 f i libucrtd:atox.obj
 0001:00002bf0       ?get@?$__crt_unique_heap_ptr@U__vcrt_ptd@@U__crt_internal_free_policy@@@@QEBAPEAU__vcrt_ptd@@XZ 0000000180003bf0 f i libvcruntimed:per_thread_data.obj
 0001:00002bf0       ?get@?$__crt_scoped_stack_ptr@_W@@QEBAPEA_WXZ 0000000180003bf0 f i libucrtd:getstringtypea.obj
 0001:00002bf0       ?save_state@?$c_string_character_source@_W@__crt_strtox@@QEBAPEB_WXZ 0000000180003bf0 f i libucrtd:atox.obj
 0001:00002bf0       ?getFuncInfo@TryBlockMap@__FrameHandler3@@QEAAPEBU_s_FuncInfo@@XZ 0000000180003bf0 f i libvcruntimed:risctrnsctrl.obj
 0001:00002c00       ?is_valid@?$__crt_unique_heap_ptr@DU__crt_internal_free_policy@@@@QEBA_NXZ 0000000180003c00 f i libvcruntimed:std_type_info.obj
 0001:00002c00       ?is_valid@?$__crt_unique_heap_ptr@U__acrt_ptd@@U__crt_internal_free_policy@@@@QEBA_NXZ 0000000180003c00 f i libucrtd:per_thread_data.obj
 0001:00002c00       ?is_valid@?$__crt_unique_heap_ptr@U__crt_lowio_handle_data@@U__crt_internal_free_policy@@@@QEBA_NXZ 0000000180003c00 f i libucrtd:osfinfo.obj
 0001:00002c00       ??B?$__crt_scoped_stack_ptr@_W@@QEBA_NXZ 0000000180003c00 f i libucrtd:lcmapstringa.obj
 0001:00002c00       ?is_valid@?$__crt_unique_heap_ptr@EU__crt_internal_free_policy@@@@QEBA_NXZ 0000000180003c00 f i libucrtd:argv_parsing.obj
 0001:00002c00       ?valid@__crt_stdio_stream@@QEBA_NXZ 0000000180003c00 f i libucrtd:output.obj
 0001:00002c00       ?is_valid@?$__crt_unique_heap_ptr@U__crt_multibyte_data@@U__crt_internal_free_policy@@@@QEBA_NXZ 0000000180003c00 f i libucrtd:mbctype.obj
 0001:00002c00       ?is_valid@?$__crt_unique_heap_ptr@DU__crt_public_free_policy@@@@QEBA_NXZ 0000000180003c00 f i libvcruntimed:std_exception.obj
 0001:00002c00       ?is_valid@?$__crt_unique_heap_ptr@U__vcrt_ptd@@U__crt_internal_free_policy@@@@QEBA_NXZ 0000000180003c00 f i libvcruntimed:per_thread_data.obj
 0001:00002c30       ?release@?$__crt_unique_heap_ptr@U__crt_lowio_handle_data@@U__crt_internal_free_policy@@@@QEAAXXZ 0000000180003c30 f i libucrtd:osfinfo.obj
 0001:00002c30       ?release@?$__crt_unique_heap_ptr@PEADU__crt_internal_free_policy@@@@QEAAXXZ 0000000180003c30 f i libucrtd:argv_parsing.obj
 0001:00002c30       ?release@?$__crt_unique_heap_ptr@EU__crt_internal_free_policy@@@@QEAAXXZ 0000000180003c30 f i libucrtd:argv_parsing.obj
 0001:00002c30       ?release@?$__crt_unique_heap_ptr@PEAU__crt_stdio_stream_data@@U__crt_internal_free_policy@@@@QEAAXXZ 0000000180003c30 f i libucrtd:_file.obj
 0001:00002c30       ?release@?$__crt_unique_heap_ptr@U__vcrt_ptd@@U__crt_internal_free_policy@@@@QEAAXXZ 0000000180003c30 f i libvcruntimed:per_thread_data.obj
 0001:00002c30       ?release@?$__crt_unique_heap_ptr@DU__crt_internal_free_policy@@@@QEAAXXZ 0000000180003c30 f i libvcruntimed:std_type_info.obj
 0001:00002c30       ?release@?$__crt_unique_heap_ptr@U__acrt_ptd@@U__crt_internal_free_policy@@@@QEAAXXZ 0000000180003c30 f i libucrtd:per_thread_data.obj
 0001:00002c30       ?release@?$__crt_unique_heap_ptr@U__crt_multibyte_data@@U__crt_internal_free_policy@@@@QEAAXXZ 0000000180003c30 f i libucrtd:mbctype.obj
 0001:00002c60       __std_type_info_compare    0000000180003c60 f   libvcruntimed:std_type_info.obj
 0001:00002ca0       __std_type_info_destroy_list 0000000180003ca0 f   libvcruntimed:std_type_info.obj
 0001:00002d00       __vcrt_initialize          0000000180003d00 f   libvcruntimed:initialization.obj
 0001:00002d40       __vcrt_thread_attach       0000000180003d40 f   libvcruntimed:initialization.obj
 0001:00002d60       __vcrt_thread_detach       0000000180003d60 f   libvcruntimed:initialization.obj
 0001:00002d80       __vcrt_uninitialize        0000000180003d80 f   libvcruntimed:initialization.obj
 0001:00002db0       __vcrt_uninitialize_critical 0000000180003db0 f   libvcruntimed:initialization.obj
 0001:00002dc0       ??$__vcrt_va_start_verify_argument_type@QEB_W@@YAXXZ 0000000180003dc0 f   libucrtd:dbgrpt.obj
 0001:00002dc0       ??$__vcrt_va_start_verify_argument_type@QEBD@@YAXXZ 0000000180003dc0 f   libucrtd:debug_heap.obj
 0001:00002de0       _NLG_Notify                0000000180003de0 f   libvcruntimed:notify.obj
 0001:00002e00       __NLG_Dispatch2            0000000180003e00 f   libvcruntimed:notify.obj
 0001:00002e10       __NLG_Return2              0000000180003e10 f   libvcruntimed:notify.obj
 0001:00002e20       __except_validate_context_record 0000000180003e20 f   libvcruntimed:jbcxrval.obj
 0001:00002e80       __DestructExceptionObject  0000000180003e80 f   libvcruntimed:ehhelpers.obj
 0001:00002f80       ?_CallMemberFunction0@@YAXQEAX0@Z 0000000180003f80 f i libvcruntimed:ehhelpers.obj
 0001:00002fb0       _IsExceptionObjectToBeDestroyed 0000000180003fb0 f   libvcruntimed:ehhelpers.obj
 0001:00003000       __AdjustPointer            0000000180004000 f   libvcruntimed:ehhelpers.obj
 0001:00003080       __FrameUnwindFilter        0000000180004080 f   libvcruntimed:ehhelpers.obj
 0001:00003110       _vsprintf_s_l              0000000180004110 f i libvcruntimed:undname.obj
 0001:00003180       sprintf_s                  0000000180004180 f i libvcruntimed:undname.obj
 0001:00003220       ?detach@?$__crt_unique_heap_ptr@U__crt_lowio_handle_data@@U__crt_internal_free_policy@@@@QEAAPEAU__crt_lowio_handle_data@@XZ 0000000180004220 f i libucrtd:osfinfo.obj
 0001:00003220       ?detach@?$__crt_unique_heap_ptr@U__vcrt_ptd@@U__crt_internal_free_policy@@@@QEAAPEAU__vcrt_ptd@@XZ 0000000180004220 f i libvcruntimed:per_thread_data.obj
 0001:00003220       ?detach@?$__crt_unique_heap_ptr@EU__crt_internal_free_policy@@@@QEAAPEAEXZ 0000000180004220 f i libucrtd:argv_parsing.obj
 0001:00003220       ?detach@?$__crt_unique_heap_ptr@PEAU__crt_stdio_stream_data@@U__crt_internal_free_policy@@@@QEAAPEAPEAU__crt_stdio_stream_data@@XZ 0000000180004220 f i libucrtd:_file.obj
 0001:00003220       ?detach@?$__crt_unique_heap_ptr@DU__crt_public_free_policy@@@@QEAAPEADXZ 0000000180004220 f i libvcruntimed:std_exception.obj
 0001:00003220       ?detach@?$__crt_unique_heap_ptr@PEADU__crt_internal_free_policy@@@@QEAAPEAPEADXZ 0000000180004220 f i libucrtd:argv_parsing.obj
 0001:00003220       ?detach@?$__crt_unique_heap_ptr@U__acrt_ptd@@U__crt_internal_free_policy@@@@QEAAPEAU__acrt_ptd@@XZ 0000000180004220 f i libucrtd:per_thread_data.obj
 0001:00003220       ?detach@?$__crt_unique_heap_ptr@U__crt_multibyte_data@@U__crt_internal_free_policy@@@@QEAAPEAU__crt_multibyte_data@@XZ 0000000180004220 f i libucrtd:mbctype.obj
 0001:000032a0       __vcrt_freefls             00000001800042a0 f   libvcruntimed:per_thread_data.obj
 0001:000032e0       __vcrt_freeptd             00000001800042e0 f   libvcruntimed:per_thread_data.obj
 0001:00003340       __vcrt_getptd              0000000180004340 f   libvcruntimed:per_thread_data.obj
 0001:00003370       __vcrt_getptd_noexit       0000000180004370 f   libvcruntimed:per_thread_data.obj
 0001:00003510       __vcrt_initialize_ptd      0000000180004510 f   libvcruntimed:per_thread_data.obj
 0001:00003560       __vcrt_uninitialize_ptd    0000000180004560 f   libvcruntimed:per_thread_data.obj
 0001:00003590       __vcrt_initialize_locks    0000000180004590 f   libvcruntimed:locks.obj
 0001:00003600       __vcrt_uninitialize_locks  0000000180004600 f   libvcruntimed:locks.obj
 0001:00003660       ??$?BP6AXXZ@__crt_fast_encoded_nullptr_t@@QEBAPEAP6AXXZXZ 0000000180004660 f i libucrtd:onexit.obj
 0001:00003660       ??$?B$$A6AXPEAXK0@Z@__crt_fast_encoded_nullptr_t@@QEBAP6AXPEAXK0@ZXZ 0000000180004660 f i libucrtd:exit.obj
 0001:00003660       ??$?B$$A6AXXZ@__crt_fast_encoded_nullptr_t@@QEBAP6AXXZXZ 0000000180004660 f i libvcruntimed:purevirt_data.obj
 0001:00003660       ??$?BX@__crt_fast_encoded_nullptr_t@@QEBAPEAXXZ 0000000180004660 f i libvcruntimed:winapi_downlevel.obj
 0001:00003660       ??$?B$$A6AXH@Z@__crt_fast_encoded_nullptr_t@@QEBAP6AXH@ZXZ 0000000180004660 f i libucrtd:signal.obj
 0001:00003680       ??$__crt_interlocked_exchange_pointer@UHINSTANCE__@@PEAU1@@@YAPEAUHINSTANCE__@@PEDSEAU0@QEAU0@@Z 0000000180004680 f i libvcruntimed:winapi_downlevel.obj
 0001:00003680       ??$__crt_interlocked_exchange_pointer@XPEAX@@YAPEAXPEDSEAXQEAX@Z 0000000180004680 f i libvcruntimed:winapi_downlevel.obj
 0001:00003680       ??$__crt_interlocked_exchange_pointer@UHINSTANCE__@@PEAX@@YAPEAUHINSTANCE__@@PEDSEAU0@QEAX@Z 0000000180004680 f i libvcruntimed:winapi_downlevel.obj
 0001:000036a0       ?__crt_fast_encode_pointer@@YA?AU__crt_fast_encoded_nullptr_t@@$$T@Z 00000001800046a0 f i libvcruntimed:winapi_downlevel.obj
 0001:000036c0       ?get_invalid_value@__crt_findfile_traits@@SAPEAXXZ 00000001800046c0 f   libucrtd:argv_wildcards.obj
 0001:00003c00       __vcrt_FlsAlloc            0000000180004c00 f   libvcruntimed:winapi_downlevel.obj
 0001:00003c50       __vcrt_FlsFree             0000000180004c50 f   libvcruntimed:winapi_downlevel.obj
 0001:00003ca0       __vcrt_FlsGetValue         0000000180004ca0 f   libvcruntimed:winapi_downlevel.obj
 0001:00003cf0       __vcrt_FlsSetValue         0000000180004cf0 f   libvcruntimed:winapi_downlevel.obj
 0001:00003d50       __vcrt_InitializeCriticalSectionEx 0000000180004d50 f   libvcruntimed:winapi_downlevel.obj
 0001:00003db0       __vcrt_initialize_winapi_thunks 0000000180004db0 f   libvcruntimed:winapi_downlevel.obj
 0001:00003e30       __vcrt_uninitialize_winapi_thunks 0000000180004e30 f   libvcruntimed:winapi_downlevel.obj
 0001:00003ed0       __vcrt_initialize_pure_virtual_call_handler 0000000180004ed0 f   libvcruntimed:purevirt_data.obj
 0001:00003f10       memcpy_repmovs             0000000180004f10 f   libvcruntimed:memcpy.obj
 0001:00003f30       memmove                    0000000180004f30 f   libvcruntimed:memcpy.obj
 0001:00003f30       memcpy                     0000000180004f30 f   libvcruntimed:memcpy.obj
 0001:00004370       ??$?0AEAViterator@TryBlockMap@__FrameHandler3@@AEAV012@$0A@@?$pair@Viterator@TryBlockMap@__FrameHandler3@@V123@@std@@QEAA@AEAViterator@TryBlockMap@__FrameHandler3@@0@Z 0000000180005370 f i libvcruntimed:risctrnsctrl.obj
 0001:00004480       ??$_CallSETranslator@V__FrameHandler3@@@@YAHPEAUEHExceptionRecord@@PEA_KPEAU_CONTEXT@@PEAU_xDISPATCHER_CONTEXT@@PEBU_s_FuncInfo@@K1@Z 0000000180005480 f i libvcruntimed:risctrnsctrl.obj
 0001:00004500       ?dangerous_get_state_array@?$dual_state_global@PEAU__crt_multibyte_data@@@__crt_state_management@@QEAAPEAPEAU__crt_multibyte_data@@XZ 0000000180005500 f i libucrtd:mbctype.obj
 0001:00004500       ?debug_info@?$__crt_win32_buffer@DU__crt_win32_buffer_no_resizing@@@@QEBAAEBV__crt_win32_buffer_empty_debug_info@@XZ 0000000180005500 f i libucrtd:getmodulefilenamea.obj
 0001:00004500       ?dangerous_get_state_array@?$dual_state_global@P6AXPEB_W00I_K@Z@__crt_state_management@@QEAAPEAP6AXPEB_W00I_K@ZXZ 0000000180005500 f i libucrtd:invalid_parameter.obj
 0001:00004500       ?debug_info@?$__crt_win32_buffer@_WU__crt_win32_buffer_internal_dynamic_resizing@@@@QEBAAEBV__crt_win32_buffer_empty_debug_info@@XZ 0000000180005500 f i libucrtd:argv_wildcards.obj
 0001:00004500       ?debug_info@?$__crt_win32_buffer@DU__crt_win32_buffer_internal_dynamic_resizing@@@@QEBAAEBV__crt_win32_buffer_empty_debug_info@@XZ 0000000180005500 f i libucrtd:argv_wildcards.obj
 0001:00004500       ?get_address_of@?$__crt_unique_heap_ptr@PEADU__crt_internal_free_policy@@@@QEAAPEAPEAPEADXZ 0000000180005500 f i libucrtd:argv_parsing.obj
 0001:00004500       ?dangerous_get_state_array@?$dual_state_global@PEAU__crt_locale_data@@@__crt_state_management@@QEAAPEAPEAU__crt_locale_data@@XZ 0000000180005500 f i libucrtd:per_thread_data.obj
 0001:00004500       ?get_address_of@?$__crt_unique_handle_t@U__crt_hmodule_traits@@@@QEAAPEAPEAUHINSTANCE__@@XZ 0000000180005500 f i libucrtd:exit.obj
 0001:00004500       ??$forward@AEAViterator@TryBlockMap@__FrameHandler3@@@std@@YAAEAViterator@TryBlockMap@__FrameHandler3@@AEAV123@@Z 0000000180005500 f i libvcruntimed:risctrnsctrl.obj
 0001:00004500       ?dangerous_get_state_array@?$dual_state_global@PEAE@__crt_state_management@@QEAAPEAPEAEXZ 0000000180005500 f i libucrtd:mbctype.obj
 0001:00004510       ??0iterator@HandlerMap@__FrameHandler3@@QEAA@AEAV12@I@Z 0000000180005510 f i libvcruntimed:frame.obj
 0001:00004510       ??0iterator@TryBlockMap@__FrameHandler3@@QEAA@AEAV12@I@Z 0000000180005510 f i libvcruntimed:risctrnsctrl.obj
 0001:00004540       ?CatchTryBlock@__FrameHandler3@@SAPEBU_s_TryBlockMapEntry@@PEBU_s_FuncInfo@@H@Z 0000000180005540 f   libvcruntimed:risctrnsctrl.obj
 0001:000045e0       ?ExecutionInCatch@__FrameHandler3@@SA_NPEAU_xDISPATCHER_CONTEXT@@PEBU_s_FuncInfo@@@Z 00000001800055e0 f   libvcruntimed:risctrnsctrl.obj
 0001:00004630       ?FrameUnwindToEmptyState@__FrameHandler3@@SAXPEA_KPEAU_xDISPATCHER_CONTEXT@@PEBU_s_FuncInfo@@@Z 0000000180005630 f   libvcruntimed:risctrnsctrl.obj
 0001:000046d0       ?GetEstablisherFrame@__FrameHandler3@@SAPEA_KPEA_KPEAU_xDISPATCHER_CONTEXT@@PEBU_s_FuncInfo@@0@Z 00000001800056d0 f   libvcruntimed:risctrnsctrl.obj
 0001:00004840       ?GetRangeOfTrysToCheck@__FrameHandler3@@SA?AU?$pair@Viterator@TryBlockMap@__FrameHandler3@@V123@@std@@AEAVTryBlockMap@1@HH@Z 0000000180005840 f   libvcruntimed:risctrnsctrl.obj
 0001:00004a90       ?UnwindNestedFrames@__FrameHandler3@@SAXPEA_KPEAUEHExceptionRecord@@PEAU_CONTEXT@@0PEAXPEBU_s_FuncInfo@@HHPEBU_s_HandlerType@@PEAU_xDISPATCHER_CONTEXT@@E@Z 0000000180005a90 f   libvcruntimed:risctrnsctrl.obj
 0001:00004c00       ?getpDC@TryBlockMap@__FrameHandler3@@QEAAPEAU_xDISPATCHER_CONTEXT@@XZ 0000000180005c00 f i libvcruntimed:risctrnsctrl.obj
 0001:00004c10       _CreateFrameInfo           0000000180005c10 f   libvcruntimed:risctrnsctrl.obj
 0001:00004c80       _FindAndUnlinkFrame        0000000180005c80 f   libvcruntimed:risctrnsctrl.obj
 0001:00004d00       _GetImageBase              0000000180005d00 f   libvcruntimed:risctrnsctrl.obj
 0001:00004d20       _GetThrowImageBase         0000000180005d20 f   libvcruntimed:risctrnsctrl.obj
 0001:00004d40       _SetImageBase              0000000180005d40 f   libvcruntimed:risctrnsctrl.obj
 0001:00004d60       _SetThrowImageBase         0000000180005d60 f   libvcruntimed:risctrnsctrl.obj
 0001:00004d80       __CxxFrameHandler3         0000000180005d80 f   libvcruntimed:risctrnsctrl.obj
 0001:00004e40       ?GetCurrentState@__FrameHandler3@@SAHPEA_KPEAU_xDISPATCHER_CONTEXT@@PEBU_s_FuncInfo@@@Z 0000000180005e40 f   libvcruntimed:ehstate.obj
 0001:00004ea0       ?GetUnwindTryBlock@__FrameHandler3@@SAHPEA_KPEAU_xDISPATCHER_CONTEXT@@PEBU_s_FuncInfo@@@Z 0000000180005ea0 f   libvcruntimed:ehstate.obj
 0001:00004ef0       ?SetState@__FrameHandler3@@SAXPEA_KPEBU_s_FuncInfo@@H@Z 0000000180005ef0 f   libvcruntimed:ehstate.obj
 0001:00004f20       ?SetUnwindTryBlock@__FrameHandler3@@SAXPEA_KPEAU_xDISPATCHER_CONTEXT@@PEBU_s_FuncInfo@@H@Z 0000000180005f20 f   libvcruntimed:ehstate.obj
 0001:00004f90       ?StateFromControlPc@__FrameHandler3@@SAHPEBU_s_FuncInfo@@PEAU_xDISPATCHER_CONTEXT@@@Z 0000000180005f90 f   libvcruntimed:ehstate.obj
 0001:00004fd0       ?StateFromIp@__FrameHandler3@@SAHPEBU_s_FuncInfo@@PEAU_xDISPATCHER_CONTEXT@@_K@Z 0000000180005fd0 f   libvcruntimed:ehstate.obj
 0001:00006220       ??$TypeMatchHelper@$$CBU_s_HandlerType@@@@YAHPEBU_s_HandlerType@@PEBU_s_CatchableType@@PEBU_s_ThrowInfo@@@Z 0000000180007220 f i libvcruntimed:frame.obj
 0001:00006410       ??$__InternalCxxFrameHandler@V__FrameHandler3@@@@YA?AW4_EXCEPTION_DISPOSITION@@PEAUEHExceptionRecord@@PEA_KPEAU_CONTEXT@@PEAU_xDISPATCHER_CONTEXT@@PEBU_s_FuncInfo@@H1E@Z 0000000180007410 f i libvcruntimed:frame.obj
 0001:00006890       ??0HandlerMap@__FrameHandler3@@QEAA@PEBU_s_TryBlockMapEntry@@PEAU_xDISPATCHER_CONTEXT@@@Z 0000000180007890 f i libvcruntimed:frame.obj
 0001:000068d0       ??0TryBlockMap@__FrameHandler3@@QEAA@PEBU_s_FuncInfo@@PEAU_xDISPATCHER_CONTEXT@@@Z 00000001800078d0 f i libvcruntimed:frame.obj
 0001:00006900       ??0bad_exception@std@@QEAA@AEBV01@@Z 0000000180007900 f i libvcruntimed:frame.obj
 0001:00006940       ??0bad_exception@std@@QEAA@XZ 0000000180007940 f i libvcruntimed:frame.obj
 0001:00006980       ??0exception@std@@QEAA@AEBV01@@Z 0000000180007980 f i libvcruntimed:frame.obj
 0001:000069e0       ??0exception@std@@QEAA@QEBDH@Z 00000001800079e0 f i libvcruntimed:frame.obj
 0001:00006a30       ??1bad_exception@std@@UEAA@XZ 0000000180007a30 f i libvcruntimed:frame.obj
 0001:00006a50       ??1exception@std@@UEAA@XZ  0000000180007a50 f i libvcruntimed:frame.obj
 0001:00006a80       ??8iterator@HandlerMap@__FrameHandler3@@QEBA_NAEBV012@@Z 0000000180007a80 f i libvcruntimed:frame.obj
 0001:00006ac0       ??8type_info@@QEBA_NAEBV0@@Z 0000000180007ac0 f i libvcruntimed:frame.obj
 0001:00006b10       ??9iterator@HandlerMap@__FrameHandler3@@QEBA_NAEBV012@@Z 0000000180007b10 f i libvcruntimed:frame.obj
 0001:00006b50       ??Diterator@HandlerMap@__FrameHandler3@@QEAAPEBU_s_HandlerType@@XZ 0000000180007b50 f i libvcruntimed:frame.obj
 0001:00006b80       ??Diterator@TryBlockMap@__FrameHandler3@@QEAAPEBU_s_TryBlockMapEntry@@XZ 0000000180007b80 f i libvcruntimed:frame.obj
 0001:00006bc0       ??Eiterator@TryBlockMap@__FrameHandler3@@QEAAAEAV012@XZ 0000000180007bc0 f i libvcruntimed:frame.obj
 0001:00006bc0       ??Eiterator@HandlerMap@__FrameHandler3@@QEAAAEAV012@XZ 0000000180007bc0 f i libvcruntimed:frame.obj
 0001:00006be0       ??Miterator@TryBlockMap@__FrameHandler3@@QEBA_NAEBV012@@Z 0000000180007be0 f i libvcruntimed:frame.obj
 0001:00006c20       ??_Ebad_exception@std@@UEAAPEAXI@Z 0000000180007c20 f i libvcruntimed:frame.obj
 0001:00006c20       ??_Gbad_exception@std@@UEAAPEAXI@Z 0000000180007c20 f i libvcruntimed:frame.obj
 0001:00006c60       ??_Gexception@std@@UEAAPEAXI@Z 0000000180007c60 f i libvcruntimed:frame.obj
 0001:00006c60       ??_Eexception@std@@UEAAPEAXI@Z 0000000180007c60 f i libvcruntimed:frame.obj
 0001:00006ca0       ?BuildCatchObject@__FrameHandler3@@SAXPEAUEHExceptionRecord@@PEAXPEBU_s_HandlerType@@PEBU_s_CatchableType@@@Z 0000000180007ca0 f   libvcruntimed:frame.obj
 0001:00006ce0       ?CxxCallCatchBlock@__FrameHandler3@@SAPEAXPEAU_EXCEPTION_RECORD@@@Z 0000000180007ce0 f   libvcruntimed:frame.obj
 0001:00007040       ?FrameUnwindToState@__FrameHandler3@@SAXPEA_KPEAU_xDISPATCHER_CONTEXT@@PEBU_s_FuncInfo@@H@Z 0000000180008040 f   libvcruntimed:frame.obj
 0001:000072d0       ?GetHandlerSearchState@__FrameHandler3@@SAHPEA_KPEAU_xDISPATCHER_CONTEXT@@PEBU_s_FuncInfo@@@Z 00000001800082d0 f i libvcruntimed:frame.obj
 0001:00007380       ?GetMaxState@__FrameHandler3@@SAHPEAU_xDISPATCHER_CONTEXT@@PEBU_s_FuncInfo@@@Z 0000000180008380 f i libvcruntimed:frame.obj
 0001:000075b0       ?TypeMatch@__FrameHandler3@@SAHPEBU_s_HandlerType@@PEBU_s_CatchableType@@PEBU_s_ThrowInfo@@@Z 00000001800085b0 f   libvcruntimed:frame.obj
 0001:000075b0       __TypeMatch                00000001800085b0 f   libvcruntimed:frame.obj
 0001:000075e0       ?_CallMemberFunction1@@YAXQEAX00@Z 00000001800085e0 f i libvcruntimed:frame.obj
 0001:00007610       ?_CallMemberFunction2@@YAXQEAX00H@Z 0000000180008610 f i libvcruntimed:frame.obj
 0001:00007650       ?_ValidateExecute@@YA_NP6A_JXZ@Z 0000000180008650 f i libvcruntimed:frame.obj
 0001:00007670       ?_ValidateRead@@YA_NPEBXI@Z 0000000180008670 f i libvcruntimed:frame.obj
 0001:00007670       ?_ValidateWrite@@YA_NPEAXI@Z 0000000180008670 f i libvcruntimed:frame.obj
 0001:000076d0       ?begin@HandlerMap@__FrameHandler3@@QEAA?AViterator@12@XZ 00000001800086d0 f i libvcruntimed:frame.obj
 0001:00007700       ?end@HandlerMap@__FrameHandler3@@QEAA?AViterator@12@XZ 0000000180008700 f i libvcruntimed:frame.obj
 0001:00007730       ?getESTypes@__FrameHandler3@@SAPEBU_s_ESTypeList@@PEBU_s_FuncInfo@@@Z 0000000180008730 f i libvcruntimed:frame.obj
 0001:00007770       ?getLastEntry@HandlerMap@__FrameHandler3@@QEAAPEBU_s_HandlerType@@XZ 0000000180008770 f i libvcruntimed:frame.obj
 0001:00007790       ?getMagicNum@__FrameHandler3@@SAIPEBU_s_FuncInfo@@@Z 0000000180008790 f i libvcruntimed:frame.obj
 0001:000077b0       ?getNumTryBlocks@TryBlockMap@__FrameHandler3@@QEAAIXZ 00000001800087b0 f i libvcruntimed:frame.obj
 0001:000077d0       ?isEHs@__FrameHandler3@@SA_NPEBU_s_FuncInfo@@@Z 00000001800087d0 f i libvcruntimed:frame.obj
 0001:00007810       ?isNoExcept@__FrameHandler3@@SA_NPEBU_s_FuncInfo@@@Z 0000000180008810 f i libvcruntimed:frame.obj
 0001:00007850       ?what@exception@std@@UEBAPEBDXZ 0000000180008850 f i libvcruntimed:frame.obj
 0001:00007890       __vcrt_EncodePointer       0000000180008890 f i libvcruntimed:frame.obj
 0001:000078c0       memset_repmovs             00000001800088c0 f   libvcruntimed:memset.obj
 0001:000078e0       memset                     00000001800088e0 f   libvcruntimed:memset.obj
 0001:00007a80       _CallSettingFrame          0000000180008a80 f   libvcruntimed:handlers.obj
 0001:00007ad0       _CallSettingFrameEncoded   0000000180008ad0 f   libvcruntimed:handlers.obj
 0001:00007b20       ??$?RD@__crt_public_free_policy@@QEBAXQEBD@Z 0000000180008b20 f i libvcruntimed:std_exception.obj
 0001:00007b40       ??1?$__crt_unique_heap_ptr@DU__crt_public_free_policy@@@@QEAA@XZ 0000000180008b40 f i libvcruntimed:std_exception.obj
 0001:00007b60       ?release@?$__crt_unique_heap_ptr@DU__crt_public_free_policy@@@@QEAAXXZ 0000000180008b60 f i libvcruntimed:std_exception.obj
 0001:00007b90       __std_exception_copy       0000000180008b90 f   libvcruntimed:std_exception.obj
 0001:00007cc0       __std_exception_destroy    0000000180008cc0 f   libvcruntimed:std_exception.obj
 0001:00007d00       _CxxThrowException         0000000180008d00 f   libvcruntimed:throw.obj
 0001:00007e50       _initterm                  0000000180008e50 f   libucrtd:initterm.obj
 0001:00007eb0       _initterm_e                0000000180008eb0 f   libucrtd:initterm.obj
 0001:00007fa0       _seh_filter_dll            0000000180008fa0 f   libucrtd:exception_filter.obj
 0001:00007fd0       _seh_filter_exe            0000000180008fd0 f   libucrtd:exception_filter.obj
 0001:00008300       ??$__crt_get_proc_address@P6AXI@Z@@YAP6AXI@ZQEAUHINSTANCE__@@QEBD@Z 0000000180009300 f i libucrtd:exit.obj
 0001:00008330       ??$__crt_interlocked_read@J@@YAJPEDJ@Z 0000000180009330 f i libucrtd:exit.obj
 0001:000083c0       ??1?$__crt_unique_handle_t@U__crt_hmodule_traits@@@@QEAA@XZ 00000001800093c0 f i libucrtd:exit.obj
 0001:00008520       ?__acrt_select_exit_lock@@YA?AW4__acrt_lock_id@@XZ 0000000180009520 f i libucrtd:exit.obj
 0001:00008530       ?__crt_interlocked_read_32@@YAHPEDH@Z 0000000180009530 f i libucrtd:exit.obj
 0001:00008570       ?close@?$__crt_unique_handle_t@U__crt_hmodule_traits@@@@QEAAXXZ 0000000180009570 f i libucrtd:exit.obj
 0001:000085b0       ?close@__crt_hmodule_traits@@SA_NPEAUHINSTANCE__@@@Z 00000001800095b0 f i libucrtd:exit.obj
 0001:000086c0       ?get_current_state_index@__crt_state_management@@YA_KXZ 00000001800096c0 f i libucrtd:environment_initialization.obj
 0001:000086c0       ?get_invalid_value@__crt_hmodule_traits@@SAPEAUHINSTANCE__@@XZ 00000001800096c0 f i libucrtd:exit.obj
 0001:00008880       __acrt_initialize_thread_local_exit_callback 0000000180009880 f   libucrtd:exit.obj
 0001:000088a0       _cexit                     00000001800098a0 f   libucrtd:exit.obj
 0001:000088c0       _exit                      00000001800098c0 f   libucrtd:exit.obj
 0001:000088e0       _is_c_termination_complete 00000001800098e0 f   libucrtd:exit.obj
 0001:00008c90       ??$get_module_file_name@AEAPEAUHINSTANCE__@@AEAY0BAF@DK@?$__crt_char_traits@D@@SAKAEAPEAUHINSTANCE__@@AEAY0BAF@D$$QEAK@Z 0000000180009c90 f i libucrtd:dbgrpt.obj
 0001:00008c90       ??$get_module_file_name@$$TAEAY0BAF@DH@?$__crt_char_traits@D@@SAK$$QEA$$TAEAY0BAF@D$$QEAH@Z 0000000180009c90 f i libucrtd:argv_parsing.obj
 0001:00009160       ??$set_program_name@PEAD@?$__crt_char_traits@D@@SAX$$QEAPEAD@Z 000000018000a160 f i libucrtd:argv_parsing.obj
 0001:00009290       __acrt_allocate_buffer_for_argv 000000018000a290 f   libucrtd:argv_parsing.obj
 0001:000093b0       _configure_narrow_argv     000000018000a3b0 f   libucrtd:argv_parsing.obj
 0001:000093d0       _set_pgmptr                000000018000a3d0 f i libucrtd:argv_parsing.obj
 0001:00009600       ??$tcslen@AEAPEAD@?$__crt_char_traits@D@@SA_KAEAPEAD@Z 000000018000a600 f i libucrtd:environment_initialization.obj
 0001:0000964c       ??B?$__crt_unique_heap_ptr@PEADU__crt_internal_free_policy@@@@QEBA_NXZ 000000018000a64c f i libucrtd:environment_initialization.obj
 0001:00009654       ?detach@?$__crt_unique_heap_ptr@DU__crt_internal_free_policy@@@@QEAAPEADXZ 000000018000a654 f i libucrtd:environment_initialization.obj
 0001:0000965c       __dcrt_uninitialize_environments_nolock 000000018000a65c f   libucrtd:environment_initialization.obj
 0001:00009694       _initialize_narrow_environment 000000018000a694 f   libucrtd:environment_initialization.obj
 0001:0000969c       _invoke_watson_if_error    000000018000a69c f i libucrtd:environment_initialization.obj
 0001:000099a0       _execute_onexit_table      000000018000a9a0 f   libucrtd:onexit.obj
 0001:000099e0       _initialize_onexit_table   000000018000a9e0 f   libucrtd:onexit.obj
 0001:00009ab0       __acrt_uninitialize_command_line 000000018000aab0 f   libucrtd:argv_data.obj
 0001:00009d20       ?initialize@?$dual_state_global@PEAU__crt_locale_data@@@__crt_state_management@@QEAAXQEAU__crt_locale_data@@@Z 000000018000ad20 f i libucrtd:initialization.obj
 0001:00009d20       ?initialize@?$dual_state_global@P6AXH@Z@__crt_state_management@@QEAAXQ6AXH@Z@Z 000000018000ad20 f i libucrtd:signal.obj
 0001:00009d20       ?initialize@?$dual_state_global@P6AHPEAU_exception@@@Z@__crt_state_management@@QEAAXQ6AHPEAU_exception@@@Z@Z 000000018000ad20 f i libucrtd:matherr.obj
 0001:00009d20       ?initialize@?$dual_state_global@P6AH_K@Z@__crt_state_management@@QEAAXQ6AH_K@Z@Z 000000018000ad20 f i libucrtd:new_handler.obj
 0001:00009d20       ?initialize@?$dual_state_global@PEAU__crt_multibyte_data@@@__crt_state_management@@QEAAXQEAU__crt_multibyte_data@@@Z 000000018000ad20 f i libucrtd:mbctype.obj
 0001:00009d70       __acrt_initialize          000000018000ad70 f   libucrtd:initialization.obj
 0001:00009da0       __acrt_thread_attach       000000018000ada0 f   libucrtd:initialization.obj
 0001:00009dc0       __acrt_thread_detach       000000018000adc0 f   libucrtd:initialization.obj
 0001:00009dd0       __acrt_uninitialize        000000018000add0 f   libucrtd:initialization.obj
 0001:00009e00       __acrt_uninitialize_critical 000000018000ae00 f   libucrtd:initialization.obj
 0001:00009e20       terminate                  000000018000ae20 f   libucrtd:terminate.obj
 0001:00009e60       ??0_LocaleUpdate@@QEAA@QEAU__crt_locale_pointers@@@Z 000000018000ae60 f i libucrtd:debug_heap.obj
 0001:00009f80       ??1_LocaleUpdate@@QEAA@XZ  000000018000af80 f i libucrtd:debug_heap.obj
 0001:00009fc0       ?GetLocaleT@_LocaleUpdate@@QEAAPEAU__crt_locale_pointers@@XZ 000000018000afc0 f i libucrtd:debug_heap.obj
 0001:0000bf90       _CrtCheckMemory            000000018000cf90 f   libucrtd:debug_heap.obj
 0001:0000c120       _CrtDumpMemoryLeaks        000000018000d120 f   libucrtd:debug_heap.obj
 0001:0000c1e0       _CrtIsValidHeapPointer     000000018000d1e0 f   libucrtd:debug_heap.obj
 0001:0000c220       _CrtIsValidPointer         000000018000d220 f   libucrtd:debug_heap.obj
 0001:0000c260       _CrtMemCheckpoint          000000018000d260 f   libucrtd:debug_heap.obj
 0001:0000c4e0       _CrtMemDumpAllObjectsSince 000000018000d4e0 f   libucrtd:debug_heap.obj
 0001:0000c540       _CrtSetDbgFlag             000000018000d540 f   libucrtd:debug_heap.obj
 0001:0000c6a0       _CrtSetDumpClient          000000018000d6a0 f   libucrtd:debug_heap.obj
 0001:0000c6d0       __acrt_get_locale_data_prefix 000000018000d6d0 f i libucrtd:debug_heap.obj
 0001:0000c6f0       __acrt_locale_changed      000000018000d6f0 f i libucrtd:debug_heap.obj
 0001:0000c720       _calloc_dbg                000000018000d720 f   libucrtd:debug_heap.obj
 0001:0000c7c0       _chvalidchk_l              000000018000d7c0 f i libucrtd:debug_heap.obj
 0001:0000c7f0       _free_dbg                  000000018000d7f0 f   libucrtd:debug_heap.obj
 0001:0000c860       _invoke_watson_if_oneof    000000018000d860 f i libucrtd:debug_heap.obj
 0001:0000c8c0       _ischartype_l              000000018000d8c0 f i libucrtd:debug_heap.obj
 0001:0000c920       _malloc_dbg                000000018000d920 f   libucrtd:debug_heap.obj
 0001:0000c960       _msize_dbg                 000000018000d960 f   libucrtd:debug_heap.obj
 0001:0000cb00       _realloc_dbg               000000018000db00 f   libucrtd:debug_heap.obj
 0001:0000cb70       _recalloc_dbg              000000018000db70 f   libucrtd:debug_heap.obj
 0001:0000d140       strcpy_s                   000000018000e140 f   libucrtd:strcpy_s.obj
 0001:0000d180       strcmp                     000000018000e180 f   libucrtd:strcmp.obj
 0001:0000d200       strlen                     000000018000e200 f   libucrtd:strlen.obj
 0001:0000d2b0       ??$?0AEBV?$string_output_adapter@D@__crt_stdio_output@@AEB_KAEBQEBDAEBQEAU__crt_locale_pointers@@AEBQEAD@?$format_validation_base@DV?$string_output_adapter@D@__crt_stdio_output@@@__crt_stdio_output@@IEAA@AEBV?$string_output_adapter@D@1@AEB_KAEBQEBDAEBQEAU__crt_locale_pointers@@AEBQEAD@Z 000000018000e2b0 f i libucrtd:output.obj
 0001:0000d300       ??$?0AEBV?$string_output_adapter@D@__crt_stdio_output@@AEB_KAEBQEBDAEBQEAU__crt_locale_pointers@@AEBQEAD@?$standard_base@DV?$string_output_adapter@D@__crt_stdio_output@@@__crt_stdio_output@@IEAA@AEBV?$string_output_adapter@D@1@AEB_KAEBQEBDAEBQEAU__crt_locale_pointers@@AEBQEAD@Z 000000018000e300 f i libucrtd:output.obj
 0001:0000d370       ??$?0AEBV?$string_output_adapter@_W@__crt_stdio_output@@AEB_KAEBQEB_WAEBQEAU__crt_locale_pointers@@AEBQEAD@?$format_validation_base@_WV?$string_output_adapter@_W@__crt_stdio_output@@@__crt_stdio_output@@IEAA@AEBV?$string_output_adapter@_W@1@AEB_KAEBQEB_WAEBQEAU__crt_locale_pointers@@AEBQEAD@Z 000000018000e370 f i libucrtd:output.obj
 0001:0000d3c0       ??$?0AEBV?$string_output_adapter@_W@__crt_stdio_output@@AEB_KAEBQEB_WAEBQEAU__crt_locale_pointers@@AEBQEAD@?$standard_base@_WV?$string_output_adapter@_W@__crt_stdio_output@@@__crt_stdio_output@@IEAA@AEBV?$string_output_adapter@_W@1@AEB_KAEBQEB_WAEBQEAU__crt_locale_pointers@@AEBQEAD@Z 000000018000e3c0 f i libucrtd:output.obj
 0001:0000ed40       ??$count@D@formatting_buffer@__crt_stdio_output@@QEBA_KXZ 000000018000fd40 f i libucrtd:output.obj
 0001:0000ed90       ??$count@_W@formatting_buffer@__crt_stdio_output@@QEBA_KXZ 000000018000fd90 f i libucrtd:output.obj
 0001:0000ede0       ??$data@D@formatting_buffer@__crt_stdio_output@@QEAAPEADXZ 000000018000fde0 f i libucrtd:output.obj
 0001:0000ede0       ??$data@_W@formatting_buffer@__crt_stdio_output@@QEAAPEA_WXZ 000000018000fde0 f i libucrtd:output.obj
 0001:0000ee30       ??$ensure_buffer_is_big_enough@D@formatting_buffer@__crt_stdio_output@@QEAA_N_K@Z 000000018000fe30 f i libucrtd:output.obj
 0001:0000ef60       ??$ensure_buffer_is_big_enough@_W@formatting_buffer@__crt_stdio_output@@QEAA_N_K@Z 000000018000ff60 f i libucrtd:output.obj
 0001:0000f090       ??$extract_argument_from_va_list@C_J@?$standard_base@DV?$string_output_adapter@D@__crt_stdio_output@@@__crt_stdio_output@@IEAA_NAEA_J@Z 0000000180010090 f i libucrtd:output.obj
 0001:0000f090       ??$extract_argument_from_va_list@C_J@?$standard_base@_WV?$string_output_adapter@_W@__crt_stdio_output@@@__crt_stdio_output@@IEAA_NAEA_J@Z 0000000180010090 f i libucrtd:output.obj
 0001:0000f0d0       ??$extract_argument_from_va_list@E_J@?$standard_base@DV?$string_output_adapter@D@__crt_stdio_output@@@__crt_stdio_output@@IEAA_NAEA_J@Z 00000001800100d0 f i libucrtd:output.obj
 0001:0000f0d0       ??$extract_argument_from_va_list@E_J@?$standard_base@_WV?$string_output_adapter@_W@__crt_stdio_output@@@__crt_stdio_output@@IEAA_NAEA_J@Z 00000001800100d0 f i libucrtd:output.obj
 0001:0000f110       ??$extract_argument_from_va_list@F_J@?$standard_base@_WV?$string_output_adapter@_W@__crt_stdio_output@@@__crt_stdio_output@@IEAA_NAEA_J@Z 0000000180010110 f i libucrtd:output.obj
 0001:0000f110       ??$extract_argument_from_va_list@F_J@?$standard_base@DV?$string_output_adapter@D@__crt_stdio_output@@@__crt_stdio_output@@IEAA_NAEA_J@Z 0000000180010110 f i libucrtd:output.obj
 0001:0000f150       ??$extract_argument_from_va_list@GD@?$standard_base@DV?$string_output_adapter@D@__crt_stdio_output@@@__crt_stdio_output@@IEAA_NAEAD@Z 0000000180010150 f i libucrtd:output.obj
 0001:0000f180       ??$extract_argument_from_va_list@G_J@?$standard_base@DV?$string_output_adapter@D@__crt_stdio_output@@@__crt_stdio_output@@IEAA_NAEA_J@Z 0000000180010180 f i libucrtd:output.obj
 0001:0000f180       ??$extract_argument_from_va_list@G_J@?$standard_base@_WV?$string_output_adapter@_W@__crt_stdio_output@@@__crt_stdio_output@@IEAA_NAEA_J@Z 0000000180010180 f i libucrtd:output.obj
 0001:0000f1c0       ??$extract_argument_from_va_list@H_J@?$standard_base@DV?$string_output_adapter@D@__crt_stdio_output@@@__crt_stdio_output@@IEAA_NAEA_J@Z 00000001800101c0 f i libucrtd:output.obj
 0001:0000f1c0       ??$extract_argument_from_va_list@H_J@?$standard_base@_WV?$string_output_adapter@_W@__crt_stdio_output@@@__crt_stdio_output@@IEAA_NAEA_J@Z 00000001800101c0 f i libucrtd:output.obj
 0001:0000f1f0       ??$extract_argument_from_va_list@I_J@?$standard_base@DV?$string_output_adapter@D@__crt_stdio_output@@@__crt_stdio_output@@IEAA_NAEA_J@Z 00000001800101f0 f i libucrtd:output.obj
 0001:0000f1f0       ??$extract_argument_from_va_list@I_J@?$standard_base@_WV?$string_output_adapter@_W@__crt_stdio_output@@@__crt_stdio_output@@IEAA_NAEA_J@Z 00000001800101f0 f i libucrtd:output.obj
 0001:0000f220       ??$extract_argument_from_va_list@PEADPEAD@?$standard_base@_WV?$string_output_adapter@_W@__crt_stdio_output@@@__crt_stdio_output@@IEAA_NAEAPEAD@Z 0000000180010220 f i libucrtd:output.obj
 0001:0000f220       ??$extract_argument_from_va_list@_K_J@?$standard_base@_WV?$string_output_adapter@_W@__crt_stdio_output@@@__crt_stdio_output@@IEAA_NAEA_J@Z 0000000180010220 f i libucrtd:output.obj
 0001:0000f220       ??$extract_argument_from_va_list@_J_J@?$standard_base@_WV?$string_output_adapter@_W@__crt_stdio_output@@@__crt_stdio_output@@IEAA_NAEA_J@Z 0000000180010220 f i libucrtd:output.obj
 0001:0000f220       ??$extract_argument_from_va_list@PEADPEAD@?$standard_base@DV?$string_output_adapter@D@__crt_stdio_output@@@__crt_stdio_output@@IEAA_NAEAPEAD@Z 0000000180010220 f i libucrtd:output.obj
 0001:0000f220       ??$extract_argument_from_va_list@_J_J@?$standard_base@DV?$string_output_adapter@D@__crt_stdio_output@@@__crt_stdio_output@@IEAA_NAEA_J@Z 0000000180010220 f i libucrtd:output.obj
 0001:0000f220       ??$extract_argument_from_va_list@_K_J@?$standard_base@DV?$string_output_adapter@D@__crt_stdio_output@@@__crt_stdio_output@@IEAA_NAEA_J@Z 0000000180010220 f i libucrtd:output.obj
 0001:0000f220       ??$extract_argument_from_va_list@PEAXPEAX@?$standard_base@_WV?$string_output_adapter@_W@__crt_stdio_output@@@__crt_stdio_output@@IEAA_NAEAPEAX@Z 0000000180010220 f i libucrtd:output.obj
 0001:0000f220       ??$extract_argument_from_va_list@PEAXPEAX@?$standard_base@DV?$string_output_adapter@D@__crt_stdio_output@@@__crt_stdio_output@@IEAA_NAEAPEAX@Z 0000000180010220 f i libucrtd:output.obj
 0001:0000f280       ??$extract_argument_from_va_list@U_CRT_DOUBLE@@U1@@?$standard_base@DV?$string_output_adapter@D@__crt_stdio_output@@@__crt_stdio_output@@IEAA_NAEAU_CRT_DOUBLE@@@Z 0000000180010280 f i libucrtd:output.obj
 0001:0000f280       ??$extract_argument_from_va_list@U_CRT_DOUBLE@@U1@@?$standard_base@_WV?$string_output_adapter@_W@__crt_stdio_output@@@__crt_stdio_output@@IEAA_NAEAU_CRT_DOUBLE@@@Z 0000000180010280 f i libucrtd:output.obj
 0001:0000f2d0       ??$extract_argument_from_va_list@_W_W@?$standard_base@_WV?$string_output_adapter@_W@__crt_stdio_output@@@__crt_stdio_output@@IEAA_NAEA_W@Z 00000001800102d0 f i libucrtd:output.obj
 0001:0000f2d0       ??$extract_argument_from_va_list@_W_W@?$standard_base@DV?$string_output_adapter@D@__crt_stdio_output@@@__crt_stdio_output@@IEAA_NAEA_W@Z 00000001800102d0 f i libucrtd:output.obj
 0001:0000f300       ??$is_wide_character_specifier@D@__crt_stdio_output@@YA_N_KDW4length_modifier@0@@Z 0000000180010300 f i libucrtd:output.obj
 0001:0000f3a0       ??$is_wide_character_specifier@_W@__crt_stdio_output@@YA_N_K_WW4length_modifier@0@@Z 00000001800103a0 f i libucrtd:output.obj
 0001:0000f470       ??$read_va_arg@C@__crt_stdio_output@@YACAEAPEAD@Z 0000000180010470 f i libucrtd:output.obj
 0001:0000f470       ??$read_va_arg@E@__crt_stdio_output@@YAEAEAPEAD@Z 0000000180010470 f i libucrtd:output.obj
 0001:0000f4e0       ??$read_va_arg@G@__crt_stdio_output@@YAGAEAPEAD@Z 00000001800104e0 f i libucrtd:output.obj
 0001:0000f4e0       ??$read_va_arg@F@__crt_stdio_output@@YAFAEAPEAD@Z 00000001800104e0 f i libucrtd:output.obj
 0001:0000f4e0       ??$read_va_arg@_W@__crt_stdio_output@@YA_WAEAPEAD@Z 00000001800104e0 f i libucrtd:output.obj
 0001:0000f550       ??$read_va_arg@H@__crt_stdio_output@@YAHAEAPEAD@Z 0000000180010550 f i libucrtd:output.obj
 0001:0000f550       ??$read_va_arg@I@__crt_stdio_output@@YAIAEAPEAD@Z 0000000180010550 f i libucrtd:output.obj
 0001:0000f5b0       ??$read_va_arg@PEAD@__crt_stdio_output@@YAPEADAEAPEAD@Z 00000001800105b0 f i libucrtd:output.obj
 0001:0000f5b0       ??$read_va_arg@_K@__crt_stdio_output@@YA_KAEAPEAD@Z 00000001800105b0 f i libucrtd:output.obj
 0001:0000f5b0       ??$read_va_arg@PEAX@__crt_stdio_output@@YAPEAXAEAPEAD@Z 00000001800105b0 f i libucrtd:output.obj
 0001:0000f5b0       ??$read_va_arg@_J@__crt_stdio_output@@YA_JAEAPEAD@Z 00000001800105b0 f i libucrtd:output.obj
 0001:0000f5b0       ??$read_va_arg@U_CRT_DOUBLE@@@__crt_stdio_output@@YA?AU_CRT_DOUBLE@@AEAPEAD@Z 00000001800105b0 f i libucrtd:output.obj
 0001:0000f690       ??$scratch_count@D@formatting_buffer@__crt_stdio_output@@QEBA_KXZ 0000000180010690 f i libucrtd:output.obj
 0001:0000f6b0       ??$scratch_data@D@formatting_buffer@__crt_stdio_output@@QEAAPEADXZ 00000001800106b0 f i libucrtd:output.obj
 0001:0000f720       ??$tcstol@PEBDPEAPEADH@?$__crt_char_traits@D@@SAJ$$QEAPEBD$$QEAPEAPEAD$$QEAH@Z 0000000180010720 f i libucrtd:output.obj
 0001:0000f760       ??$tcstol@PEB_WPEAPEA_WH@?$__crt_char_traits@_W@@SAJ$$QEAPEB_W$$QEAPEAPEA_W$$QEAH@Z 0000000180010760 f i libucrtd:output.obj
 0001:0000f7a0       ??$type_case_integer_parse_into_buffer@I@?$output_processor@DV?$string_output_adapter@D@__crt_stdio_output@@V?$format_validation_base@DV?$string_output_adapter@D@__crt_stdio_output@@@2@@__crt_stdio_output@@AEAAXII_N@Z 00000001800107a0 f i libucrtd:output.obj
 0001:0000f8d0       ??$type_case_integer_parse_into_buffer@I@?$output_processor@_WV?$string_output_adapter@_W@__crt_stdio_output@@V?$format_validation_base@_WV?$string_output_adapter@_W@__crt_stdio_output@@@2@@__crt_stdio_output@@AEAAXII_N@Z 00000001800108d0 f i libucrtd:output.obj
 0001:0000fa10       ??$type_case_integer_parse_into_buffer@_K@?$output_processor@DV?$string_output_adapter@D@__crt_stdio_output@@V?$format_validation_base@DV?$string_output_adapter@D@__crt_stdio_output@@@2@@__crt_stdio_output@@AEAAX_KI_N@Z 0000000180010a10 f i libucrtd:output.obj
 0001:0000fb60       ??$type_case_integer_parse_into_buffer@_K@?$output_processor@_WV?$string_output_adapter@_W@__crt_stdio_output@@V?$format_validation_base@_WV?$string_output_adapter@_W@__crt_stdio_output@@@2@@__crt_stdio_output@@AEAAX_KI_N@Z 0000000180010b60 f i libucrtd:output.obj
 0001:0000fcc0       ??$write_multiple_characters@V?$string_output_adapter@D@__crt_stdio_output@@D@__crt_stdio_output@@YAXAEBV?$string_output_adapter@D@0@DHQEAH@Z 0000000180010cc0 f i libucrtd:output.obj
 0001:0000fd20       ??$write_multiple_characters@V?$string_output_adapter@_W@__crt_stdio_output@@D@__crt_stdio_output@@YAXAEBV?$string_output_adapter@_W@0@DHQEAH@Z 0000000180010d20 f i libucrtd:output.obj
 0001:0000fd80       ??0?$common_data@D@__crt_stdio_output@@IEAA@XZ 0000000180010d80 f i libucrtd:output.obj
 0001:0000fe50       ??0?$common_data@_W@__crt_stdio_output@@IEAA@XZ 0000000180010e50 f i libucrtd:output.obj
 0001:0000ff20       ??0?$output_adapter_data@DV?$string_output_adapter@D@__crt_stdio_output@@@__crt_stdio_output@@IEAA@AEBV?$string_output_adapter@D@1@_KQEBDQEAU__crt_locale_pointers@@QEAD@Z 0000000180010f20 f i libucrtd:output.obj
 0001:0000ffa0       ??0?$output_adapter_data@_WV?$string_output_adapter@_W@__crt_stdio_output@@@__crt_stdio_output@@IEAA@AEBV?$string_output_adapter@_W@1@_KQEB_WQEAU__crt_locale_pointers@@QEAD@Z 0000000180010fa0 f i libucrtd:output.obj
 0001:00010020       ??0?$output_processor@DV?$string_output_adapter@D@__crt_stdio_output@@V?$format_validation_base@DV?$string_output_adapter@D@__crt_stdio_output@@@2@@__crt_stdio_output@@QEAA@AEBV?$string_output_adapter@D@1@_KQEBDQEAU__crt_locale_pointers@@QEAD@Z 0000000180011020 f i libucrtd:output.obj
 0001:00010070       ??0?$output_processor@_WV?$string_output_adapter@_W@__crt_stdio_output@@V?$format_validation_base@_WV?$string_output_adapter@_W@__crt_stdio_output@@@2@@__crt_stdio_output@@QEAA@AEBV?$string_output_adapter@_W@1@_KQEB_WQEAU__crt_locale_pointers@@QEAD@Z 0000000180011070 f i libucrtd:output.obj
 0001:000100c0       ??0__crt_deferred_errno_cache@@QEAA@XZ 00000001800110c0 f i libucrtd:output.obj
 0001:000100e0       ??0__crt_errno_guard@@QEAA@QEAH@Z 00000001800110e0 f i libucrtd:output.obj
 0001:00010120       ??0formatting_buffer@__crt_stdio_output@@QEAA@XZ 0000000180011120 f i libucrtd:output.obj
 0001:00010160       ??1?$common_data@_W@__crt_stdio_output@@QEAA@XZ 0000000180011160 f i libucrtd:output.obj
 0001:00010160       ??1?$common_data@D@__crt_stdio_output@@QEAA@XZ 0000000180011160 f i libucrtd:output.obj
 0001:00010180       ??1?$format_validation_base@DV?$string_output_adapter@D@__crt_stdio_output@@@__crt_stdio_output@@QEAA@XZ 0000000180011180 f i libucrtd:output.obj
 0001:00010180       ??1?$format_validation_base@_WV?$string_output_adapter@_W@__crt_stdio_output@@@__crt_stdio_output@@QEAA@XZ 0000000180011180 f i libucrtd:output.obj
 0001:000101a0       ??1?$output_adapter_data@DV?$string_output_adapter@D@__crt_stdio_output@@@__crt_stdio_output@@QEAA@XZ 00000001800111a0 f i libucrtd:output.obj
 0001:000101a0       ??1?$output_adapter_data@_WV?$string_output_adapter@_W@__crt_stdio_output@@@__crt_stdio_output@@QEAA@XZ 00000001800111a0 f i libucrtd:output.obj
 0001:000101c0       ??1?$output_processor@_WV?$string_output_adapter@_W@__crt_stdio_output@@V?$format_validation_base@_WV?$string_output_adapter@_W@__crt_stdio_output@@@2@@__crt_stdio_output@@QEAA@XZ 00000001800111c0 f i libucrtd:output.obj
 0001:000101c0       ??1?$output_processor@DV?$string_output_adapter@D@__crt_stdio_output@@V?$format_validation_base@DV?$string_output_adapter@D@__crt_stdio_output@@@2@@__crt_stdio_output@@QEAA@XZ 00000001800111c0 f i libucrtd:output.obj
 0001:000101e0       ??1?$standard_base@_WV?$string_output_adapter@_W@__crt_stdio_output@@@__crt_stdio_output@@QEAA@XZ 00000001800111e0 f i libucrtd:output.obj
 0001:000101e0       ??1?$standard_base@DV?$string_output_adapter@D@__crt_stdio_output@@@__crt_stdio_output@@QEAA@XZ 00000001800111e0 f i libucrtd:output.obj
 0001:00010200       ??1__crt_errno_guard@@QEAA@XZ 0000000180011200 f i libucrtd:output.obj
 0001:00010230       ??1formatting_buffer@__crt_stdio_output@@QEAA@XZ 0000000180011230 f i libucrtd:output.obj
 0001:00010260       ??4?$__crt_unique_heap_ptr@DU__crt_internal_free_policy@@@@QEAAAEAV0@$$QEAV0@@Z 0000000180011260 f i libucrtd:output.obj
 0001:000102a0       ?adjust_hexit@?$output_processor@_WV?$string_output_adapter@_W@__crt_stdio_output@@V?$format_validation_base@_WV?$string_output_adapter@_W@__crt_stdio_output@@@2@@__crt_stdio_output@@CADH_N@Z 00000001800112a0 f i libucrtd:output.obj
 0001:000102a0       ?adjust_hexit@?$output_processor@DV?$string_output_adapter@D@__crt_stdio_output@@V?$format_validation_base@DV?$string_output_adapter@D@__crt_stdio_output@@@2@@__crt_stdio_output@@CADH_N@Z 00000001800112a0 f i libucrtd:output.obj
 0001:000102f0       ?advance_to_next_pass@?$standard_base@_WV?$string_output_adapter@_W@__crt_stdio_output@@@__crt_stdio_output@@IEAA_NXZ 00000001800112f0 f i libucrtd:output.obj
 0001:000102f0       ?advance_to_next_pass@?$standard_base@DV?$string_output_adapter@D@__crt_stdio_output@@@__crt_stdio_output@@IEAA_NXZ 00000001800112f0 f i libucrtd:output.obj
 0001:00010340       ?crop_zeroes@__crt_stdio_output@@YAXPEADQEAU__crt_locale_pointers@@@Z 0000000180011340 f i libucrtd:output.obj
 0001:00010480       ?find_next_state@?$output_processor@DV?$string_output_adapter@D@__crt_stdio_output@@V?$format_validation_base@DV?$string_output_adapter@D@__crt_stdio_output@@@2@@__crt_stdio_output@@AEBA?AW4state@2@DW432@@Z 0000000180011480 f i libucrtd:output.obj
 0001:00010520       ?find_next_state@?$output_processor@_WV?$string_output_adapter@_W@__crt_stdio_output@@V?$format_validation_base@_WV?$string_output_adapter@_W@__crt_stdio_output@@@2@@__crt_stdio_output@@AEBA?AW4state@2@_WW432@@Z 0000000180011520 f i libucrtd:output.obj
 0001:000105c0       ?force_decimal_point@__crt_stdio_output@@YAXPEADQEAU__crt_locale_pointers@@@Z 00000001800115c0 f i libucrtd:output.obj
 0001:000106a0       ?get@__crt_deferred_errno_cache@@QEAAAEAHXZ 00000001800116a0 f i libucrtd:output.obj
 0001:000106d0       ?get_flags@__crt_stdio_stream@@QEBAJXZ 00000001800116d0 f i libucrtd:output.obj
 0001:00010700       ?has_flag@?$output_processor@_WV?$string_output_adapter@_W@__crt_stdio_output@@V?$format_validation_base@_WV?$string_output_adapter@_W@__crt_stdio_output@@@2@@__crt_stdio_output@@AEBA_NI@Z 0000000180011700 f i libucrtd:output.obj
 0001:00010700       ?has_flag@?$output_processor@DV?$string_output_adapter@D@__crt_stdio_output@@V?$format_validation_base@DV?$string_output_adapter@D@__crt_stdio_output@@@2@@__crt_stdio_output@@AEBA_NI@Z 0000000180011700 f i libucrtd:output.obj
 0001:00010740       ?is_string_backed@__crt_stdio_stream@@QEBA_NXZ 0000000180011740 f i libucrtd:output.obj
 0001:00010780       ?narrow_null_string@?$output_processor@DV?$string_output_adapter@D@__crt_stdio_output@@V?$format_validation_base@DV?$string_output_adapter@D@__crt_stdio_output@@@2@@__crt_stdio_output@@CAPEADXZ 0000000180011780 f i libucrtd:output.obj
 0001:00010780       ?narrow_null_string@?$output_processor@_WV?$string_output_adapter@_W@__crt_stdio_output@@V?$format_validation_base@_WV?$string_output_adapter@_W@__crt_stdio_output@@@2@@__crt_stdio_output@@CAPEADXZ 0000000180011780 f i libucrtd:output.obj
 0001:00010790       ?parse_int_from_format_string@?$output_processor@DV?$string_output_adapter@D@__crt_stdio_output@@V?$format_validation_base@DV?$string_output_adapter@D@__crt_stdio_output@@@2@@__crt_stdio_output@@AEAA_NQEAH@Z 0000000180011790 f i libucrtd:output.obj
 0001:00010880       ?parse_int_from_format_string@?$output_processor@_WV?$string_output_adapter@_W@__crt_stdio_output@@V?$format_validation_base@_WV?$string_output_adapter@_W@__crt_stdio_output@@@2@@__crt_stdio_output@@AEAA_NQEAH@Z 0000000180011880 f i libucrtd:output.obj
 0001:00010970       ?process@?$output_processor@DV?$string_output_adapter@D@__crt_stdio_output@@V?$format_validation_base@DV?$string_output_adapter@D@__crt_stdio_output@@@2@@__crt_stdio_output@@QEAAHXZ 0000000180011970 f i libucrtd:output.obj
 0001:00010cd0       ?process@?$output_processor@_WV?$string_output_adapter@_W@__crt_stdio_output@@V?$format_validation_base@_WV?$string_output_adapter@_W@__crt_stdio_output@@@2@@__crt_stdio_output@@QEAAHXZ 0000000180011cd0 f i libucrtd:output.obj
 0001:00011030       ?set_flag@?$output_processor@DV?$string_output_adapter@D@__crt_stdio_output@@V?$format_validation_base@DV?$string_output_adapter@D@__crt_stdio_output@@@2@@__crt_stdio_output@@AEAAXI@Z 0000000180012030 f i libucrtd:output.obj
 0001:00011030       ?set_flag@?$output_processor@_WV?$string_output_adapter@_W@__crt_stdio_output@@V?$format_validation_base@_WV?$string_output_adapter@_W@__crt_stdio_output@@@2@@__crt_stdio_output@@AEAAXI@Z 0000000180012030 f i libucrtd:output.obj
 0001:00011050       ?validate_and_update_state_at_beginning_of_format_character@?$standard_base@DV?$string_output_adapter@D@__crt_stdio_output@@@__crt_stdio_output@@IEAA_NXZ 0000000180012050 f i libucrtd:output.obj
 0001:00011050       ?should_format@?$standard_base@DV?$string_output_adapter@D@__crt_stdio_output@@@__crt_stdio_output@@IEAA_NXZ 0000000180012050 f i libucrtd:output.obj
 0001:00011050       ?validate_state_for_type_case_a@?$standard_base@_WV?$string_output_adapter@_W@__crt_stdio_output@@@__crt_stdio_output@@IEBA_NXZ 0000000180012050 f i libucrtd:output.obj
 0001:00011050       ?should_format@?$standard_base@_WV?$string_output_adapter@_W@__crt_stdio_output@@@__crt_stdio_output@@IEAA_NXZ 0000000180012050 f i libucrtd:output.obj
 0001:00011050       ?validate_state_for_type_case_a@?$standard_base@DV?$string_output_adapter@D@__crt_stdio_output@@@__crt_stdio_output@@IEBA_NXZ 0000000180012050 f i libucrtd:output.obj
 0001:00011050       ?validate_and_update_state_at_beginning_of_format_character@?$standard_base@_WV?$string_output_adapter@_W@__crt_stdio_output@@@__crt_stdio_output@@IEAA_NXZ 0000000180012050 f i libucrtd:output.obj
 0001:00011060       ?should_skip_type_state_output@?$standard_base@_WV?$string_output_adapter@_W@__crt_stdio_output@@@__crt_stdio_output@@IEBA_NXZ 0000000180012060 f i libucrtd:output.obj
 0001:00011060       ?should_skip_normal_state_processing@?$standard_base@_WV?$string_output_adapter@_W@__crt_stdio_output@@@__crt_stdio_output@@IEAA_NXZ 0000000180012060 f i libucrtd:output.obj
 0001:00011060       ?should_skip_type_state_output@?$standard_base@DV?$string_output_adapter@D@__crt_stdio_output@@@__crt_stdio_output@@IEBA_NXZ 0000000180012060 f i libucrtd:output.obj
 0001:00011060       ?should_skip_normal_state_processing@?$standard_base@DV?$string_output_adapter@D@__crt_stdio_output@@@__crt_stdio_output@@IEAA_NXZ 0000000180012060 f i libucrtd:output.obj
 0001:00011070       ?state_case_dot@?$output_processor@_WV?$string_output_adapter@_W@__crt_stdio_output@@V?$format_validation_base@_WV?$string_output_adapter@_W@__crt_stdio_output@@@2@@__crt_stdio_output@@AEAA_NXZ 0000000180012070 f i libucrtd:output.obj
 0001:00011070       ?state_case_dot@?$output_processor@DV?$string_output_adapter@D@__crt_stdio_output@@V?$format_validation_base@DV?$string_output_adapter@D@__crt_stdio_output@@@2@@__crt_stdio_output@@AEAA_NXZ 0000000180012070 f i libucrtd:output.obj
 0001:00011090       ?state_case_flag@?$output_processor@DV?$string_output_adapter@D@__crt_stdio_output@@V?$format_validation_base@DV?$string_output_adapter@D@__crt_stdio_output@@@2@@__crt_stdio_output@@AEAA_NXZ 0000000180012090 f i libucrtd:output.obj
 0001:00011130       ?state_case_flag@?$output_processor@_WV?$string_output_adapter@_W@__crt_stdio_output@@V?$format_validation_base@_WV?$string_output_adapter@_W@__crt_stdio_output@@@2@@__crt_stdio_output@@AEAA_NXZ 0000000180012130 f i libucrtd:output.obj
 0001:000111d0       ?state_case_normal@?$output_processor@DV?$string_output_adapter@D@__crt_stdio_output@@V?$format_validation_base@DV?$string_output_adapter@D@__crt_stdio_output@@@2@@__crt_stdio_output@@AEAA_NXZ 00000001800121d0 f i libucrtd:output.obj
 0001:000112b0       ?state_case_normal@?$output_processor@_WV?$string_output_adapter@_W@__crt_stdio_output@@V?$format_validation_base@_WV?$string_output_adapter@_W@__crt_stdio_output@@@2@@__crt_stdio_output@@AEAA_NXZ 00000001800122b0 f i libucrtd:output.obj
 0001:00011390       ?state_case_normal_common@?$output_processor@DV?$string_output_adapter@D@__crt_stdio_output@@V?$format_validation_base@DV?$string_output_adapter@D@__crt_stdio_output@@@2@@__crt_stdio_output@@AEAA_NXZ 0000000180012390 f i libucrtd:output.obj
 0001:000113e0       ?state_case_normal_common@?$output_processor@_WV?$string_output_adapter@_W@__crt_stdio_output@@V?$format_validation_base@_WV?$string_output_adapter@_W@__crt_stdio_output@@@2@@__crt_stdio_output@@AEAA_NXZ 00000001800123e0 f i libucrtd:output.obj
 0001:00011430       ?state_case_normal_tchar@?$output_processor@DV?$string_output_adapter@D@__crt_stdio_output@@V?$format_validation_base@DV?$string_output_adapter@D@__crt_stdio_output@@@2@@__crt_stdio_output@@AEAA_ND@Z 0000000180012430 f i libucrtd:output.obj
 0001:00011570       ?state_case_normal_tchar@?$output_processor@_WV?$string_output_adapter@_W@__crt_stdio_output@@V?$format_validation_base@_WV?$string_output_adapter@_W@__crt_stdio_output@@@2@@__crt_stdio_output@@AEAA_N_W@Z 0000000180012570 f i libucrtd:output.obj
 0001:00011590       ?state_case_percent@?$output_processor@_WV?$string_output_adapter@_W@__crt_stdio_output@@V?$format_validation_base@_WV?$string_output_adapter@_W@__crt_stdio_output@@@2@@__crt_stdio_output@@AEAA_NXZ 0000000180012590 f i libucrtd:output.obj
 0001:00011590       ?state_case_percent@?$output_processor@DV?$string_output_adapter@D@__crt_stdio_output@@V?$format_validation_base@DV?$string_output_adapter@D@__crt_stdio_output@@@2@@__crt_stdio_output@@AEAA_NXZ 0000000180012590 f i libucrtd:output.obj
 0001:000115e0       ?state_case_precision@?$output_processor@DV?$string_output_adapter@D@__crt_stdio_output@@V?$format_validation_base@DV?$string_output_adapter@D@__crt_stdio_output@@@2@@__crt_stdio_output@@AEAA_NXZ 00000001800125e0 f i libucrtd:output.obj
 0001:00011660       ?state_case_precision@?$output_processor@_WV?$string_output_adapter@_W@__crt_stdio_output@@V?$format_validation_base@_WV?$string_output_adapter@_W@__crt_stdio_output@@@2@@__crt_stdio_output@@AEAA_NXZ 0000000180012660 f i libucrtd:output.obj
 0001:000116e0       ?state_case_size@?$output_processor@DV?$string_output_adapter@D@__crt_stdio_output@@V?$format_validation_base@DV?$string_output_adapter@D@__crt_stdio_output@@@2@@__crt_stdio_output@@AEAA_NXZ 00000001800126e0 f i libucrtd:output.obj
 0001:00011b60       ?state_case_size@?$output_processor@_WV?$string_output_adapter@_W@__crt_stdio_output@@V?$format_validation_base@_WV?$string_output_adapter@_W@__crt_stdio_output@@@2@@__crt_stdio_output@@AEAA_NXZ 0000000180012b60 f i libucrtd:output.obj
 0001:00011fe0       ?state_case_type@?$output_processor@DV?$string_output_adapter@D@__crt_stdio_output@@V?$format_validation_base@DV?$string_output_adapter@D@__crt_stdio_output@@@2@@__crt_stdio_output@@AEAA_NXZ 0000000180012fe0 f i libucrtd:output.obj
 0001:00012480       ?state_case_type@?$output_processor@_WV?$string_output_adapter@_W@__crt_stdio_output@@V?$format_validation_base@_WV?$string_output_adapter@_W@__crt_stdio_output@@@2@@__crt_stdio_output@@AEAA_NXZ 0000000180013480 f i libucrtd:output.obj
 0001:000129e0       ?state_case_width@?$output_processor@DV?$string_output_adapter@D@__crt_stdio_output@@V?$format_validation_base@DV?$string_output_adapter@D@__crt_stdio_output@@@2@@__crt_stdio_output@@AEAA_NXZ 00000001800139e0 f i libucrtd:output.obj
 0001:00012a70       ?state_case_width@?$output_processor@_WV?$string_output_adapter@_W@__crt_stdio_output@@V?$format_validation_base@_WV?$string_output_adapter@_W@__crt_stdio_output@@@2@@__crt_stdio_output@@AEAA_NXZ 0000000180013a70 f i libucrtd:output.obj
 0001:00012b00       ?state_count@?$format_validation_base@DV?$string_output_adapter@D@__crt_stdio_output@@@__crt_stdio_output@@KAIXZ 0000000180013b00 f i libucrtd:output.obj
 0001:00012b00       ?state_count@?$format_validation_base@_WV?$string_output_adapter@_W@__crt_stdio_output@@@__crt_stdio_output@@KAIXZ 0000000180013b00 f i libucrtd:output.obj
 0001:00012b10       ?state_transition_table@?$format_validation_base@DV?$string_output_adapter@D@__crt_stdio_output@@@__crt_stdio_output@@KAPEBEXZ 0000000180013b10 f i libucrtd:output.obj
 0001:00012b10       ?state_transition_table@?$format_validation_base@_WV?$string_output_adapter@_W@__crt_stdio_output@@@__crt_stdio_output@@KAPEBEXZ 0000000180013b10 f i libucrtd:output.obj
 0001:00012b20       ?tchar_string@?$common_data@D@__crt_stdio_output@@IEAAAEAPEADD@Z 0000000180013b20 f i libucrtd:output.obj
 0001:00012b40       ?tchar_string@?$common_data@D@__crt_stdio_output@@IEAAAEAPEADXZ 0000000180013b40 f i libucrtd:output.obj
 0001:00012b60       ?tchar_string@?$common_data@_W@__crt_stdio_output@@IEAAAEAPEA_WXZ 0000000180013b60 f i libucrtd:output.obj
 0001:00012b80       ?tchar_string@?$common_data@_W@__crt_stdio_output@@IEAAAEAPEA_W_W@Z 0000000180013b80 f i libucrtd:output.obj
 0001:00012ba0       ?to_integer_size@__crt_stdio_output@@YA_KW4length_modifier@1@@Z 0000000180013ba0 f i libucrtd:output.obj
 0001:00012c50       ?type_case_X@?$output_processor@DV?$string_output_adapter@D@__crt_stdio_output@@V?$format_validation_base@DV?$string_output_adapter@D@__crt_stdio_output@@@2@@__crt_stdio_output@@AEAA_NXZ 0000000180013c50 f i libucrtd:output.obj
 0001:00012c70       ?type_case_X@?$output_processor@_WV?$string_output_adapter@_W@__crt_stdio_output@@V?$format_validation_base@_WV?$string_output_adapter@_W@__crt_stdio_output@@@2@@__crt_stdio_output@@AEAA_NXZ 0000000180013c70 f i libucrtd:output.obj
 0001:00012c90       ?type_case_Z@?$output_processor@DV?$string_output_adapter@D@__crt_stdio_output@@V?$format_validation_base@DV?$string_output_adapter@D@__crt_stdio_output@@@2@@__crt_stdio_output@@AEAA_NXZ 0000000180013c90 f i libucrtd:output.obj
 0001:00012db0       ?type_case_Z@?$output_processor@_WV?$string_output_adapter@_W@__crt_stdio_output@@V?$format_validation_base@_WV?$string_output_adapter@_W@__crt_stdio_output@@@2@@__crt_stdio_output@@AEAA_NXZ 0000000180013db0 f i libucrtd:output.obj
 0001:00012ed0       ?type_case_a@?$output_processor@DV?$string_output_adapter@D@__crt_stdio_output@@V?$format_validation_base@DV?$string_output_adapter@D@__crt_stdio_output@@@2@@__crt_stdio_output@@AEAA_NXZ 0000000180013ed0 f i libucrtd:output.obj
 0001:00013290       ?type_case_a@?$output_processor@_WV?$string_output_adapter@_W@__crt_stdio_output@@V?$format_validation_base@_WV?$string_output_adapter@_W@__crt_stdio_output@@@2@@__crt_stdio_output@@AEAA_NXZ 0000000180014290 f i libucrtd:output.obj
 0001:00013660       ?type_case_c@?$output_processor@DV?$string_output_adapter@D@__crt_stdio_output@@V?$format_validation_base@DV?$string_output_adapter@D@__crt_stdio_output@@@2@@__crt_stdio_output@@AEAA_NXZ 0000000180014660 f i libucrtd:output.obj
 0001:00013680       ?type_case_c@?$output_processor@_WV?$string_output_adapter@_W@__crt_stdio_output@@V?$format_validation_base@_WV?$string_output_adapter@_W@__crt_stdio_output@@@2@@__crt_stdio_output@@AEAA_NXZ 0000000180014680 f i libucrtd:output.obj
 0001:000136a0       ?type_case_c_tchar@?$output_processor@DV?$string_output_adapter@D@__crt_stdio_output@@V?$format_validation_base@DV?$string_output_adapter@D@__crt_stdio_output@@@2@@__crt_stdio_output@@AEAA_ND@Z 00000001800146a0 f i libucrtd:output.obj
 0001:000137f0       ?type_case_c_tchar@?$output_processor@_WV?$string_output_adapter@_W@__crt_stdio_output@@V?$format_validation_base@_WV?$string_output_adapter@_W@__crt_stdio_output@@@2@@__crt_stdio_output@@AEAA_N_W@Z 00000001800147f0 f i libucrtd:output.obj
 0001:00013920       ?type_case_d@?$output_processor@DV?$string_output_adapter@D@__crt_stdio_output@@V?$format_validation_base@DV?$string_output_adapter@D@__crt_stdio_output@@@2@@__crt_stdio_output@@AEAA_NXZ 0000000180014920 f i libucrtd:output.obj
 0001:00013950       ?type_case_d@?$output_processor@_WV?$string_output_adapter@_W@__crt_stdio_output@@V?$format_validation_base@_WV?$string_output_adapter@_W@__crt_stdio_output@@@2@@__crt_stdio_output@@AEAA_NXZ 0000000180014950 f i libucrtd:output.obj
 0001:00013980       ?type_case_integer@?$output_processor@DV?$string_output_adapter@D@__crt_stdio_output@@V?$format_validation_base@DV?$string_output_adapter@D@__crt_stdio_output@@@2@@__crt_stdio_output@@AEAA_NI_N@Z 0000000180014980 f i libucrtd:output.obj
 0001:00013dd0       ?type_case_integer@?$output_processor@_WV?$string_output_adapter@_W@__crt_stdio_output@@V?$format_validation_base@_WV?$string_output_adapter@_W@__crt_stdio_output@@@2@@__crt_stdio_output@@AEAA_NI_N@Z 0000000180014dd0 f i libucrtd:output.obj
 0001:00014220       ?type_case_n@?$output_processor@DV?$string_output_adapter@D@__crt_stdio_output@@V?$format_validation_base@DV?$string_output_adapter@D@__crt_stdio_output@@@2@@__crt_stdio_output@@AEAA_NXZ 0000000180015220 f i libucrtd:output.obj
 0001:00014460       ?type_case_n@?$output_processor@_WV?$string_output_adapter@_W@__crt_stdio_output@@V?$format_validation_base@_WV?$string_output_adapter@_W@__crt_stdio_output@@@2@@__crt_stdio_output@@AEAA_NXZ 0000000180015460 f i libucrtd:output.obj
 0001:000146a0       ?type_case_o@?$output_processor@DV?$string_output_adapter@D@__crt_stdio_output@@V?$format_validation_base@DV?$string_output_adapter@D@__crt_stdio_output@@@2@@__crt_stdio_output@@AEAA_NXZ 00000001800156a0 f i libucrtd:output.obj
 0001:000146f0       ?type_case_o@?$output_processor@_WV?$string_output_adapter@_W@__crt_stdio_output@@V?$format_validation_base@_WV?$string_output_adapter@_W@__crt_stdio_output@@@2@@__crt_stdio_output@@AEAA_NXZ 00000001800156f0 f i libucrtd:output.obj
 0001:00014740       ?type_case_p@?$output_processor@DV?$string_output_adapter@D@__crt_stdio_output@@V?$format_validation_base@DV?$string_output_adapter@D@__crt_stdio_output@@@2@@__crt_stdio_output@@AEAA_NXZ 0000000180015740 f i libucrtd:output.obj
 0001:00014780       ?type_case_p@?$output_processor@_WV?$string_output_adapter@_W@__crt_stdio_output@@V?$format_validation_base@_WV?$string_output_adapter@_W@__crt_stdio_output@@@2@@__crt_stdio_output@@AEAA_NXZ 0000000180015780 f i libucrtd:output.obj
 0001:000147c0       ?type_case_s@?$output_processor@DV?$string_output_adapter@D@__crt_stdio_output@@V?$format_validation_base@DV?$string_output_adapter@D@__crt_stdio_output@@@2@@__crt_stdio_output@@AEAA_NXZ 00000001800157c0 f i libucrtd:output.obj
[...]
 0004:0000249c       $pdata$??0big_integer@__crt_strtox@@QEAA@AEBU01@@Z 000000018005149c     libucrtd:cfout.obj
 0004:0000249c       $pdata$??4big_integer@__crt_strtox@@QEAAAEAU01@AEBU01@@Z 000000018005149c     libucrtd:cfout.obj
 0004:000024cc       $pdata$??8__crt_strtox@@YA_NAEBUbig_integer@0@0@Z 00000001800514cc     libucrtd:cfout.obj
 0004:000024d8       $pdata$??9__crt_strtox@@YA_NAEBUbig_integer@0@0@Z 00000001800514d8     libucrtd:cfout.obj
 0004:0000252c       $pdata$?make_big_integer@__crt_strtox@@YA?AUbig_integer@1@_K@Z 000000018005152c     libucrtd:cfout.obj
 0004:00002538       $pdata$?make_big_integer_power_of_two@__crt_strtox@@YA?AUbig_integer@1@I@Z 0000000180051538     libucrtd:cfout.obj
 0004:00002520       $pdata$?is_zero@__crt_strtox@@YA_NAEBUbig_integer@1@@Z 0000000180051520     libucrtd:cfout.obj
 0004:000024fc       $pdata$?bit_scan_reverse@__crt_strtox@@YAII@Z 00000001800514fc     libucrtd:cfout.obj
 0004:00002574       $pdata$?shift_left@__crt_strtox@@YA_NAEAUbig_integer@1@I@Z 0000000180051574     libucrtd:cfout.obj
 0004:000024e4       $pdata$?add_carry@__crt_strtox@@YAIAEAIII@Z 00000001800514e4     libucrtd:cfout.obj
 0004:000024f0       $pdata$?add_multiply_carry@__crt_strtox@@YAIAEAIIII@Z 00000001800514f0     libucrtd:cfout.obj
 0004:00002568       $pdata$?multiply_core@__crt_strtox@@YAIQEAIII@Z 0000000180051568     libucrtd:cfout.obj
 0004:00002550       $pdata$?multiply@__crt_strtox@@YA_NAEAUbig_integer@1@I@Z 0000000180051550     libucrtd:cfout.obj
 0004:00002544       $pdata$?multiply@__crt_strtox@@YA_NAEAUbig_integer@1@AEBU21@@Z 0000000180051544     libucrtd:cfout.obj
 0004:0000255c       $pdata$?multiply_by_power_of_ten@__crt_strtox@@YA_NAEAUbig_integer@1@I@Z 000000018005155c     libucrtd:cfout.obj
 0004:00002508       $pdata$?count_sequential_high_zeroes@__crt_strtox@@YAII@Z 0000000180051508     libucrtd:cfout.obj
 0004:00002514       $pdata$?divide@__crt_strtox@@YA_KAEAUbig_integer@1@AEBU21@@Z 0000000180051514     libucrtd:cfout.obj
 0004:000024b4       $pdata$??0scoped_fp_state_reset@?A0x71ca7cfb@@QEAA@XZ 00000001800514b4     libucrtd:cfout.obj
 0004:000024c0       $pdata$??1scoped_fp_state_reset@?A0x71ca7cfb@@QEAA@XZ 00000001800514c0     libucrtd:cfout.obj
 0004:00002490       $pdata$??$convert_to_fos_high_precision@N@@YAXNIQEAHQEAD_K@Z 0000000180051490     libucrtd:cfout.obj
 0004:00002598       $pdata$_fcloseall          0000000180051598     libucrtd:closeall.obj
 0004:00002cd0       $pdata$_fcloseall$fin$0    0000000180051cd0     libucrtd:closeall.obj
 0004:0000258c       $pdata$?is_in_use@__crt_stdio_stream@@QEBA_NXZ 000000018005158c     libucrtd:closeall.obj
 0004:000025a4       $pdata$?has_crt_buffer@__crt_stdio_stream@@QEBA_NXZ 00000001800515a4     libucrtd:_freebuf.obj
 0004:000025b0       $pdata$__acrt_stdio_free_buffer_nolock 00000001800515b0     libucrtd:_freebuf.obj
 0004:000025bc       $pdata$__acrt_GetStringTypeW 00000001800515bc     libucrtd:getstringtypew.obj
 0004:000025c8       $pdata$_set_error_mode     00000001800515c8     libucrtd:set_error_mode.obj
 0004:00002610       $pdata$_itow_s             0000000180051610     libucrtd:xtoa.obj
 0004:00002604       $pdata$_itoa_s             0000000180051604     libucrtd:xtoa.obj
 0004:000025ec       $pdata$??$common_xtox_s@KD@@YAHKQEAD_KI_N@Z 00000001800515ec     libucrtd:xtoa.obj
 0004:000025d4       $pdata$??$common_xtox@KD@@YAHKQEAD_KI_N@Z 00000001800515d4     libucrtd:xtoa.obj
 0004:000025f8       $pdata$??$common_xtox_s@K_W@@YAHKQEA_W_KI_N@Z 00000001800515f8     libucrtd:xtoa.obj
 0004:000025e0       $pdata$??$common_xtox@K_W@@YAHKQEA_W_KI_N@Z 00000001800515e0     libucrtd:xtoa.obj
 0004:00002634       $pdata$mbstowcs_s          0000000180051634     libucrtd:mbstowcs.obj
 0004:00002628       $pdata$_mbstowcs_s_l       0000000180051628     libucrtd:mbstowcs.obj
 0004:0000261c       $pdata$?_mbstowcs_l_helper@@YA_KPEA_WPEBD_KPEAU__crt_locale_pointers@@@Z 000000018005161c     libucrtd:mbstowcs.obj
 0004:00002664       $pdata$wcstombs_s          0000000180051664     libucrtd:wcstombs.obj
 0004:00002658       $pdata$_wcstombs_s_l       0000000180051658     libucrtd:wcstombs.obj
 0004:0000264c       $pdata$?wcsncnt@@YA_KPEB_W_K@Z 000000018005164c     libucrtd:wcstombs.obj
 0004:00002640       $pdata$?_wcstombs_l_helper@@YA_KPEADPEB_W_KPEAU__crt_locale_pointers@@@Z 0000000180051640     libucrtd:wcstombs.obj
 0004:00002cdc       $pdata$?dtor$0@?0??_wcstombs_l_helper@@YA_KPEADPEB_W_KPEAU__crt_locale_pointers@@@Z@4HA 0000000180051cdc     libucrtd:wcstombs.obj
 0004:0000267c       $pdata$strcat_s            000000018005167c     libucrtd:strcat_s.obj
 0004:00002670       $pdata$??$common_tcscat_s@D@@YAHQEAD_KQEBD@Z 0000000180051670     libucrtd:strcat_s.obj
 0004:00002688       $pdata$__acrt_OutputDebugStringA 0000000180051688     libucrtd:outputdebugstringa.obj
 0004:00002694       $pdata$__strncnt           0000000180051694     libucrtd:strncnt.obj
 0004:000026dc       $pdata$_commit             00000001800516dc     libucrtd:commit.obj
 0004:000026d0       $pdata$??R<lambda_5533cddd4bda0037814beee657757329>@@QEBAHXZ 00000001800516d0     libucrtd:commit.obj
 0004:000026ac       $pdata$??$__acrt_lowio_lock_fh_and_call@V<lambda_5533cddd4bda0037814beee657757329>@@@@YAHH$$QEAV<lambda_5533cddd4bda0037814beee657757329>@@@Z 00000001800516ac     libucrtd:commit.obj
 0004:000026c4       $pdata$??R<lambda_4e3dbe6921bc0b5a1a6bc6573fdc859e>@@QEBAXXZ 00000001800516c4     libucrtd:commit.obj
 0004:000026c4       $pdata$??R<lambda_53fc7fc888e23d815d7080162c0aeeb2>@@QEBAXXZ 00000001800516c4     libucrtd:close.obj
 0004:000026b8       $pdata$??R<lambda_8ddc48ad9d26c778cb15812d1d88fc8a>@@QEBAXXZ 00000001800516b8     libucrtd:close.obj
 0004:000026b8       $pdata$??R<lambda_47cffbaa968af5c721c38a4a6f8da44d>@@QEBAXXZ 00000001800516b8     libucrtd:commit.obj
 0004:000026a0       $pdata$??$?RV<lambda_4e3dbe6921bc0b5a1a6bc6573fdc859e>@@AEAV<lambda_5533cddd4bda0037814beee657757329>@@V<lambda_47cffbaa968af5c721c38a4a6f8da44d>@@@?$__crt_seh_guarded_call@H@@QEAAH$$QEAV<lambda_4e3dbe6921bc0b5a1a6bc6573fdc859e>@@AEAV<lambda_5533cddd4bda0037814beee657757329>@@$$QEAV<lambda_47cffbaa968af5c721c38a4a6f8da44d>@@@Z 00000001800516a0     libucrtd:commit.obj
 0004:00002ce8       $pdata$?fin$0@?0???$?RV<lambda_53fc7fc888e23d815d7080162c0aeeb2>@@AEAV<lambda_4e7105787b7b0e0227fbf2b2d883fa65>@@V<lambda_8ddc48ad9d26c778cb15812d1d88fc8a>@@@?$__crt_seh_guarded_call@H@@QEAAH$$QEAV<lambda_53fc7fc888e23d815d7080162c0aeeb2>@@AEAV<lambda_4e7105787b7b0e0227fbf2b2d883fa65>@@$$QEAV<lambda_8ddc48ad9d26c778cb15812d1d88fc8a>@@@Z@4HA 0000000180051ce8     libucrtd:close.obj
 0004:00002ce8       $pdata$?fin$0@?0???$?RV<lambda_4e3dbe6921bc0b5a1a6bc6573fdc859e>@@AEAV<lambda_5533cddd4bda0037814beee657757329>@@V<lambda_47cffbaa968af5c721c38a4a6f8da44d>@@@?$__crt_seh_guarded_call@H@@QEAAH$$QEAV<lambda_4e3dbe6921bc0b5a1a6bc6573fdc859e>@@AEAV<lambda_5533cddd4bda0037814beee657757329>@@$$QEAV<lambda_47cffbaa968af5c721c38a4a6f8da44d>@@@Z@4HA 0000000180051ce8     libucrtd:commit.obj
 0004:0000273c       $pdata$_write              000000018005173c     libucrtd:write.obj
 0004:00002cf4       $pdata$_write$fin$0        0000000180051cf4     libucrtd:write.obj
 0004:00002748       $pdata$_write_nolock       0000000180051748     libucrtd:write.obj
 0004:0000270c       $pdata$?write_requires_double_translation_nolock@@YA_NH@Z 000000018005170c     libucrtd:write.obj
 0004:000026f4       $pdata$?write_double_translated_ansi_nolock@@YA?AUwrite_result@?A0x17268360@@HQEBDI@Z 00000001800516f4     libucrtd:write.obj
 0004:00002700       $pdata$?write_double_translated_unicode_nolock@@YA?AUwrite_result@?A0x17268360@@QEBDI@Z 0000000180051700     libucrtd:write.obj
 0004:00002718       $pdata$?write_text_ansi_nolock@@YA?AUwrite_result@?A0x17268360@@HQEBDI@Z 0000000180051718     libucrtd:write.obj
 0004:00002724       $pdata$?write_text_utf16le_nolock@@YA?AUwrite_result@?A0x17268360@@HQEBDI@Z 0000000180051724     libucrtd:write.obj
 0004:00002730       $pdata$?write_text_utf8_nolock@@YA?AUwrite_result@?A0x17268360@@HQEBDI@Z 0000000180051730     libucrtd:write.obj
 0004:000026e8       $pdata$?write_binary_nolock@@YA?AUwrite_result@?A0x17268360@@HQEBDI@Z 00000001800516e8     libucrtd:write.obj
 0004:00002754       $pdata$?__mbrtoc32_utf8@__crt_mbstring@@YA_KPEA_UPEBD_KPEAU_Mbstatet@@@Z 0000000180051754     libucrtd:mbrtoc32.obj
 0004:0000276c       $pdata$ceil                000000018005176c     libucrtd:ceil.obj
 0004:00002778       $pdata$fegetenv            0000000180051778     libucrtd:fegetenv.obj
 0004:00002784       $pdata$fesetenv            0000000180051784     libucrtd:fesetenv.obj
 0004:00002790       $pdata$feholdexcept        0000000180051790     libucrtd:feholdexcept.obj
 0004:000027b4       $pdata$_lseeki64_nolock    00000001800517b4     libucrtd:lseek.obj
 0004:000027a8       $pdata$?common_lseek_do_seek_nolock@@YA_JQEAX_JH@Z 00000001800517a8     libucrtd:lseek.obj
 0004:0000279c       $pdata$??$common_lseek_nolock@_J@@YA_JH_JH@Z 000000018005179c     libucrtd:lseek.obj
 0004:000027cc       $pdata$fclose              00000001800517cc     libucrtd:fclose.obj
 0004:00002d00       $pdata$fclose$fin$0        0000000180051d00     libucrtd:fclose.obj
 0004:000027c0       $pdata$_fclose_nolock      00000001800517c0     libucrtd:fclose.obj
 0004:000027d8       $pdata$?__wcsrtombs_utf8@__crt_mbstring@@YA_KPEADPEAPEB_W_KPEAU_Mbstatet@@@Z 00000001800517d8     libucrtd:wcrtomb.obj
 0004:000027e4       $pdata$_putwch_nolock      00000001800517e4     libucrtd:putwch.obj
 0004:000027f0       $pdata$__acrt_initialize_fma3 00000001800517f0     libucrtd:fma3_available.obj
 0004:00002808       $pdata$_log_special_common 0000000180051808     libucrtd:log_special.obj
 0004:000027fc       $pdata$_log10_special      00000001800517fc     libucrtd:log_special.obj
 0004:00002814       $pdata$_call_matherr       0000000180051814     libucrtd:libm_error.obj
 0004:00002820       $pdata$_exception_enabled  0000000180051820     libucrtd:libm_error.obj
 0004:00002838       $pdata$_handle_nan         0000000180051838     libucrtd:libm_error.obj
 0004:0000282c       $pdata$_handle_error       000000018005182c     libucrtd:libm_error.obj
 0004:00002844       $pdata$??$__acrt_fenv_shift_bits@W4__acrt_fenv_abstract_control@@@@YA?AW4__acrt_fenv_abstract_control@@W40@0I@Z 0000000180051844     libucrtd:_fenvutils.obj
 0004:00002844       $pdata$??$__acrt_fenv_shift_bits@W4__acrt_fenv_abstract_status@@@@YA?AW4__acrt_fenv_abstract_status@@W40@0I@Z 0000000180051844     libucrtd:_fenvutils.obj
 0004:00002874       $pdata$??$__acrt_fenv_unshift_bits@W4__acrt_fenv_abstract_status@@@@YA?AW4__acrt_fenv_abstract_status@@W40@0I@Z 0000000180051874     libucrtd:_fenvutils.obj
 0004:00002874       $pdata$??$__acrt_fenv_unshift_bits@W4__acrt_fenv_abstract_control@@@@YA?AW4__acrt_fenv_abstract_control@@W40@0I@Z 0000000180051874     libucrtd:_fenvutils.obj
 0004:000028e0       $pdata$?__acrt_fenv_shift_abstract_sse_status@@YA?AW4__acrt_fenv_abstract_status@@W41@@Z 00000001800518e0     libucrtd:_fenvutils.obj
 0004:000028f8       $pdata$?__acrt_fenv_unshift_abstract_sse_status@@YA?AW4__acrt_fenv_abstract_status@@W41@@Z 00000001800518f8     libucrtd:_fenvutils.obj
 0004:000028d4       $pdata$?__acrt_fenv_shift_abstract_sse_control@@YA?AW4__acrt_fenv_abstract_control@@W41@@Z 00000001800518d4     libucrtd:_fenvutils.obj
 0004:000028ec       $pdata$?__acrt_fenv_unshift_abstract_sse_control@@YA?AW4__acrt_fenv_abstract_control@@W41@@Z 00000001800518ec     libucrtd:_fenvutils.obj
 0004:0000297c       $pdata$__acrt_fenv_get_status 000000018005197c     libucrtd:_fenvutils.obj
 0004:00002994       $pdata$__acrt_fenv_set_status 0000000180051994     libucrtd:_fenvutils.obj
 0004:00002970       $pdata$__acrt_fenv_get_control 0000000180051970     libucrtd:_fenvutils.obj
 0004:00002988       $pdata$__acrt_fenv_set_control 0000000180051988     libucrtd:_fenvutils.obj
 0004:0000294c       $pdata$?to_machine_sse_status@@YA?AW4__acrt_fenv_machine_sse_status@@W4__acrt_fenv_abstract_status@@@Z 000000018005194c     libucrtd:_fenvutils.obj
 0004:000028c8       $pdata$??$translate_status@W4__acrt_fenv_machine_sse_status@@W4__acrt_fenv_abstract_status@@@@YA?AW4__acrt_fenv_machine_sse_status@@W4__acrt_fenv_abstract_status@@@Z 00000001800518c8     libucrtd:_fenvutils.obj
 0004:00002964       $pdata$?translate_control_denormal_control_to_sse@@YA?AW4__acrt_fenv_machine_sse_control@@W4__acrt_fenv_abstract_control@@@Z 0000000180051964     libucrtd:_fenvutils.obj
 0004:00002958       $pdata$?translate_control_denormal_control_from_sse@@YA?AW4__acrt_fenv_abstract_control@@W4__acrt_fenv_machine_sse_control@@@Z 0000000180051958     libucrtd:_fenvutils.obj
 0004:00002934       $pdata$?to_abstract_control@@YA?AW4__acrt_fenv_abstract_control@@W4__acrt_fenv_machine_sse_control@@@Z 0000000180051934     libucrtd:_fenvutils.obj
 0004:0000288c       $pdata$??$translate_control_exception_mask@W4__acrt_fenv_abstract_control@@W4__acrt_fenv_machine_sse_control@@@@YA?AW4__acrt_fenv_abstract_control@@W4__acrt_fenv_machine_sse_control@@@Z 000000018005188c     libucrtd:_fenvutils.obj
 0004:000028a4       $pdata$??$translate_control_rounding_control@W4__acrt_fenv_abstract_control@@W4__acrt_fenv_machine_sse_control@@@@YA?AW4__acrt_fenv_abstract_control@@W4__acrt_fenv_machine_sse_control@@@Z 00000001800518a4     libucrtd:_fenvutils.obj
 0004:00002940       $pdata$?to_machine_sse_control@@YA?AW4__acrt_fenv_machine_sse_control@@W4__acrt_fenv_abstract_control@@@Z 0000000180051940     libucrtd:_fenvutils.obj
 0004:00002898       $pdata$??$translate_control_exception_mask@W4__acrt_fenv_machine_sse_control@@W4__acrt_fenv_abstract_control@@@@YA?AW4__acrt_fenv_machine_sse_control@@W4__acrt_fenv_abstract_control@@@Z 0000000180051898     libucrtd:_fenvutils.obj
 0004:000028b0       $pdata$??$translate_control_rounding_control@W4__acrt_fenv_machine_sse_control@@W4__acrt_fenv_abstract_control@@@@YA?AW4__acrt_fenv_machine_sse_control@@W4__acrt_fenv_abstract_control@@@Z 00000001800518b0     libucrtd:_fenvutils.obj
 0004:00002910       $pdata$?get_machine_sse_status@@YA?AW4__acrt_fenv_machine_sse_status@@XZ 0000000180051910     libucrtd:_fenvutils.obj
 0004:00002928       $pdata$?set_machine_sse_status@@YAXW4__acrt_fenv_machine_sse_status@@@Z 0000000180051928     libucrtd:_fenvutils.obj
 0004:00002904       $pdata$?get_machine_sse_control@@YA?AW4__acrt_fenv_machine_sse_control@@XZ 0000000180051904     libucrtd:_fenvutils.obj
 0004:0000291c       $pdata$?set_machine_sse_control@@YAXW4__acrt_fenv_machine_sse_control@@@Z 000000018005191c     libucrtd:_fenvutils.obj
 0004:00002880       $pdata$??$to_abstract_status@W4__acrt_fenv_machine_sse_status@@@@YA?AW4__acrt_fenv_abstract_status@@W4__acrt_fenv_machine_sse_status@@@Z 0000000180051880     libucrtd:_fenvutils.obj
 0004:0000285c       $pdata$??$__acrt_fenv_translate_bit@W4__acrt_fenv_abstract_status@@W4__acrt_fenv_machine_sse_status@@@@YA?AW4__acrt_fenv_abstract_status@@W4__acrt_fenv_machine_sse_status@@0W40@1@Z 000000018005185c     libucrtd:_fenvutils.obj
 0004:0000285c       $pdata$??$__acrt_fenv_translate_bit@W4__acrt_fenv_machine_sse_status@@W4__acrt_fenv_abstract_status@@@@YA?AW4__acrt_fenv_machine_sse_status@@W4__acrt_fenv_abstract_status@@0W40@1@Z 000000018005185c     libucrtd:_fenvutils.obj
 0004:00002850       $pdata$??$__acrt_fenv_translate_bit@W4__acrt_fenv_abstract_control@@W4__acrt_fenv_machine_sse_control@@@@YA?AW4__acrt_fenv_abstract_control@@W4__acrt_fenv_machine_sse_control@@0W40@1@Z 0000000180051850     libucrtd:_fenvutils.obj
 0004:00002868       $pdata$??$__acrt_fenv_translate_bit@W4__acrt_fenv_machine_sse_control@@W4__acrt_fenv_abstract_control@@@@YA?AW4__acrt_fenv_machine_sse_control@@W4__acrt_fenv_abstract_control@@0W40@1@Z 0000000180051868     libucrtd:_fenvutils.obj
 0004:000028bc       $pdata$??$translate_status@W4__acrt_fenv_abstract_status@@W4__acrt_fenv_machine_sse_status@@@@YA?AW4__acrt_fenv_abstract_status@@W4__acrt_fenv_machine_sse_status@@@Z 00000001800518bc     libucrtd:_fenvutils.obj
 0004:000029ac       $pdata$_clearfp            00000001800519ac     libucrtd:ieee.obj
 0004:000029a0       $pdata$_abstract_sw        00000001800519a0     libucrtd:ieee.obj
 0004:000029e8       $pdata$_close              00000001800519e8     libucrtd:close.obj
 0004:000029f4       $pdata$_close_nolock       00000001800519f4     libucrtd:close.obj
 0004:000029dc       $pdata$?close_os_handle_nolock@@YAKH@Z 00000001800519dc     libucrtd:close.obj
 0004:000029d0       $pdata$??R<lambda_4e7105787b7b0e0227fbf2b2d883fa65>@@QEBAHXZ 00000001800519d0     libucrtd:close.obj
 0004:000029c4       $pdata$??$__acrt_lowio_lock_fh_and_call@V<lambda_4e7105787b7b0e0227fbf2b2d883fa65>@@@@YAHH$$QEAV<lambda_4e7105787b7b0e0227fbf2b2d883fa65>@@@Z 00000001800519c4     libucrtd:close.obj
 0004:000029b8       $pdata$??$?RV<lambda_53fc7fc888e23d815d7080162c0aeeb2>@@AEAV<lambda_4e7105787b7b0e0227fbf2b2d883fa65>@@V<lambda_8ddc48ad9d26c778cb15812d1d88fc8a>@@@?$__crt_seh_guarded_call@H@@QEAAH$$QEAV<lambda_53fc7fc888e23d815d7080162c0aeeb2>@@AEAV<lambda_4e7105787b7b0e0227fbf2b2d883fa65>@@$$QEAV<lambda_8ddc48ad9d26c778cb15812d1d88fc8a>@@@Z 00000001800519b8     libucrtd:close.obj
 0004:00002a00       $pdata$?__acrt_stdio_free_stream@@YAXV__crt_stdio_stream@@@Z 0000000180051a00     libucrtd:stream.obj
 0004:00002a0c       $pdata$?__c16rtomb_utf8@__crt_mbstring@@YA_KPEAD_SPEAU_Mbstatet@@@Z 0000000180051a0c     libucrtd:c16rtomb.obj
 0004:00002a3c       $pdata$?store_first_surrogate@?A0xc60ee810@@YAX_SPEAU_Mbstatet@@@Z 0000000180051a3c     libucrtd:c16rtomb.obj
 0004:00002a18       $pdata$?has_surrogate@?A0xc60ee810@@YA_NPEAU_Mbstatet@@@Z 0000000180051a18     libucrtd:c16rtomb.obj
 0004:00002a24       $pdata$?is_first_surrogate@?A0xc60ee810@@YA_N_S@Z 0000000180051a24     libucrtd:c16rtomb.obj
 0004:00002a30       $pdata$?is_second_surrogate@?A0xc60ee810@@YA_N_S@Z 0000000180051a30     libucrtd:c16rtomb.obj
 0004:00002a48       $pdata$__dcrt_lowio_ensure_console_output_initialized 0000000180051a48     libucrtd:initcon.obj
 0004:00002a60       $pdata$__dcrt_write_console 0000000180051a60     libucrtd:initcon.obj
 0004:00002a54       $pdata$__dcrt_terminate_console_output 0000000180051a54     libucrtd:initcon.obj
 0004:00002a84       $pdata$_set_errno_from_matherr 0000000180051a84     libucrtd:fpexcept.obj
 0004:00002a6c       $pdata$_raise_exc          0000000180051a6c     libucrtd:fpexcept.obj
 0004:00002a78       $pdata$_raise_exc_ex       0000000180051a78     libucrtd:fpexcept.obj
 0004:00002a90       $pdata$_clrfp              0000000180051a90     libucrtd:fpctrl.obj
 0004:00002a9c       $pdata$_ctrlfp             0000000180051a9c     libucrtd:fpctrl.obj
 0004:00002d0c       $pdata$_ctrlfp$filt$0      0000000180051d0c     libucrtd:fpctrl.obj
 0004:00002ab4       $pdata$_statfp             0000000180051ab4     libucrtd:fpctrl.obj
 0004:00002aa8       $pdata$_set_statfp         0000000180051aa8     libucrtd:fpctrl.obj
 0004:00002ae4       $pdata$_ValidateImageBase  0000000180051ae4     LIBCMTD:pesect.obj
 0004:00002acc       $pdata$_FindPESection      0000000180051acc     LIBCMTD:pesect.obj
 0004:00002ad8       $pdata$_IsNonwritableInCurrentImage 0000000180051ad8     LIBCMTD:pesect.obj
 0004:00002d18       $pdata$_IsNonwritableInCurrentImage$filt$0 0000000180051d18     LIBCMTD:pesect.obj
 0004:00002af0       $pdata$??_Gtype_info@@UEAAPEAXI@Z 0000000180051af0     LIBCMTD:std_type_info_static.obj
 0004:00002afc       $pdata$??3@YAXPEAX_K@Z     0000000180051afc     LIBCMTD:delete_scalar_size.obj
 0004:00002b08       $pdata$__GSHandlerCheck_SEH 0000000180051b08     LIBCMTD:gshandlerseh.obj
 0004:00002b20       $pdata$__GSHandlerCheck_EH 0000000180051b20     LIBCMTD:gshandlereh.obj
 0004:00002b2c       $pdata$??3@YAXPEAX@Z       0000000180051b2c     LIBCMTD:delete_scalar.obj
 0004:00002b44       $pdata$strrchr             0000000180051b44     libvcruntimed:strrchr.obj
