 handmade

 Timestamp is 5c55e57b (Sat Feb  2 13:46:19 2019)

 Preferred load address is 0000000180000000

 Start         Length     Name                   Class
 0001:00000000 00038b70H .text$mn                CODE
 0001:00038b70 00000020H .text$mn$00             CODE
 0001:00038b90 0000067dH .text$x                 CODE
 0002:00000000 00000248H .idata$5                DATA
 0002:00000248 00000010H .00cfg                  DATA
 0002:00000258 00000008H .CRT$XCA                DATA
 0002:00000260 00000008H .CRT$XCZ                DATA
 0002:00000268 00000008H .CRT$XIA                DATA
 0002:00000270 00000018H .CRT$XIC                DATA
 0002:00000288 00000008H .CRT$XIZ                DATA
 0002:00000290 00000008H .CRT$XPA                DATA
 0002:00000298 00000010H .CRT$XPX                DATA
 0002:000002a8 00000008H .CRT$XPXA               DATA
 0002:000002b0 00000008H .CRT$XPZ                DATA
 0002:000002b8 00000008H .CRT$XTA                DATA
 0002:000002c0 00000010H .CRT$XTZ                DATA
 0002:000002c8 00000000H .gfids$y                DATA
 0002:000002d0 00010080H .rdata                  DATA
 0002:00010350 0000016cH .rdata$r                DATA
 0002:000104bc 000002fcH .rdata$zzzdbg           DATA
 0002:000107b8 00000008H .rtc$IAA                DATA
 0002:000107c0 00000008H .rtc$IZZ                DATA
 0002:000107c8 00000008H .rtc$TAA                DATA
 0002:000107d0 00000010H .rtc$TZZ                DATA
 0002:000107e0 00001078H .xdata                  DATA
 0002:00011858 00000088H .xdata$x                DATA
 0002:000118e0 00000074H .edata                  DATA
 0002:00011954 00000014H .idata$2                DATA
 0002:00011968 00000018H .idata$3                DATA
 0002:00011980 00000248H .idata$4                DATA
 0002:00011bc8 00000554H .idata$6                DATA
 0003:00000000 00000a20H .data                   DATA
 0003:00000a20 00000070H .data$r                 DATA
 0003:00000a90 00001878H .bss                    DATA
 0004:00000000 00002d48H .pdata                  DATA

  Address         Publics by Value              Rva+Base               Lib:Object

 0000:00000000       __guard_longjmp_count      0000000000000000     <absolute>
 0000:00000000       __guard_fids_count         0000000000000000     <absolute>
 0000:00000000       __hybrid_code_map_count    0000000000000000     <absolute>
 0000:00000000       __guard_iat_table          0000000000000000     <absolute>
 0000:00000000       __hybrid_code_map          0000000000000000     <absolute>
 0000:00000000       __guard_iat_count          0000000000000000     <absolute>
 0000:00000000       __volatile_metadata        0000000000000000     <absolute>
 0000:00000000       __guard_longjmp_table      0000000000000000     <absolute>
 0000:00000000       __enclave_config           0000000000000000     <absolute>
 0000:00000000       ___safe_se_handler_count   0000000000000000     <absolute>
 0000:00000000       ___safe_se_handler_table   0000000000000000     <absolute>
 0000:00000000       __guard_fids_table         0000000000000000     <absolute>
 0000:00000000       __dynamic_value_reloc_table 0000000000000000     <absolute>
 0000:00000000       __hybrid_auxiliary_iat     0000000000000000     <absolute>
 0000:00000100       __guard_flags              0000000000000100     <absolute>
 0000:00000000       __ImageBase                0000000180000000     <linker-defined>
 0001:000000b0       GameGetSoundSamples        00000001800010b0 f   handmade.obj
 0001:000003c0       GameUpdateAndRender        00000001800013c0 f   handmade.obj
 0001:00002630       ?GetController@@YAPEAUgame_controller_input@@PEAUgame_input@@I@Z 0000000180003630 f i handmade.obj
 0001:00002680       ?GetTileValueUnchecked@@YAIPEAUtile_map@@HH@Z 0000000180003680 f i handmade.obj
 0001:000026c0       ?RoundReal32ToInt32@@YAHM@Z 00000001800036c0 f i handmade.obj
 0001:000026f0       ?RoundReal32ToUInt32@@YAIM@Z 00000001800036f0 f i handmade.obj
 0001:00002720       ?TruncateReal32ToInt32@@YAHM@Z 0000000180003720 f i handmade.obj
 0001:00002740       __GSHandlerCheck           0000000180003740 f   LIBCMTD:gshandler.obj
 0001:00002780       __GSHandlerCheckCommon     0000000180003780 f   LIBCMTD:gshandler.obj
 0001:00002890       __security_check_cookie    0000000180003890 f   LIBCMTD:amdsecgs.obj
 0001:00002cb0       _DllMainCRTStartup         0000000180003cb0 f   LIBCMTD:dll_dllmain.obj
 0001:00002cf0       __raise_securityfailure    0000000180003cf0 f   LIBCMTD:gs_report.obj
 0001:00002d30       __report_gsfailure         0000000180003d30 f   LIBCMTD:gs_report.obj
 0001:00002e10       __report_rangecheckfailure 0000000180003e10 f   LIBCMTD:gs_report.obj
 0001:00002e30       __report_securityfailure   0000000180003e30 f   LIBCMTD:gs_report.obj
 0001:000030f0       __security_init_cookie     00000001800040f0 f   LIBCMTD:gs_support.obj
 0001:00003170       DllMain                    0000000180004170 f   LIBCMTD:dll_dllmain_stub.obj
 0001:00003190       ?__scrt_initialize_type_info@@YAXXZ 0000000180004190 f   LIBCMTD:tncleanup.obj
 0001:000031b0       ?__scrt_uninitialize_type_info@@YAXXZ 00000001800041b0 f   LIBCMTD:tncleanup.obj
 0001:000031d0       __local_stdio_printf_options 00000001800041d0 f i LIBCMTD:default_local_stdio_options.obj
 0001:000031e0       __local_stdio_scanf_options 00000001800041e0 f i LIBCMTD:default_local_stdio_options.obj
 0001:000031f0       __scrt_initialize_default_local_stdio_options 00000001800041f0 f   LIBCMTD:default_local_stdio_options.obj
 0001:00003240       ??$__crt_fast_decode_pointer@PEAX@@YAPEAXQEAX@Z 0000000180004240 f i libvcruntimed:winapi_downlevel.obj
 0001:00003240       ??$__crt_fast_decode_pointer@P6AXH@Z@@YAP6AXH@ZQ6AXH@Z@Z 0000000180004240 f i libucrtd:signal.obj
 0001:00003240       ??$__crt_fast_decode_pointer@PEAP6AXXZ@@YAPEAP6AXXZQEAP6AXXZ@Z 0000000180004240 f i LIBCMTD:utility.obj
 0001:00003240       ??$__crt_fast_decode_pointer@P6AXPEAXK0@Z@@YAP6AXPEAXK0@ZQ6AX0K0@Z@Z 0000000180004240 f i libucrtd:exit.obj
 0001:00003240       ??$__crt_fast_decode_pointer@P6AHPEAU_exception@@@Z@@YAP6AHPEAU_exception@@@ZQ6AH0@Z@Z 0000000180004240 f i libucrtd:matherr.obj
 0001:00003240       ??$__crt_fast_decode_pointer@P6AXPEB_W00I_K@Z@@YAP6AXPEB_W00I_K@ZQ6AX000I1@Z@Z 0000000180004240 f i libucrtd:invalid_parameter.obj
 0001:00003240       ??$__crt_fast_decode_pointer@P6AXXZ@@YAP6AXXZQ6AXXZ@Z 0000000180004240 f i libvcruntimed:purevirt.obj
 0001:00003240       ??$__crt_fast_decode_pointer@P6AH_K@Z@@YAP6AH_K@ZQ6AH0@Z@Z 0000000180004240 f i libucrtd:new_handler.obj
 0001:00003280       ??$__crt_fast_encode_pointer@P6AXH@Z@@YAP6AXH@ZQ6AXH@Z@Z 0000000180004280 f i libucrtd:signal.obj
 0001:00003280       ??$__crt_fast_encode_pointer@P6AXPEAXK0@Z@@YAP6AXPEAXK0@ZQ6AX0K0@Z@Z 0000000180004280 f i libucrtd:exit.obj
 0001:00003280       ??$__crt_fast_encode_pointer@PEAP6AXXZ@@YAPEAP6AXXZQEAP6AXXZ@Z 0000000180004280 f i LIBCMTD:utility.obj
 0001:00003280       ??$__crt_fast_encode_pointer@PEAX@@YAPEAXQEAX@Z 0000000180004280 f i libvcruntimed:winapi_downlevel.obj
 0001:00003280       ??$__crt_fast_encode_pointer@P6AXXZ@@YAP6AXXZQ6AXXZ@Z 0000000180004280 f i libvcruntimed:purevirt_data.obj
 0001:000032c0       ?__crt_rotate_pointer_value@@YA_K_KH@Z 00000001800042c0 f i LIBCMTD:utility.obj
 0001:000032e0       ?configure_argv@__scrt_narrow_argv_policy@@SAHXZ 00000001800042e0 f i LIBCMTD:utility.obj
 0001:000033d0       ?initialize_environment@__scrt_narrow_environment_policy@@SAHXZ 00000001800043d0 f i LIBCMTD:utility.obj
 0001:00003470       NtCurrentTeb               0000000180004470 f i LIBCMTD:utility.obj
 0001:00003480       __scrt_acquire_startup_lock 0000000180004480 f   LIBCMTD:utility.obj
 0001:000034f0       __scrt_dllmain_after_initialize_c 00000001800044f0 f   LIBCMTD:utility.obj
 0001:00003520       __scrt_dllmain_before_initialize_c 0000000180004520 f   LIBCMTD:utility.obj
 0001:00003540       __scrt_dllmain_crt_thread_attach 0000000180004540 f   LIBCMTD:utility.obj
 0001:00003570       __scrt_dllmain_crt_thread_detach 0000000180004570 f   LIBCMTD:utility.obj
 0001:00003590       __scrt_dllmain_exception_filter 0000000180004590 f   LIBCMTD:utility.obj
 0001:000035f0       __scrt_dllmain_uninitialize_c 00000001800045f0 f   LIBCMTD:utility.obj
 0001:00003620       __scrt_dllmain_uninitialize_critical 0000000180004620 f   LIBCMTD:utility.obj
 0001:00003640       __scrt_initialize_crt      0000000180004640 f   LIBCMTD:utility.obj
 0001:00003690       __scrt_initialize_onexit_tables 0000000180004690 f   LIBCMTD:utility.obj
 0001:000037a0       __scrt_is_nonwritable_in_current_image 00000001800047a0 f   LIBCMTD:utility.obj
 0001:00003830       __scrt_release_startup_lock 0000000180004830 f   LIBCMTD:utility.obj
 0001:00003860       __scrt_uninitialize_crt    0000000180004860 f   LIBCMTD:utility.obj
 0001:000038a0       __scrt_get_dyn_tls_init_callback 00000001800048a0 f   LIBCMTD:dyn_tls_init.obj
 0001:000038b0       __crt_debugger_hook        00000001800048b0 f   LIBCMTD:utility_desktop.obj
 0001:000038c0       __scrt_fastfail            00000001800048c0 f   LIBCMTD:utility_desktop.obj
 0001:00003a60       _RTC_Initialize            0000000180004a60 f   LIBCMTD:initsect.obj
 0001:00003ab0       _RTC_Terminate             0000000180004ab0 f   LIBCMTD:initsect.obj
 0001:00003b00       ??1scoped_global_state_reset@__crt_state_management@@QEAA@XZ 0000000180004b00 f i libucrtd:onexit.obj
 0001:00003b00       _guard_check_icall_nop     0000000180004b00 f i LIBCMTD:guard_support.obj
 0001:00003b00       ??1?$__crt_simd_cleanup_guard@$0A@@@QEAA@XZ 0000000180004b00 f i libucrtd:strnlen.obj
 0001:00003b10       ?__crt_interlocked_read_64@@YA_JPED_J@Z 0000000180004b10 f i libvcruntimed:std_type_info.obj
 0001:00003b10       ReadNoFence64              0000000180004b10 f i LIBCMTD:guard_support.obj
 0001:00003b30       ??$__crt_interlocked_read_pointer@X@@YAPEAXPEDSEAX@Z 0000000180004b30 f i libvcruntimed:winapi_downlevel.obj
 0001:00003b30       ??$__crt_interlocked_read_pointer@UHINSTANCE__@@@@YAPEAUHINSTANCE__@@PEDSEAU0@@Z 0000000180004b30 f i libvcruntimed:winapi_downlevel.obj
 0001:00003b30       ReadPointerNoFence         0000000180004b30 f i LIBCMTD:guard_support.obj
 0001:00003b50       _guard_icall_checks_enforced 0000000180004b50 f i LIBCMTD:guard_support.obj
 0001:00003b90       __isa_available_init       0000000180004b90 f   LIBCMTD:cpu_disp.obj
 0001:00003f00       _get_startup_argv_mode     0000000180004f00 f   LIBCMTD:argv_mode.obj
 0001:00003f10       __scrt_is_ucrt_dll_in_use  0000000180004f10 f   LIBCMTD:ucrt_detection.obj
 0001:00003f40       IsProcessorFeaturePresent  0000000180004f40 f   kernel32:KERNEL32.dll
 0001:00003f50       __C_specific_handler       0000000180004f50 f   libvcruntimed:riscchandler.obj
 0001:00004390       ??$?RPEAU__crt_stdio_stream_data@@@__crt_internal_free_policy@@QEBAXQEBQEAU__crt_stdio_stream_data@@@Z 0000000180005390 f i libucrtd:_file.obj
 0001:00004390       ??$?RD@__crt_internal_free_policy@@QEBAXQEBD@Z 0000000180005390 f i libvcruntimed:std_type_info.obj
 0001:00004390       ??$?RU__crt_multibyte_data@@@__crt_internal_free_policy@@QEBAXQEBU__crt_multibyte_data@@@Z 0000000180005390 f i libucrtd:mbctype.obj
 0001:00004390       ??$?RPEAD@__crt_internal_free_policy@@QEBAXQEBQEAD@Z 0000000180005390 f i libucrtd:argv_parsing.obj
 0001:00004390       ??$?RU__acrt_ptd@@@__crt_internal_free_policy@@QEBAXQEBU__acrt_ptd@@@Z 0000000180005390 f i libucrtd:per_thread_data.obj
 0001:00004390       ??$?RU__vcrt_ptd@@@__crt_internal_free_policy@@QEBAXQEBU__vcrt_ptd@@@Z 0000000180005390 f i libvcruntimed:per_thread_data.obj
 0001:00004390       ??$?RU__crt_lowio_handle_data@@@__crt_internal_free_policy@@QEBAXQEBU__crt_lowio_handle_data@@@Z 0000000180005390 f i libucrtd:osfinfo.obj
 0001:00004390       ??$?RE@__crt_internal_free_policy@@QEBAXQEBE@Z 0000000180005390 f i libucrtd:argv_parsing.obj
 0001:000043c0       ??0?$__crt_unique_heap_ptr@U__vcrt_ptd@@U__crt_internal_free_policy@@@@QEAA@QEAU__vcrt_ptd@@@Z 00000001800053c0 f i libvcruntimed:per_thread_data.obj
 0001:000043c0       ??0?$__crt_unique_heap_ptr@PEAU__crt_stdio_stream_data@@U__crt_internal_free_policy@@@@QEAA@QEAPEAU__crt_stdio_stream_data@@@Z 00000001800053c0 f i libucrtd:_file.obj
 0001:000043c0       ??0__crt_stdio_stream@@QEAA@QEAU__crt_stdio_stream_data@@@Z 00000001800053c0 f i libucrtd:fflush.obj
 0001:000043c0       ??0?$__crt_unique_heap_ptr@U__crt_lowio_handle_data@@U__crt_internal_free_policy@@@@QEAA@QEAU__crt_lowio_handle_data@@@Z 00000001800053c0 f i libucrtd:osfinfo.obj
 0001:000043c0       ??0?$string_output_adapter@D@__crt_stdio_output@@QEAA@QEAU?$string_output_adapter_context@D@1@@Z 00000001800053c0 f i libucrtd:output.obj
 0001:000043c0       ??0?$__crt_scoped_stack_ptr_tag@_W@@QEAA@QEA_W@Z 00000001800053c0 f i libucrtd:getstringtypea.obj
 0001:000043c0       ??0?$__crt_scoped_stack_ptr@_W@@QEAA@U?$__crt_scoped_stack_ptr_tag@_W@@@Z 00000001800053c0 f i libucrtd:getstringtypea.obj
 0001:000043c0       ??0?$__crt_unique_heap_ptr@U__acrt_ptd@@U__crt_internal_free_policy@@@@QEAA@QEAU__acrt_ptd@@@Z 00000001800053c0 f i libucrtd:per_thread_data.obj
 0001:000043c0       ??0?$__crt_unique_handle_t@U__crt_hmodule_traits@@@@QEAA@QEAUHINSTANCE__@@@Z 00000001800053c0 f i libucrtd:exit.obj
 0001:000043c0       ??0?$__crt_unique_heap_ptr@DU__crt_public_free_policy@@@@QEAA@QEAD@Z 00000001800053c0 f i libvcruntimed:std_exception.obj
 0001:000043c0       ??0?$__crt_unique_handle_t@U__crt_findfile_traits@@@@QEAA@QEAX@Z 00000001800053c0 f i libucrtd:argv_wildcards.obj
 0001:000043c0       ??0?$__crt_unique_heap_ptr@EU__crt_internal_free_policy@@@@QEAA@QEAE@Z 00000001800053c0 f i libucrtd:argv_parsing.obj
 0001:000043c0       ??0?$__crt_unique_heap_ptr@PEADU__crt_internal_free_policy@@@@QEAA@QEAPEAD@Z 00000001800053c0 f i libucrtd:argv_parsing.obj
 0001:000043c0       ??0__crt_stdio_stream@@QEAA@QEAU_iobuf@@@Z 00000001800053c0 f i libucrtd:output.obj
 0001:000043c0       ??0?$__crt_unique_heap_ptr@DU__crt_internal_free_policy@@@@QEAA@QEAD@Z 00000001800053c0 f i libvcruntimed:std_type_info.obj
 0001:000043c0       ??0?$string_output_adapter@_W@__crt_stdio_output@@QEAA@QEAU?$string_output_adapter_context@_W@1@@Z 00000001800053c0 f i libucrtd:output.obj
 0001:000043c0       ??0?$__crt_unique_heap_ptr@U__crt_multibyte_data@@U__crt_internal_free_policy@@@@QEAA@QEAU__crt_multibyte_data@@@Z 00000001800053c0 f i libucrtd:mbctype.obj
 0001:000043e0       ??1?$__crt_unique_heap_ptr@U__crt_multibyte_data@@U__crt_internal_free_policy@@@@QEAA@XZ 00000001800053e0 f i libucrtd:mbctype.obj
 0001:000043e0       ??1?$__crt_unique_heap_ptr@U__vcrt_ptd@@U__crt_internal_free_policy@@@@QEAA@XZ 00000001800053e0 f i libvcruntimed:per_thread_data.obj
 0001:000043e0       ??1?$__crt_unique_heap_ptr@PEAU__crt_stdio_stream_data@@U__crt_internal_free_policy@@@@QEAA@XZ 00000001800053e0 f i libucrtd:_file.obj
 0001:000043e0       ??1?$__crt_unique_heap_ptr@EU__crt_internal_free_policy@@@@QEAA@XZ 00000001800053e0 f i libucrtd:argv_parsing.obj
 0001:000043e0       ??1?$__crt_unique_heap_ptr@DU__crt_internal_free_policy@@@@QEAA@XZ 00000001800053e0 f i libvcruntimed:std_type_info.obj
 0001:000043e0       ??1?$__crt_unique_heap_ptr@U__crt_lowio_handle_data@@U__crt_internal_free_policy@@@@QEAA@XZ 00000001800053e0 f i libucrtd:osfinfo.obj
 0001:000043e0       ??1?$__crt_unique_heap_ptr@PEADU__crt_internal_free_policy@@@@QEAA@XZ 00000001800053e0 f i libucrtd:argv_parsing.obj
 0001:000043e0       ??1?$__crt_unique_heap_ptr@U__acrt_ptd@@U__crt_internal_free_policy@@@@QEAA@XZ 00000001800053e0 f i libucrtd:per_thread_data.obj
 0001:00004400       ??B?$__crt_unique_heap_ptr@EU__crt_internal_free_policy@@@@QEBA_NXZ 0000000180005400 f i libucrtd:argv_parsing.obj
 0001:00004400       ??B?$__crt_unique_heap_ptr@U__crt_multibyte_data@@U__crt_internal_free_policy@@@@QEBA_NXZ 0000000180005400 f i libucrtd:mbctype.obj
 0001:00004400       ??B?$__crt_unique_heap_ptr@U__crt_lowio_handle_data@@U__crt_internal_free_policy@@@@QEBA_NXZ 0000000180005400 f i libucrtd:osfinfo.obj
 0001:00004400       ??B?$__crt_unique_heap_ptr@U__vcrt_ptd@@U__crt_internal_free_policy@@@@QEBA_NXZ 0000000180005400 f i libvcruntimed:per_thread_data.obj
 0001:00004400       ??B?$__crt_unique_heap_ptr@U__acrt_ptd@@U__crt_internal_free_policy@@@@QEBA_NXZ 0000000180005400 f i libucrtd:per_thread_data.obj
 0001:00004400       ??B?$__crt_unique_heap_ptr@DU__crt_internal_free_policy@@@@QEBA_NXZ 0000000180005400 f i libvcruntimed:std_type_info.obj
 0001:00004400       ??B?$__crt_unique_heap_ptr@DU__crt_public_free_policy@@@@QEBA_NXZ 0000000180005400 f i libvcruntimed:std_exception.obj
 0001:00004420       ?get@?$__crt_unique_handle_t@U__crt_hmodule_traits@@@@QEBAPEAUHINSTANCE__@@XZ 0000000180005420 f i libucrtd:exit.obj
 0001:00004420       ?get@?$__crt_unique_heap_ptr@DU__crt_public_free_policy@@@@QEBAPEADXZ 0000000180005420 f i libvcruntimed:std_exception.obj
 0001:00004420       ?get@?$__crt_unique_heap_ptr@U__vcrt_ptd@@U__crt_internal_free_policy@@@@QEBAPEAU__vcrt_ptd@@XZ 0000000180005420 f i libvcruntimed:per_thread_data.obj
 0001:00004420       ??C__crt_stdio_stream@@QEBAPEAU__crt_stdio_stream_data@@XZ 0000000180005420 f i libucrtd:output.obj
 0001:00004420       ?get@?$__crt_scoped_stack_ptr@_W@@QEBAPEA_WXZ 0000000180005420 f i libucrtd:getstringtypea.obj
 0001:00004420       ?get@?$__crt_unique_handle_t@U__crt_findfile_traits@@@@QEBAPEAXXZ 0000000180005420 f i libucrtd:argv_wildcards.obj
 0001:00004420       ?get@?$__crt_unique_heap_ptr@U__acrt_ptd@@U__crt_internal_free_policy@@@@QEBAPEAU__acrt_ptd@@XZ 0000000180005420 f i libucrtd:per_thread_data.obj
 0001:00004420       ?get@?$__crt_unique_heap_ptr@DU__crt_internal_free_policy@@@@QEBAPEADXZ 0000000180005420 f i libvcruntimed:std_type_info.obj
 0001:00004420       ?get@?$__crt_unique_heap_ptr@U__crt_lowio_handle_data@@U__crt_internal_free_policy@@@@QEBAPEAU__crt_lowio_handle_data@@XZ 0000000180005420 f i libucrtd:osfinfo.obj
 0001:00004420       ?get@?$__crt_unique_heap_ptr@PEADU__crt_internal_free_policy@@@@QEBAPEAPEADXZ 0000000180005420 f i libucrtd:argv_parsing.obj
 0001:00004420       ?getFuncInfo@TryBlockMap@__FrameHandler3@@QEAAPEBU_s_FuncInfo@@XZ 0000000180005420 f i libvcruntimed:risctrnsctrl.obj
 0001:00004420       ?get@?$__crt_unique_heap_ptr@EU__crt_internal_free_policy@@@@QEBAPEAEXZ 0000000180005420 f i libucrtd:argv_parsing.obj
 0001:00004420       ?save_state@?$c_string_character_source@_W@__crt_strtox@@QEBAPEB_WXZ 0000000180005420 f i libucrtd:atox.obj
 0001:00004420       ?save_state@?$c_string_character_source@D@__crt_strtox@@QEBAPEBDXZ 0000000180005420 f i libucrtd:atox.obj
 0001:00004420       ?public_stream@__crt_stdio_stream@@QEBAPEAU_iobuf@@XZ 0000000180005420 f i libucrtd:output.obj
 0001:00004420       ?get@?$__crt_unique_heap_ptr@U__crt_multibyte_data@@U__crt_internal_free_policy@@@@QEBAPEAU__crt_multibyte_data@@XZ 0000000180005420 f i libucrtd:mbctype.obj
 0001:00004430       ?is_valid@?$__crt_unique_heap_ptr@DU__crt_internal_free_policy@@@@QEBA_NXZ 0000000180005430 f i libvcruntimed:std_type_info.obj
 0001:00004430       ??B?$__crt_scoped_stack_ptr@_W@@QEBA_NXZ 0000000180005430 f i libucrtd:lcmapstringa.obj
 0001:00004430       ?is_valid@?$__crt_unique_heap_ptr@U__vcrt_ptd@@U__crt_internal_free_policy@@@@QEBA_NXZ 0000000180005430 f i libvcruntimed:per_thread_data.obj
 0001:00004430       ?is_valid@?$__crt_unique_heap_ptr@U__crt_multibyte_data@@U__crt_internal_free_policy@@@@QEBA_NXZ 0000000180005430 f i libucrtd:mbctype.obj
 0001:00004430       ?is_valid@?$__crt_unique_heap_ptr@EU__crt_internal_free_policy@@@@QEBA_NXZ 0000000180005430 f i libucrtd:argv_parsing.obj
 0001:00004430       ?is_valid@?$__crt_unique_heap_ptr@U__crt_lowio_handle_data@@U__crt_internal_free_policy@@@@QEBA_NXZ 0000000180005430 f i libucrtd:osfinfo.obj
 0001:00004430       ?is_valid@?$__crt_unique_heap_ptr@DU__crt_public_free_policy@@@@QEBA_NXZ 0000000180005430 f i libvcruntimed:std_exception.obj
 0001:00004430       ?is_valid@?$__crt_unique_heap_ptr@U__acrt_ptd@@U__crt_internal_free_policy@@@@QEBA_NXZ 0000000180005430 f i libucrtd:per_thread_data.obj
 0001:00004430       ?valid@__crt_stdio_stream@@QEBA_NXZ 0000000180005430 f i libucrtd:output.obj
 0001:00004460       ?release@?$__crt_unique_heap_ptr@PEADU__crt_internal_free_policy@@@@QEAAXXZ 0000000180005460 f i libucrtd:argv_parsing.obj
 0001:00004460       ?release@?$__crt_unique_heap_ptr@DU__crt_internal_free_policy@@@@QEAAXXZ 0000000180005460 f i libvcruntimed:std_type_info.obj
 0001:00004460       ?release@?$__crt_unique_heap_ptr@EU__crt_internal_free_policy@@@@QEAAXXZ 0000000180005460 f i libucrtd:argv_parsing.obj
 0001:00004460       ?release@?$__crt_unique_heap_ptr@PEAU__crt_stdio_stream_data@@U__crt_internal_free_policy@@@@QEAAXXZ 0000000180005460 f i libucrtd:_file.obj
 0001:00004460       ?release@?$__crt_unique_heap_ptr@U__acrt_ptd@@U__crt_internal_free_policy@@@@QEAAXXZ 0000000180005460 f i libucrtd:per_thread_data.obj
 0001:00004460       ?release@?$__crt_unique_heap_ptr@U__crt_lowio_handle_data@@U__crt_internal_free_policy@@@@QEAAXXZ 0000000180005460 f i libucrtd:osfinfo.obj
 0001:00004460       ?release@?$__crt_unique_heap_ptr@U__crt_multibyte_data@@U__crt_internal_free_policy@@@@QEAAXXZ 0000000180005460 f i libucrtd:mbctype.obj
 0001:00004460       ?release@?$__crt_unique_heap_ptr@U__vcrt_ptd@@U__crt_internal_free_policy@@@@QEAAXXZ 0000000180005460 f i libvcruntimed:per_thread_data.obj
 0001:00004490       __std_type_info_compare    0000000180005490 f   libvcruntimed:std_type_info.obj
 0001:000044d0       __std_type_info_destroy_list 00000001800054d0 f   libvcruntimed:std_type_info.obj
 0001:00004530       __vcrt_initialize          0000000180005530 f   libvcruntimed:initialization.obj
 0001:00004570       __vcrt_thread_attach       0000000180005570 f   libvcruntimed:initialization.obj
 0001:00004590       __vcrt_thread_detach       0000000180005590 f   libvcruntimed:initialization.obj
 0001:000045b0       __vcrt_uninitialize        00000001800055b0 f   libvcruntimed:initialization.obj
 0001:000045e0       __vcrt_uninitialize_critical 00000001800055e0 f   libvcruntimed:initialization.obj
 0001:000045f0       ??$__vcrt_va_start_verify_argument_type@QEBD@@YAXXZ 00000001800055f0 f   libucrtd:debug_heap.obj
 0001:000045f0       ??$__vcrt_va_start_verify_argument_type@QEB_W@@YAXXZ 00000001800055f0 f   libucrtd:dbgrpt.obj
 0001:00004610       _NLG_Notify                0000000180005610 f   libvcruntimed:notify.obj
 0001:00004630       __NLG_Dispatch2            0000000180005630 f   libvcruntimed:notify.obj
 0001:00004640       __NLG_Return2              0000000180005640 f   libvcruntimed:notify.obj
 0001:00004650       __except_validate_context_record 0000000180005650 f   libvcruntimed:jbcxrval.obj
 0001:000046b0       __DestructExceptionObject  00000001800056b0 f   libvcruntimed:ehhelpers.obj
 0001:000047b0       ?_CallMemberFunction0@@YAXQEAX0@Z 00000001800057b0 f i libvcruntimed:ehhelpers.obj
 0001:000047e0       _IsExceptionObjectToBeDestroyed 00000001800057e0 f   libvcruntimed:ehhelpers.obj
 0001:00004830       __AdjustPointer            0000000180005830 f   libvcruntimed:ehhelpers.obj
 0001:000048b0       __FrameUnwindFilter        00000001800058b0 f   libvcruntimed:ehhelpers.obj
 0001:00004940       _vsprintf_s_l              0000000180005940 f i libvcruntimed:undname.obj
 0001:000049b0       sprintf_s                  00000001800059b0 f i libvcruntimed:undname.obj
 0001:00004a50       ?detach@?$__crt_unique_heap_ptr@U__acrt_ptd@@U__crt_internal_free_policy@@@@QEAAPEAU__acrt_ptd@@XZ 0000000180005a50 f i libucrtd:per_thread_data.obj
 0001:00004a50       ?detach@?$__crt_unique_heap_ptr@PEADU__crt_internal_free_policy@@@@QEAAPEAPEADXZ 0000000180005a50 f i libucrtd:argv_parsing.obj
 0001:00004a50       ?detach@?$__crt_unique_heap_ptr@U__vcrt_ptd@@U__crt_internal_free_policy@@@@QEAAPEAU__vcrt_ptd@@XZ 0000000180005a50 f i libvcruntimed:per_thread_data.obj
 0001:00004a50       ?detach@?$__crt_unique_heap_ptr@U__crt_lowio_handle_data@@U__crt_internal_free_policy@@@@QEAAPEAU__crt_lowio_handle_data@@XZ 0000000180005a50 f i libucrtd:osfinfo.obj
 0001:00004a50       ?detach@?$__crt_unique_heap_ptr@PEAU__crt_stdio_stream_data@@U__crt_internal_free_policy@@@@QEAAPEAPEAU__crt_stdio_stream_data@@XZ 0000000180005a50 f i libucrtd:_file.obj
 0001:00004a50       ?detach@?$__crt_unique_heap_ptr@U__crt_multibyte_data@@U__crt_internal_free_policy@@@@QEAAPEAU__crt_multibyte_data@@XZ 0000000180005a50 f i libucrtd:mbctype.obj
 0001:00004a50       ?detach@?$__crt_unique_heap_ptr@DU__crt_public_free_policy@@@@QEAAPEADXZ 0000000180005a50 f i libvcruntimed:std_exception.obj
 0001:00004a50       ?detach@?$__crt_unique_heap_ptr@EU__crt_internal_free_policy@@@@QEAAPEAEXZ 0000000180005a50 f i libucrtd:argv_parsing.obj
 0001:00004ad0       __vcrt_freefls             0000000180005ad0 f   libvcruntimed:per_thread_data.obj
 0001:00004b10       __vcrt_freeptd             0000000180005b10 f   libvcruntimed:per_thread_data.obj
 0001:00004b70       __vcrt_getptd              0000000180005b70 f   libvcruntimed:per_thread_data.obj
 0001:00004ba0       __vcrt_getptd_noexit       0000000180005ba0 f   libvcruntimed:per_thread_data.obj
 0001:00004d40       __vcrt_initialize_ptd      0000000180005d40 f   libvcruntimed:per_thread_data.obj
 0001:00004d90       __vcrt_uninitialize_ptd    0000000180005d90 f   libvcruntimed:per_thread_data.obj
 0001:00004dc0       __vcrt_initialize_locks    0000000180005dc0 f   libvcruntimed:locks.obj
 0001:00004e30       __vcrt_uninitialize_locks  0000000180005e30 f   libvcruntimed:locks.obj
 0001:00004e90       ??$?B$$A6AXPEAXK0@Z@__crt_fast_encoded_nullptr_t@@QEBAP6AXPEAXK0@ZXZ 0000000180005e90 f i libucrtd:exit.obj
 0001:00004e90       ??$?BP6AXXZ@__crt_fast_encoded_nullptr_t@@QEBAPEAP6AXXZXZ 0000000180005e90 f i libucrtd:onexit.obj
 0001:00004e90       ??$?B$$A6AXH@Z@__crt_fast_encoded_nullptr_t@@QEBAP6AXH@ZXZ 0000000180005e90 f i libucrtd:signal.obj
 0001:00004e90       ??$?BX@__crt_fast_encoded_nullptr_t@@QEBAPEAXXZ 0000000180005e90 f i libvcruntimed:winapi_downlevel.obj
 0001:00004e90       ??$?B$$A6AXXZ@__crt_fast_encoded_nullptr_t@@QEBAP6AXXZXZ 0000000180005e90 f i libvcruntimed:purevirt_data.obj
 0001:00004eb0       ??$__crt_interlocked_exchange_pointer@UHINSTANCE__@@PEAX@@YAPEAUHINSTANCE__@@PEDSEAU0@QEAX@Z 0000000180005eb0 f i libvcruntimed:winapi_downlevel.obj
 0001:00004eb0       ??$__crt_interlocked_exchange_pointer@XPEAX@@YAPEAXPEDSEAXQEAX@Z 0000000180005eb0 f i libvcruntimed:winapi_downlevel.obj
 0001:00004eb0       ??$__crt_interlocked_exchange_pointer@UHINSTANCE__@@PEAU1@@@YAPEAUHINSTANCE__@@PEDSEAU0@QEAU0@@Z 0000000180005eb0 f i libvcruntimed:winapi_downlevel.obj
 0001:00004ed0       ?__crt_fast_encode_pointer@@YA?AU__crt_fast_encoded_nullptr_t@@$$T@Z 0000000180005ed0 f i libvcruntimed:winapi_downlevel.obj
 0001:00004ef0       ?get_invalid_value@__crt_findfile_traits@@SAPEAXXZ 0000000180005ef0 f   libucrtd:argv_wildcards.obj
 0001:00005430       __vcrt_FlsAlloc            0000000180006430 f   libvcruntimed:winapi_downlevel.obj
 0001:00005480       __vcrt_FlsFree             0000000180006480 f   libvcruntimed:winapi_downlevel.obj
 0001:000054d0       __vcrt_FlsGetValue         00000001800064d0 f   libvcruntimed:winapi_downlevel.obj
 0001:00005520       __vcrt_FlsSetValue         0000000180006520 f   libvcruntimed:winapi_downlevel.obj
 0001:00005580       __vcrt_InitializeCriticalSectionEx 0000000180006580 f   libvcruntimed:winapi_downlevel.obj
 0001:000055e0       __vcrt_initialize_winapi_thunks 00000001800065e0 f   libvcruntimed:winapi_downlevel.obj
 0001:00005660       __vcrt_uninitialize_winapi_thunks 0000000180006660 f   libvcruntimed:winapi_downlevel.obj
 0001:00005700       __vcrt_initialize_pure_virtual_call_handler 0000000180006700 f   libvcruntimed:purevirt_data.obj
 0001:00005740       memcpy_repmovs             0000000180006740 f   libvcruntimed:memcpy.obj
 0001:00005760       memmove                    0000000180006760 f   libvcruntimed:memcpy.obj
 0001:00005760       memcpy                     0000000180006760 f   libvcruntimed:memcpy.obj
 0001:00005ba0       ??$?0AEAViterator@TryBlockMap@__FrameHandler3@@AEAV012@$0A@@?$pair@Viterator@TryBlockMap@__FrameHandler3@@V123@@std@@QEAA@AEAViterator@TryBlockMap@__FrameHandler3@@0@Z 0000000180006ba0 f i libvcruntimed:risctrnsctrl.obj
 0001:00005cb0       ??$_CallSETranslator@V__FrameHandler3@@@@YAHPEAUEHExceptionRecord@@PEA_KPEAU_CONTEXT@@PEAU_xDISPATCHER_CONTEXT@@PEBU_s_FuncInfo@@K1@Z 0000000180006cb0 f i libvcruntimed:risctrnsctrl.obj
 0001:00005d30       ?debug_info@?$__crt_win32_buffer@DU__crt_win32_buffer_no_resizing@@@@QEBAAEBV__crt_win32_buffer_empty_debug_info@@XZ 0000000180006d30 f i libucrtd:getmodulefilenamea.obj
 0001:00005d30       ?debug_info@?$__crt_win32_buffer@_WU__crt_win32_buffer_internal_dynamic_resizing@@@@QEBAAEBV__crt_win32_buffer_empty_debug_info@@XZ 0000000180006d30 f i libucrtd:argv_wildcards.obj
 0001:00005d30       ??$forward@AEAViterator@TryBlockMap@__FrameHandler3@@@std@@YAAEAViterator@TryBlockMap@__FrameHandler3@@AEAV123@@Z 0000000180006d30 f i libvcruntimed:risctrnsctrl.obj
 0001:00005d30       ?dangerous_get_state_array@?$dual_state_global@PEAU__crt_locale_data@@@__crt_state_management@@QEAAPEAPEAU__crt_locale_data@@XZ 0000000180006d30 f i libucrtd:per_thread_data.obj
 0001:00005d30       ?dangerous_get_state_array@?$dual_state_global@P6AXPEB_W00I_K@Z@__crt_state_management@@QEAAPEAP6AXPEB_W00I_K@ZXZ 0000000180006d30 f i libucrtd:invalid_parameter.obj
 0001:00005d30       ?debug_info@?$__crt_win32_buffer@DU__crt_win32_buffer_internal_dynamic_resizing@@@@QEBAAEBV__crt_win32_buffer_empty_debug_info@@XZ 0000000180006d30 f i libucrtd:argv_wildcards.obj
 0001:00005d30       ?get_address_of@?$__crt_unique_handle_t@U__crt_hmodule_traits@@@@QEAAPEAPEAUHINSTANCE__@@XZ 0000000180006d30 f i libucrtd:exit.obj
 0001:00005d30       ?dangerous_get_state_array@?$dual_state_global@PEAE@__crt_state_management@@QEAAPEAPEAEXZ 0000000180006d30 f i libucrtd:mbctype.obj
 0001:00005d30       ?dangerous_get_state_array@?$dual_state_global@PEAU__crt_multibyte_data@@@__crt_state_management@@QEAAPEAPEAU__crt_multibyte_data@@XZ 0000000180006d30 f i libucrtd:mbctype.obj
 0001:00005d30       ?get_address_of@?$__crt_unique_heap_ptr@PEADU__crt_internal_free_policy@@@@QEAAPEAPEAPEADXZ 0000000180006d30 f i libucrtd:argv_parsing.obj
 0001:00005d40       ??0iterator@TryBlockMap@__FrameHandler3@@QEAA@AEAV12@I@Z 0000000180006d40 f i libvcruntimed:risctrnsctrl.obj
 0001:00005d40       ??0iterator@HandlerMap@__FrameHandler3@@QEAA@AEAV12@I@Z 0000000180006d40 f i libvcruntimed:frame.obj
 0001:00005d70       ?CatchTryBlock@__FrameHandler3@@SAPEBU_s_TryBlockMapEntry@@PEBU_s_FuncInfo@@H@Z 0000000180006d70 f   libvcruntimed:risctrnsctrl.obj
 0001:00005e10       ?ExecutionInCatch@__FrameHandler3@@SA_NPEAU_xDISPATCHER_CONTEXT@@PEBU_s_FuncInfo@@@Z 0000000180006e10 f   libvcruntimed:risctrnsctrl.obj
 0001:00005e60       ?FrameUnwindToEmptyState@__FrameHandler3@@SAXPEA_KPEAU_xDISPATCHER_CONTEXT@@PEBU_s_FuncInfo@@@Z 0000000180006e60 f   libvcruntimed:risctrnsctrl.obj
 0001:00005f00       ?GetEstablisherFrame@__FrameHandler3@@SAPEA_KPEA_KPEAU_xDISPATCHER_CONTEXT@@PEBU_s_FuncInfo@@0@Z 0000000180006f00 f   libvcruntimed:risctrnsctrl.obj
 0001:00006070       ?GetRangeOfTrysToCheck@__FrameHandler3@@SA?AU?$pair@Viterator@TryBlockMap@__FrameHandler3@@V123@@std@@AEAVTryBlockMap@1@HH@Z 0000000180007070 f   libvcruntimed:risctrnsctrl.obj
 0001:000062c0       ?UnwindNestedFrames@__FrameHandler3@@SAXPEA_KPEAUEHExceptionRecord@@PEAU_CONTEXT@@0PEAXPEBU_s_FuncInfo@@HHPEBU_s_HandlerType@@PEAU_xDISPATCHER_CONTEXT@@E@Z 00000001800072c0 f   libvcruntimed:risctrnsctrl.obj
 0001:00006430       ?getpDC@TryBlockMap@__FrameHandler3@@QEAAPEAU_xDISPATCHER_CONTEXT@@XZ 0000000180007430 f i libvcruntimed:risctrnsctrl.obj
 0001:00006440       _CreateFrameInfo           0000000180007440 f   libvcruntimed:risctrnsctrl.obj
 0001:000064b0       _FindAndUnlinkFrame        00000001800074b0 f   libvcruntimed:risctrnsctrl.obj
 0001:00006530       _GetImageBase              0000000180007530 f   libvcruntimed:risctrnsctrl.obj
 0001:00006550       _GetThrowImageBase         0000000180007550 f   libvcruntimed:risctrnsctrl.obj
 0001:00006570       _SetImageBase              0000000180007570 f   libvcruntimed:risctrnsctrl.obj
 0001:00006590       _SetThrowImageBase         0000000180007590 f   libvcruntimed:risctrnsctrl.obj
 0001:000065b0       __CxxFrameHandler3         00000001800075b0 f   libvcruntimed:risctrnsctrl.obj
 0001:00006670       ?GetCurrentState@__FrameHandler3@@SAHPEA_KPEAU_xDISPATCHER_CONTEXT@@PEBU_s_FuncInfo@@@Z 0000000180007670 f   libvcruntimed:ehstate.obj
 0001:000066d0       ?GetUnwindTryBlock@__FrameHandler3@@SAHPEA_KPEAU_xDISPATCHER_CONTEXT@@PEBU_s_FuncInfo@@@Z 00000001800076d0 f   libvcruntimed:ehstate.obj
 0001:00006720       ?SetState@__FrameHandler3@@SAXPEA_KPEBU_s_FuncInfo@@H@Z 0000000180007720 f   libvcruntimed:ehstate.obj
 0001:00006750       ?SetUnwindTryBlock@__FrameHandler3@@SAXPEA_KPEAU_xDISPATCHER_CONTEXT@@PEBU_s_FuncInfo@@H@Z 0000000180007750 f   libvcruntimed:ehstate.obj
 0001:000067c0       ?StateFromControlPc@__FrameHandler3@@SAHPEBU_s_FuncInfo@@PEAU_xDISPATCHER_CONTEXT@@@Z 00000001800077c0 f   libvcruntimed:ehstate.obj
 0001:00006800       ?StateFromIp@__FrameHandler3@@SAHPEBU_s_FuncInfo@@PEAU_xDISPATCHER_CONTEXT@@_K@Z 0000000180007800 f   libvcruntimed:ehstate.obj
 0001:00007a50       ??$TypeMatchHelper@$$CBU_s_HandlerType@@@@YAHPEBU_s_HandlerType@@PEBU_s_CatchableType@@PEBU_s_ThrowInfo@@@Z 0000000180008a50 f i libvcruntimed:frame.obj
 0001:00007c40       ??$__InternalCxxFrameHandler@V__FrameHandler3@@@@YA?AW4_EXCEPTION_DISPOSITION@@PEAUEHExceptionRecord@@PEA_KPEAU_CONTEXT@@PEAU_xDISPATCHER_CONTEXT@@PEBU_s_FuncInfo@@H1E@Z 0000000180008c40 f i libvcruntimed:frame.obj
 0001:000080c0       ??0HandlerMap@__FrameHandler3@@QEAA@PEBU_s_TryBlockMapEntry@@PEAU_xDISPATCHER_CONTEXT@@@Z 00000001800090c0 f i libvcruntimed:frame.obj
 0001:00008100       ??0TryBlockMap@__FrameHandler3@@QEAA@PEBU_s_FuncInfo@@PEAU_xDISPATCHER_CONTEXT@@@Z 0000000180009100 f i libvcruntimed:frame.obj
 0001:00008130       ??0bad_exception@std@@QEAA@AEBV01@@Z 0000000180009130 f i libvcruntimed:frame.obj
 0001:00008170       ??0bad_exception@std@@QEAA@XZ 0000000180009170 f i libvcruntimed:frame.obj
 0001:000081b0       ??0exception@std@@QEAA@AEBV01@@Z 00000001800091b0 f i libvcruntimed:frame.obj
 0001:00008210       ??0exception@std@@QEAA@QEBDH@Z 0000000180009210 f i libvcruntimed:frame.obj
 0001:00008260       ??1bad_exception@std@@UEAA@XZ 0000000180009260 f i libvcruntimed:frame.obj
 0001:00008280       ??1exception@std@@UEAA@XZ  0000000180009280 f i libvcruntimed:frame.obj
 0001:000082b0       ??8iterator@HandlerMap@__FrameHandler3@@QEBA_NAEBV012@@Z 00000001800092b0 f i libvcruntimed:frame.obj
 0001:000082f0       ??8type_info@@QEBA_NAEBV0@@Z 00000001800092f0 f i libvcruntimed:frame.obj
 0001:00008340       ??9iterator@HandlerMap@__FrameHandler3@@QEBA_NAEBV012@@Z 0000000180009340 f i libvcruntimed:frame.obj
 0001:00008380       ??Diterator@HandlerMap@__FrameHandler3@@QEAAPEBU_s_HandlerType@@XZ 0000000180009380 f i libvcruntimed:frame.obj
 0001:000083b0       ??Diterator@TryBlockMap@__FrameHandler3@@QEAAPEBU_s_TryBlockMapEntry@@XZ 00000001800093b0 f i libvcruntimed:frame.obj
 0001:000083f0       ??Eiterator@HandlerMap@__FrameHandler3@@QEAAAEAV012@XZ 00000001800093f0 f i libvcruntimed:frame.obj
 0001:000083f0       ??Eiterator@TryBlockMap@__FrameHandler3@@QEAAAEAV012@XZ 00000001800093f0 f i libvcruntimed:frame.obj
 0001:00008410       ??Miterator@TryBlockMap@__FrameHandler3@@QEBA_NAEBV012@@Z 0000000180009410 f i libvcruntimed:frame.obj
 0001:00008450       ??_Gbad_exception@std@@UEAAPEAXI@Z 0000000180009450 f i libvcruntimed:frame.obj
 0001:00008450       ??_Ebad_exception@std@@UEAAPEAXI@Z 0000000180009450 f i libvcruntimed:frame.obj
 0001:00008490       ??_Gexception@std@@UEAAPEAXI@Z 0000000180009490 f i libvcruntimed:frame.obj
 0001:00008490       ??_Eexception@std@@UEAAPEAXI@Z 0000000180009490 f i libvcruntimed:frame.obj
 0001:000084d0       ?BuildCatchObject@__FrameHandler3@@SAXPEAUEHExceptionRecord@@PEAXPEBU_s_HandlerType@@PEBU_s_CatchableType@@@Z 00000001800094d0 f   libvcruntimed:frame.obj
 0001:00008510       ?CxxCallCatchBlock@__FrameHandler3@@SAPEAXPEAU_EXCEPTION_RECORD@@@Z 0000000180009510 f   libvcruntimed:frame.obj
 0001:00008870       ?FrameUnwindToState@__FrameHandler3@@SAXPEA_KPEAU_xDISPATCHER_CONTEXT@@PEBU_s_FuncInfo@@H@Z 0000000180009870 f   libvcruntimed:frame.obj
 0001:00008b00       ?GetHandlerSearchState@__FrameHandler3@@SAHPEA_KPEAU_xDISPATCHER_CONTEXT@@PEBU_s_FuncInfo@@@Z 0000000180009b00 f i libvcruntimed:frame.obj
 0001:00008bb0       ?GetMaxState@__FrameHandler3@@SAHPEAU_xDISPATCHER_CONTEXT@@PEBU_s_FuncInfo@@@Z 0000000180009bb0 f i libvcruntimed:frame.obj
 0001:00008de0       ?TypeMatch@__FrameHandler3@@SAHPEBU_s_HandlerType@@PEBU_s_CatchableType@@PEBU_s_ThrowInfo@@@Z 0000000180009de0 f   libvcruntimed:frame.obj
 0001:00008de0       __TypeMatch                0000000180009de0 f   libvcruntimed:frame.obj
 0001:00008e10       ?_CallMemberFunction1@@YAXQEAX00@Z 0000000180009e10 f i libvcruntimed:frame.obj
 0001:00008e40       ?_CallMemberFunction2@@YAXQEAX00H@Z 0000000180009e40 f i libvcruntimed:frame.obj
 0001:00008e80       ?_ValidateExecute@@YA_NP6A_JXZ@Z 0000000180009e80 f i libvcruntimed:frame.obj
 0001:00008ea0       ?_ValidateRead@@YA_NPEBXI@Z 0000000180009ea0 f i libvcruntimed:frame.obj
 0001:00008ea0       ?_ValidateWrite@@YA_NPEAXI@Z 0000000180009ea0 f i libvcruntimed:frame.obj
 0001:00008f00       ?begin@HandlerMap@__FrameHandler3@@QEAA?AViterator@12@XZ 0000000180009f00 f i libvcruntimed:frame.obj
 0001:00008f30       ?end@HandlerMap@__FrameHandler3@@QEAA?AViterator@12@XZ 0000000180009f30 f i libvcruntimed:frame.obj
 0001:00008f60       ?getESTypes@__FrameHandler3@@SAPEBU_s_ESTypeList@@PEBU_s_FuncInfo@@@Z 0000000180009f60 f i libvcruntimed:frame.obj
 0001:00008fa0       ?getLastEntry@HandlerMap@__FrameHandler3@@QEAAPEBU_s_HandlerType@@XZ 0000000180009fa0 f i libvcruntimed:frame.obj
 0001:00008fc0       ?getMagicNum@__FrameHandler3@@SAIPEBU_s_FuncInfo@@@Z 0000000180009fc0 f i libvcruntimed:frame.obj
 0001:00008fe0       ?getNumTryBlocks@TryBlockMap@__FrameHandler3@@QEAAIXZ 0000000180009fe0 f i libvcruntimed:frame.obj
 0001:00009000       ?isEHs@__FrameHandler3@@SA_NPEBU_s_FuncInfo@@@Z 000000018000a000 f i libvcruntimed:frame.obj
 0001:00009040       ?isNoExcept@__FrameHandler3@@SA_NPEBU_s_FuncInfo@@@Z 000000018000a040 f i libvcruntimed:frame.obj
 0001:00009080       ?what@exception@std@@UEBAPEBDXZ 000000018000a080 f i libvcruntimed:frame.obj
 0001:000090c0       __vcrt_EncodePointer       000000018000a0c0 f i libvcruntimed:frame.obj
 0001:000090f0       memset_repmovs             000000018000a0f0 f   libvcruntimed:memset.obj
 0001:00009110       memset                     000000018000a110 f   libvcruntimed:memset.obj
 0001:000092b0       _CallSettingFrame          000000018000a2b0 f   libvcruntimed:handlers.obj
 0001:00009300       _CallSettingFrameEncoded   000000018000a300 f   libvcruntimed:handlers.obj
 0001:00009350       ??$?RD@__crt_public_free_policy@@QEBAXQEBD@Z 000000018000a350 f i libvcruntimed:std_exception.obj
 0001:00009370       ??1?$__crt_unique_heap_ptr@DU__crt_public_free_policy@@@@QEAA@XZ 000000018000a370 f i libvcruntimed:std_exception.obj
 0001:00009390       ?release@?$__crt_unique_heap_ptr@DU__crt_public_free_policy@@@@QEAAXXZ 000000018000a390 f i libvcruntimed:std_exception.obj
 0001:000093c0       __std_exception_copy       000000018000a3c0 f   libvcruntimed:std_exception.obj
 0001:000094f0       __std_exception_destroy    000000018000a4f0 f   libvcruntimed:std_exception.obj
 0001:00009530       _CxxThrowException         000000018000a530 f   libvcruntimed:throw.obj
 0001:00009680       _initterm                  000000018000a680 f   libucrtd:initterm.obj
 0001:000096e0       _initterm_e                000000018000a6e0 f   libucrtd:initterm.obj
 0001:000097d0       _seh_filter_dll            000000018000a7d0 f   libucrtd:exception_filter.obj
 0001:00009800       _seh_filter_exe            000000018000a800 f   libucrtd:exception_filter.obj
 0001:00009b30       ??$__crt_get_proc_address@P6AXI@Z@@YAP6AXI@ZQEAUHINSTANCE__@@QEBD@Z 000000018000ab30 f i libucrtd:exit.obj
 0001:00009b60       ??$__crt_interlocked_read@J@@YAJPEDJ@Z 000000018000ab60 f i libucrtd:exit.obj
 0001:00009bf0       ??1?$__crt_unique_handle_t@U__crt_hmodule_traits@@@@QEAA@XZ 000000018000abf0 f i libucrtd:exit.obj
 0001:00009d50       ?__acrt_select_exit_lock@@YA?AW4__acrt_lock_id@@XZ 000000018000ad50 f i libucrtd:exit.obj
 0001:00009d60       ?__crt_interlocked_read_32@@YAHPEDH@Z 000000018000ad60 f i libucrtd:exit.obj
 0001:00009da0       ?close@?$__crt_unique_handle_t@U__crt_hmodule_traits@@@@QEAAXXZ 000000018000ada0 f i libucrtd:exit.obj
 0001:00009de0       ?close@__crt_hmodule_traits@@SA_NPEAUHINSTANCE__@@@Z 000000018000ade0 f i libucrtd:exit.obj
 0001:00009ef0       ?get_invalid_value@__crt_hmodule_traits@@SAPEAUHINSTANCE__@@XZ 000000018000aef0 f i libucrtd:exit.obj
 0001:00009ef0       ?get_current_state_index@__crt_state_management@@YA_KXZ 000000018000aef0 f i libucrtd:environment_initialization.obj
 0001:0000a0b0       __acrt_initialize_thread_local_exit_callback 000000018000b0b0 f   libucrtd:exit.obj
 0001:0000a0d0       _cexit                     000000018000b0d0 f   libucrtd:exit.obj
 0001:0000a0f0       _exit                      000000018000b0f0 f   libucrtd:exit.obj
 0001:0000a110       _is_c_termination_complete 000000018000b110 f   libucrtd:exit.obj
 0001:0000a4c0       ??$get_module_file_name@$$TAEAY0BAF@DH@?$__crt_char_traits@D@@SAK$$QEA$$TAEAY0BAF@D$$QEAH@Z 000000018000b4c0 f i libucrtd:argv_parsing.obj
 0001:0000a4c0       ??$get_module_file_name@AEAPEAUHINSTANCE__@@AEAY0BAF@DK@?$__crt_char_traits@D@@SAKAEAPEAUHINSTANCE__@@AEAY0BAF@D$$QEAK@Z 000000018000b4c0 f i libucrtd:dbgrpt.obj
 0001:0000a990       ??$set_program_name@PEAD@?$__crt_char_traits@D@@SAX$$QEAPEAD@Z 000000018000b990 f i libucrtd:argv_parsing.obj
 0001:0000aac0       __acrt_allocate_buffer_for_argv 000000018000bac0 f   libucrtd:argv_parsing.obj
 0001:0000abe0       _configure_narrow_argv     000000018000bbe0 f   libucrtd:argv_parsing.obj
 0001:0000ac00       _set_pgmptr                000000018000bc00 f i libucrtd:argv_parsing.obj
 0001:0000ae30       ??$tcslen@AEAPEAD@?$__crt_char_traits@D@@SA_KAEAPEAD@Z 000000018000be30 f i libucrtd:environment_initialization.obj
 0001:0000ae7c       ??B?$__crt_unique_heap_ptr@PEADU__crt_internal_free_policy@@@@QEBA_NXZ 000000018000be7c f i libucrtd:environment_initialization.obj
 0001:0000ae84       ?detach@?$__crt_unique_heap_ptr@DU__crt_internal_free_policy@@@@QEAAPEADXZ 000000018000be84 f i libucrtd:environment_initialization.obj
 0001:0000ae8c       __dcrt_uninitialize_environments_nolock 000000018000be8c f   libucrtd:environment_initialization.obj
 0001:0000aec4       _initialize_narrow_environment 000000018000bec4 f   libucrtd:environment_initialization.obj
 0001:0000aecc       _invoke_watson_if_error    000000018000becc f i libucrtd:environment_initialization.obj
 0001:0000b1d0       _execute_onexit_table      000000018000c1d0 f   libucrtd:onexit.obj
 0001:0000b210       _initialize_onexit_table   000000018000c210 f   libucrtd:onexit.obj
 0001:0000b2e0       __acrt_uninitialize_command_line 000000018000c2e0 f   libucrtd:argv_data.obj
 0001:0000b550       ?initialize@?$dual_state_global@P6AH_K@Z@__crt_state_management@@QEAAXQ6AH_K@Z@Z 000000018000c550 f i libucrtd:new_handler.obj
 0001:0000b550       ?initialize@?$dual_state_global@PEAU__crt_locale_data@@@__crt_state_management@@QEAAXQEAU__crt_locale_data@@@Z 000000018000c550 f i libucrtd:initialization.obj
 0001:0000b550       ?initialize@?$dual_state_global@P6AHPEAU_exception@@@Z@__crt_state_management@@QEAAXQ6AHPEAU_exception@@@Z@Z 000000018000c550 f i libucrtd:matherr.obj
 0001:0000b550       ?initialize@?$dual_state_global@PEAU__crt_multibyte_data@@@__crt_state_management@@QEAAXQEAU__crt_multibyte_data@@@Z 000000018000c550 f i libucrtd:mbctype.obj
 0001:0000b550       ?initialize@?$dual_state_global@P6AXH@Z@__crt_state_management@@QEAAXQ6AXH@Z@Z 000000018000c550 f i libucrtd:signal.obj
 0001:0000b5a0       __acrt_initialize          000000018000c5a0 f   libucrtd:initialization.obj
 0001:0000b5d0       __acrt_thread_attach       000000018000c5d0 f   libucrtd:initialization.obj
 0001:0000b5f0       __acrt_thread_detach       000000018000c5f0 f   libucrtd:initialization.obj
 0001:0000b600       __acrt_uninitialize        000000018000c600 f   libucrtd:initialization.obj
 0001:0000b630       __acrt_uninitialize_critical 000000018000c630 f   libucrtd:initialization.obj
 0001:0000b650       terminate                  000000018000c650 f   libucrtd:terminate.obj
 0001:0000b690       ??0_LocaleUpdate@@QEAA@QEAU__crt_locale_pointers@@@Z 000000018000c690 f i libucrtd:debug_heap.obj
 0001:0000b7b0       ??1_LocaleUpdate@@QEAA@XZ  000000018000c7b0 f i libucrtd:debug_heap.obj
 0001:0000b7f0       ?GetLocaleT@_LocaleUpdate@@QEAAPEAU__crt_locale_pointers@@XZ 000000018000c7f0 f i libucrtd:debug_heap.obj
 0001:0000d7c0       _CrtCheckMemory            000000018000e7c0 f   libucrtd:debug_heap.obj
 0001:0000d950       _CrtDumpMemoryLeaks        000000018000e950 f   libucrtd:debug_heap.obj
 0001:0000da10       _CrtIsValidHeapPointer     000000018000ea10 f   libucrtd:debug_heap.obj
 0001:0000da50       _CrtIsValidPointer         000000018000ea50 f   libucrtd:debug_heap.obj
 0001:0000da90       _CrtMemCheckpoint          000000018000ea90 f   libucrtd:debug_heap.obj
 0001:0000dd10       _CrtMemDumpAllObjectsSince 000000018000ed10 f   libucrtd:debug_heap.obj
 0001:0000dd70       _CrtSetDbgFlag             000000018000ed70 f   libucrtd:debug_heap.obj
 0001:0000ded0       _CrtSetDumpClient          000000018000eed0 f   libucrtd:debug_heap.obj
 0001:0000df00       __acrt_get_locale_data_prefix 000000018000ef00 f i libucrtd:debug_heap.obj
 0001:0000df20       __acrt_locale_changed      000000018000ef20 f i libucrtd:debug_heap.obj
 0001:0000df50       _calloc_dbg                000000018000ef50 f   libucrtd:debug_heap.obj
 0001:0000dff0       _chvalidchk_l              000000018000eff0 f i libucrtd:debug_heap.obj
 0001:0000e020       _free_dbg                  000000018000f020 f   libucrtd:debug_heap.obj
 0001:0000e090       _invoke_watson_if_oneof    000000018000f090 f i libucrtd:debug_heap.obj
 0001:0000e0f0       _ischartype_l              000000018000f0f0 f i libucrtd:debug_heap.obj
 0001:0000e150       _malloc_dbg                000000018000f150 f   libucrtd:debug_heap.obj
 0001:0000e190       _msize_dbg                 000000018000f190 f   libucrtd:debug_heap.obj
 0001:0000e330       _realloc_dbg               000000018000f330 f   libucrtd:debug_heap.obj
 0001:0000e3a0       _recalloc_dbg              000000018000f3a0 f   libucrtd:debug_heap.obj
 0001:0000e970       strcpy_s                   000000018000f970 f   libucrtd:strcpy_s.obj
 0001:0000e9b0       strcmp                     000000018000f9b0 f   libucrtd:strcmp.obj
 0001:0000ea30       strlen                     000000018000fa30 f   libucrtd:strlen.obj
 0001:0000eae0       ??$?0AEBV?$string_output_adapter@D@__crt_stdio_output@@AEB_KAEBQEBDAEBQEAU__crt_locale_pointers@@AEBQEAD@?$format_validation_base@DV?$string_output_adapter@D@__crt_stdio_output@@@__crt_stdio_output@@IEAA@AEBV?$string_output_adapter@D@1@AEB_KAEBQEBDAEBQEAU__crt_locale_pointers@@AEBQEAD@Z 000000018000fae0 f i libucrtd:output.obj
 0001:0000eb30       ??$?0AEBV?$string_output_adapter@D@__crt_stdio_output@@AEB_KAEBQEBDAEBQEAU__crt_locale_pointers@@AEBQEAD@?$standard_base@DV?$string_output_adapter@D@__crt_stdio_output@@@__crt_stdio_output@@IEAA@AEBV?$string_output_adapter@D@1@AEB_KAEBQEBDAEBQEAU__crt_locale_pointers@@AEBQEAD@Z 000000018000fb30 f i libucrtd:output.obj
 0001:0000eba0       ??$?0AEBV?$string_output_adapter@_W@__crt_stdio_output@@AEB_KAEBQEB_WAEBQEAU__crt_locale_pointers@@AEBQEAD@?$format_validation_base@_WV?$string_output_adapter@_W@__crt_stdio_output@@@__crt_stdio_output@@IEAA@AEBV?$string_output_adapter@_W@1@AEB_KAEBQEB_WAEBQEAU__crt_locale_pointers@@AEBQEAD@Z 000000018000fba0 f i libucrtd:output.obj
 0001:0000ebf0       ??$?0AEBV?$string_output_adapter@_W@__crt_stdio_output@@AEB_KAEBQEB_WAEBQEAU__crt_locale_pointers@@AEBQEAD@?$standard_base@_WV?$string_output_adapter@_W@__crt_stdio_output@@@__crt_stdio_output@@IEAA@AEBV?$string_output_adapter@_W@1@AEB_KAEBQEB_WAEBQEAU__crt_locale_pointers@@AEBQEAD@Z 000000018000fbf0 f i libucrtd:output.obj
 0001:00010570       ??$count@D@formatting_buffer@__crt_stdio_output@@QEBA_KXZ 0000000180011570 f i libucrtd:output.obj
 0001:000105c0       ??$count@_W@formatting_buffer@__crt_stdio_output@@QEBA_KXZ 00000001800115c0 f i libucrtd:output.obj
 0001:00010610       ??$data@_W@formatting_buffer@__crt_stdio_output@@QEAAPEA_WXZ 0000000180011610 f i libucrtd:output.obj
 0001:00010610       ??$data@D@formatting_buffer@__crt_stdio_output@@QEAAPEADXZ 0000000180011610 f i libucrtd:output.obj
 0001:00010660       ??$ensure_buffer_is_big_enough@D@formatting_buffer@__crt_stdio_output@@QEAA_N_K@Z 0000000180011660 f i libucrtd:output.obj
 0001:00010790       ??$ensure_buffer_is_big_enough@_W@formatting_buffer@__crt_stdio_output@@QEAA_N_K@Z 0000000180011790 f i libucrtd:output.obj
 0001:000108c0       ??$extract_argument_from_va_list@C_J@?$standard_base@DV?$string_output_adapter@D@__crt_stdio_output@@@__crt_stdio_output@@IEAA_NAEA_J@Z 00000001800118c0 f i libucrtd:output.obj
 0001:000108c0       ??$extract_argument_from_va_list@C_J@?$standard_base@_WV?$string_output_adapter@_W@__crt_stdio_output@@@__crt_stdio_output@@IEAA_NAEA_J@Z 00000001800118c0 f i libucrtd:output.obj
 0001:00010900       ??$extract_argument_from_va_list@E_J@?$standard_base@_WV?$string_output_adapter@_W@__crt_stdio_output@@@__crt_stdio_output@@IEAA_NAEA_J@Z 0000000180011900 f i libucrtd:output.obj
 0001:00010900       ??$extract_argument_from_va_list@E_J@?$standard_base@DV?$string_output_adapter@D@__crt_stdio_output@@@__crt_stdio_output@@IEAA_NAEA_J@Z 0000000180011900 f i libucrtd:output.obj
 0001:00010940       ??$extract_argument_from_va_list@F_J@?$standard_base@_WV?$string_output_adapter@_W@__crt_stdio_output@@@__crt_stdio_output@@IEAA_NAEA_J@Z 0000000180011940 f i libucrtd:output.obj
 0001:00010940       ??$extract_argument_from_va_list@F_J@?$standard_base@DV?$string_output_adapter@D@__crt_stdio_output@@@__crt_stdio_output@@IEAA_NAEA_J@Z 0000000180011940 f i libucrtd:output.obj
 0001:00010980       ??$extract_argument_from_va_list@GD@?$standard_base@DV?$string_output_adapter@D@__crt_stdio_output@@@__crt_stdio_output@@IEAA_NAEAD@Z 0000000180011980 f i libucrtd:output.obj
 0001:000109b0       ??$extract_argument_from_va_list@G_J@?$standard_base@DV?$string_output_adapter@D@__crt_stdio_output@@@__crt_stdio_output@@IEAA_NAEA_J@Z 00000001800119b0 f i libucrtd:output.obj
 0001:000109b0       ??$extract_argument_from_va_list@G_J@?$standard_base@_WV?$string_output_adapter@_W@__crt_stdio_output@@@__crt_stdio_output@@IEAA_NAEA_J@Z 00000001800119b0 f i libucrtd:output.obj
 0001:000109f0       ??$extract_argument_from_va_list@H_J@?$standard_base@DV?$string_output_adapter@D@__crt_stdio_output@@@__crt_stdio_output@@IEAA_NAEA_J@Z 00000001800119f0 f i libucrtd:output.obj
 0001:000109f0       ??$extract_argument_from_va_list@H_J@?$standard_base@_WV?$string_output_adapter@_W@__crt_stdio_output@@@__crt_stdio_output@@IEAA_NAEA_J@Z 00000001800119f0 f i libucrtd:output.obj
 0001:00010a20       ??$extract_argument_from_va_list@I_J@?$standard_base@DV?$string_output_adapter@D@__crt_stdio_output@@@__crt_stdio_output@@IEAA_NAEA_J@Z 0000000180011a20 f i libucrtd:output.obj
 0001:00010a20       ??$extract_argument_from_va_list@I_J@?$standard_base@_WV?$string_output_adapter@_W@__crt_stdio_output@@@__crt_stdio_output@@IEAA_NAEA_J@Z 0000000180011a20 f i libucrtd:output.obj
 0001:00010a50       ??$extract_argument_from_va_list@_K_J@?$standard_base@DV?$string_output_adapter@D@__crt_stdio_output@@@__crt_stdio_output@@IEAA_NAEA_J@Z 0000000180011a50 f i libucrtd:output.obj
 0001:00010a50       ??$extract_argument_from_va_list@PEADPEAD@?$standard_base@DV?$string_output_adapter@D@__crt_stdio_output@@@__crt_stdio_output@@IEAA_NAEAPEAD@Z 0000000180011a50 f i libucrtd:output.obj
 0001:00010a50       ??$extract_argument_from_va_list@_J_J@?$standard_base@_WV?$string_output_adapter@_W@__crt_stdio_output@@@__crt_stdio_output@@IEAA_NAEA_J@Z 0000000180011a50 f i libucrtd:output.obj
 0001:00010a50       ??$extract_argument_from_va_list@PEADPEAD@?$standard_base@_WV?$string_output_adapter@_W@__crt_stdio_output@@@__crt_stdio_output@@IEAA_NAEAPEAD@Z 0000000180011a50 f i libucrtd:output.obj
 0001:00010a50       ??$extract_argument_from_va_list@PEAXPEAX@?$standard_base@DV?$string_output_adapter@D@__crt_stdio_output@@@__crt_stdio_output@@IEAA_NAEAPEAX@Z 0000000180011a50 f i libucrtd:output.obj
 0001:00010a50       ??$extract_argument_from_va_list@PEAXPEAX@?$standard_base@_WV?$string_output_adapter@_W@__crt_stdio_output@@@__crt_stdio_output@@IEAA_NAEAPEAX@Z 0000000180011a50 f i libucrtd:output.obj
 0001:00010a50       ??$extract_argument_from_va_list@_J_J@?$standard_base@DV?$string_output_adapter@D@__crt_stdio_output@@@__crt_stdio_output@@IEAA_NAEA_J@Z 0000000180011a50 f i libucrtd:output.obj
 0001:00010a50       ??$extract_argument_from_va_list@_K_J@?$standard_base@_WV?$string_output_adapter@_W@__crt_stdio_output@@@__crt_stdio_output@@IEAA_NAEA_J@Z 0000000180011a50 f i libucrtd:output.obj
 0001:00010ab0       ??$extract_argument_from_va_list@U_CRT_DOUBLE@@U1@@?$standard_base@_WV?$string_output_adapter@_W@__crt_stdio_output@@@__crt_stdio_output@@IEAA_NAEAU_CRT_DOUBLE@@@Z 0000000180011ab0 f i libucrtd:output.obj
 0001:00010ab0       ??$extract_argument_from_va_list@U_CRT_DOUBLE@@U1@@?$standard_base@DV?$string_output_adapter@D@__crt_stdio_output@@@__crt_stdio_output@@IEAA_NAEAU_CRT_DOUBLE@@@Z 0000000180011ab0 f i libucrtd:output.obj
 0001:00010b00       ??$extract_argument_from_va_list@_W_W@?$standard_base@DV?$string_output_adapter@D@__crt_stdio_output@@@__crt_stdio_output@@IEAA_NAEA_W@Z 0000000180011b00 f i libucrtd:output.obj
 0001:00010b00       ??$extract_argument_from_va_list@_W_W@?$standard_base@_WV?$string_output_adapter@_W@__crt_stdio_output@@@__crt_stdio_output@@IEAA_NAEA_W@Z 0000000180011b00 f i libucrtd:output.obj
 0001:00010b30       ??$is_wide_character_specifier@D@__crt_stdio_output@@YA_N_KDW4length_modifier@0@@Z 0000000180011b30 f i libucrtd:output.obj
 0001:00010bd0       ??$is_wide_character_specifier@_W@__crt_stdio_output@@YA_N_K_WW4length_modifier@0@@Z 0000000180011bd0 f i libucrtd:output.obj
 0001:00010ca0       ??$read_va_arg@C@__crt_stdio_output@@YACAEAPEAD@Z 0000000180011ca0 f i libucrtd:output.obj
 0001:00010ca0       ??$read_va_arg@E@__crt_stdio_output@@YAEAEAPEAD@Z 0000000180011ca0 f i libucrtd:output.obj
 0001:00010d10       ??$read_va_arg@G@__crt_stdio_output@@YAGAEAPEAD@Z 0000000180011d10 f i libucrtd:output.obj
 0001:00010d10       ??$read_va_arg@_W@__crt_stdio_output@@YA_WAEAPEAD@Z 0000000180011d10 f i libucrtd:output.obj
 0001:00010d10       ??$read_va_arg@F@__crt_stdio_output@@YAFAEAPEAD@Z 0000000180011d10 f i libucrtd:output.obj
 0001:00010d80       ??$read_va_arg@I@__crt_stdio_output@@YAIAEAPEAD@Z 0000000180011d80 f i libucrtd:output.obj
 0001:00010d80       ??$read_va_arg@H@__crt_stdio_output@@YAHAEAPEAD@Z 0000000180011d80 f i libucrtd:output.obj
 0001:00010de0       ??$read_va_arg@_K@__crt_stdio_output@@YA_KAEAPEAD@Z 0000000180011de0 f i libucrtd:output.obj
 0001:00010de0       ??$read_va_arg@U_CRT_DOUBLE@@@__crt_stdio_output@@YA?AU_CRT_DOUBLE@@AEAPEAD@Z 0000000180011de0 f i libucrtd:output.obj
 0001:00010de0       ??$read_va_arg@PEAX@__crt_stdio_output@@YAPEAXAEAPEAD@Z 0000000180011de0 f i libucrtd:output.obj
 0001:00010de0       ??$read_va_arg@PEAD@__crt_stdio_output@@YAPEADAEAPEAD@Z 0000000180011de0 f i libucrtd:output.obj
 0001:00010de0       ??$read_va_arg@_J@__crt_stdio_output@@YA_JAEAPEAD@Z 0000000180011de0 f i libucrtd:output.obj
 0001:00010ec0       ??$scratch_count@D@formatting_buffer@__crt_stdio_output@@QEBA_KXZ 0000000180011ec0 f i libucrtd:output.obj
 0001:00010ee0       ??$scratch_data@D@formatting_buffer@__crt_stdio_output@@QEAAPEADXZ 0000000180011ee0 f i libucrtd:output.obj
 0001:00010f50       ??$tcstol@PEBDPEAPEADH@?$__crt_char_traits@D@@SAJ$$QEAPEBD$$QEAPEAPEAD$$QEAH@Z 0000000180011f50 f i libucrtd:output.obj
 0001:00010f90       ??$tcstol@PEB_WPEAPEA_WH@?$__crt_char_traits@_W@@SAJ$$QEAPEB_W$$QEAPEAPEA_W$$QEAH@Z 0000000180011f90 f i libucrtd:output.obj
 0001:00010fd0       ??$type_case_integer_parse_into_buffer@I@?$output_processor@DV?$string_output_adapter@D@__crt_stdio_output@@V?$format_validation_base@DV?$string_output_adapter@D@__crt_stdio_output@@@2@@__crt_stdio_output@@AEAAXII_N@Z 0000000180011fd0 f i libucrtd:output.obj
 0001:00011100       ??$type_case_integer_parse_into_buffer@I@?$output_processor@_WV?$string_output_adapter@_W@__crt_stdio_output@@V?$format_validation_base@_WV?$string_output_adapter@_W@__crt_stdio_output@@@2@@__crt_stdio_output@@AEAAXII_N@Z 0000000180012100 f i libucrtd:output.obj
 0001:00011240       ??$type_case_integer_parse_into_buffer@_K@?$output_processor@DV?$string_output_adapter@D@__crt_stdio_output@@V?$format_validation_base@DV?$string_output_adapter@D@__crt_stdio_output@@@2@@__crt_stdio_output@@AEAAX_KI_N@Z 0000000180012240 f i libucrtd:output.obj
 0001:00011390       ??$type_case_integer_parse_into_buffer@_K@?$output_processor@_WV?$string_output_adapter@_W@__crt_stdio_output@@V?$format_validation_base@_WV?$string_output_adapter@_W@__crt_stdio_output@@@2@@__crt_stdio_output@@AEAAX_KI_N@Z 0000000180012390 f i libucrtd:output.obj
 0001:000114f0       ??$write_multiple_characters@V?$string_output_adapter@D@__crt_stdio_output@@D@__crt_stdio_output@@YAXAEBV?$string_output_adapter@D@0@DHQEAH@Z 00000001800124f0 f i libucrtd:output.obj
 0001:00011550       ??$write_multiple_characters@V?$string_output_adapter@_W@__crt_stdio_output@@D@__crt_stdio_output@@YAXAEBV?$string_output_adapter@_W@0@DHQEAH@Z 0000000180012550 f i libucrtd:output.obj
 0001:000115b0       ??0?$common_data@D@__crt_stdio_output@@IEAA@XZ 00000001800125b0 f i libucrtd:output.obj
 0001:00011680       ??0?$common_data@_W@__crt_stdio_output@@IEAA@XZ 0000000180012680 f i libucrtd:output.obj
 0001:00011750       ??0?$output_adapter_data@DV?$string_output_adapter@D@__crt_stdio_output@@@__crt_stdio_output@@IEAA@AEBV?$string_output_adapter@D@1@_KQEBDQEAU__crt_locale_pointers@@QEAD@Z 0000000180012750 f i libucrtd:output.obj
 0001:000117d0       ??0?$output_adapter_data@_WV?$string_output_adapter@_W@__crt_stdio_output@@@__crt_stdio_output@@IEAA@AEBV?$string_output_adapter@_W@1@_KQEB_WQEAU__crt_locale_pointers@@QEAD@Z 00000001800127d0 f i libucrtd:output.obj
 0001:00011850       ??0?$output_processor@DV?$string_output_adapter@D@__crt_stdio_output@@V?$format_validation_base@DV?$string_output_adapter@D@__crt_stdio_output@@@2@@__crt_stdio_output@@QEAA@AEBV?$string_output_adapter@D@1@_KQEBDQEAU__crt_locale_pointers@@QEAD@Z 0000000180012850 f i libucrtd:output.obj
 0001:000118a0       ??0?$output_processor@_WV?$string_output_adapter@_W@__crt_stdio_output@@V?$format_validation_base@_WV?$string_output_adapter@_W@__crt_stdio_output@@@2@@__crt_stdio_output@@QEAA@AEBV?$string_output_adapter@_W@1@_KQEB_WQEAU__crt_locale_pointers@@QEAD@Z 00000001800128a0 f i libucrtd:output.obj
 0001:000118f0       ??0__crt_deferred_errno_cache@@QEAA@XZ 00000001800128f0 f i libucrtd:output.obj
 0001:00011910       ??0__crt_errno_guard@@QEAA@QEAH@Z 0000000180012910 f i libucrtd:output.obj
 0001:00011950       ??0formatting_buffer@__crt_stdio_output@@QEAA@XZ 0000000180012950 f i libucrtd:output.obj
 0001:00011990       ??1?$common_data@_W@__crt_stdio_output@@QEAA@XZ 0000000180012990 f i libucrtd:output.obj
 0001:00011990       ??1?$common_data@D@__crt_stdio_output@@QEAA@XZ 0000000180012990 f i libucrtd:output.obj
 0001:000119b0       ??1?$format_validation_base@DV?$string_output_adapter@D@__crt_stdio_output@@@__crt_stdio_output@@QEAA@XZ 00000001800129b0 f i libucrtd:output.obj
 0001:000119b0       ??1?$format_validation_base@_WV?$string_output_adapter@_W@__crt_stdio_output@@@__crt_stdio_output@@QEAA@XZ 00000001800129b0 f i libucrtd:output.obj
 0001:000119d0       ??1?$output_adapter_data@_WV?$string_output_adapter@_W@__crt_stdio_output@@@__crt_stdio_output@@QEAA@XZ 00000001800129d0 f i libucrtd:output.obj
 0001:000119d0       ??1?$output_adapter_data@DV?$string_output_adapter@D@__crt_stdio_output@@@__crt_stdio_output@@QEAA@XZ 00000001800129d0 f i libucrtd:output.obj
 0001:000119f0       ??1?$output_processor@DV?$string_output_adapter@D@__crt_stdio_output@@V?$format_validation_base@DV?$string_output_adapter@D@__crt_stdio_output@@@2@@__crt_stdio_output@@QEAA@XZ 00000001800129f0 f i libucrtd:output.obj
 0001:000119f0       ??1?$output_processor@_WV?$string_output_adapter@_W@__crt_stdio_output@@V?$format_validation_base@_WV?$string_output_adapter@_W@__crt_stdio_output@@@2@@__crt_stdio_output@@QEAA@XZ 00000001800129f0 f i libucrtd:output.obj
 0001:00011a10       ??1?$standard_base@_WV?$string_output_adapter@_W@__crt_stdio_output@@@__crt_stdio_output@@QEAA@XZ 0000000180012a10 f i libucrtd:output.obj
 0001:00011a10       ??1?$standard_base@DV?$string_output_adapter@D@__crt_stdio_output@@@__crt_stdio_output@@QEAA@XZ 0000000180012a10 f i libucrtd:output.obj
 0001:00011a30       ??1__crt_errno_guard@@QEAA@XZ 0000000180012a30 f i libucrtd:output.obj
 0001:00011a60       ??1formatting_buffer@__crt_stdio_output@@QEAA@XZ 0000000180012a60 f i libucrtd:output.obj
 0001:00011a90       ??4?$__crt_unique_heap_ptr@DU__crt_internal_free_policy@@@@QEAAAEAV0@$$QEAV0@@Z 0000000180012a90 f i libucrtd:output.obj
 0001:00011ad0       ?adjust_hexit@?$output_processor@DV?$string_output_adapter@D@__crt_stdio_output@@V?$format_validation_base@DV?$string_output_adapter@D@__crt_stdio_output@@@2@@__crt_stdio_output@@CADH_N@Z 0000000180012ad0 f i libucrtd:output.obj
 0001:00011ad0       ?adjust_hexit@?$output_processor@_WV?$string_output_adapter@_W@__crt_stdio_output@@V?$format_validation_base@_WV?$string_output_adapter@_W@__crt_stdio_output@@@2@@__crt_stdio_output@@CADH_N@Z 0000000180012ad0 f i libucrtd:output.obj
 0001:00011b20       ?advance_to_next_pass@?$standard_base@_WV?$string_output_adapter@_W@__crt_stdio_output@@@__crt_stdio_output@@IEAA_NXZ 0000000180012b20 f i libucrtd:output.obj
 0001:00011b20       ?advance_to_next_pass@?$standard_base@DV?$string_output_adapter@D@__crt_stdio_output@@@__crt_stdio_output@@IEAA_NXZ 0000000180012b20 f i libucrtd:output.obj
 0001:00011b70       ?crop_zeroes@__crt_stdio_output@@YAXPEADQEAU__crt_locale_pointers@@@Z 0000000180012b70 f i libucrtd:output.obj
 0001:00011cb0       ?find_next_state@?$output_processor@DV?$string_output_adapter@D@__crt_stdio_output@@V?$format_validation_base@DV?$string_output_adapter@D@__crt_stdio_output@@@2@@__crt_stdio_output@@AEBA?AW4state@2@DW432@@Z 0000000180012cb0 f i libucrtd:output.obj
 0001:00011d50       ?find_next_state@?$output_processor@_WV?$string_output_adapter@_W@__crt_stdio_output@@V?$format_validation_base@_WV?$string_output_adapter@_W@__crt_stdio_output@@@2@@__crt_stdio_output@@AEBA?AW4state@2@_WW432@@Z 0000000180012d50 f i libucrtd:output.obj
 0001:00011df0       ?force_decimal_point@__crt_stdio_output@@YAXPEADQEAU__crt_locale_pointers@@@Z 0000000180012df0 f i libucrtd:output.obj
 0001:00011ed0       ?get@__crt_deferred_errno_cache@@QEAAAEAHXZ 0000000180012ed0 f i libucrtd:output.obj
 0001:00011f00       ?get_flags@__crt_stdio_stream@@QEBAJXZ 0000000180012f00 f i libucrtd:output.obj
 0001:00011f30       ?has_flag@?$output_processor@DV?$string_output_adapter@D@__crt_stdio_output@@V?$format_validation_base@DV?$string_output_adapter@D@__crt_stdio_output@@@2@@__crt_stdio_output@@AEBA_NI@Z 0000000180012f30 f i libucrtd:output.obj
 0001:00011f30       ?has_flag@?$output_processor@_WV?$string_output_adapter@_W@__crt_stdio_output@@V?$format_validation_base@_WV?$string_output_adapter@_W@__crt_stdio_output@@@2@@__crt_stdio_output@@AEBA_NI@Z 0000000180012f30 f i libucrtd:output.obj
 0001:00011f70       ?is_string_backed@__crt_stdio_stream@@QEBA_NXZ 0000000180012f70 f i libucrtd:output.obj
 0001:00011fb0       ?narrow_null_string@?$output_processor@_WV?$string_output_adapter@_W@__crt_stdio_output@@V?$format_validation_base@_WV?$string_output_adapter@_W@__crt_stdio_output@@@2@@__crt_stdio_output@@CAPEADXZ 0000000180012fb0 f i libucrtd:output.obj
 0001:00011fb0       ?narrow_null_string@?$output_processor@DV?$string_output_adapter@D@__crt_stdio_output@@V?$format_validation_base@DV?$string_output_adapter@D@__crt_stdio_output@@@2@@__crt_stdio_output@@CAPEADXZ 0000000180012fb0 f i libucrtd:output.obj
 0001:00011fc0       ?parse_int_from_format_string@?$output_processor@DV?$string_output_adapter@D@__crt_stdio_output@@V?$format_validation_base@DV?$string_output_adapter@D@__crt_stdio_output@@@2@@__crt_stdio_output@@AEAA_NQEAH@Z 0000000180012fc0 f i libucrtd:output.obj
 0001:000120b0       ?parse_int_from_format_string@?$output_processor@_WV?$string_output_adapter@_W@__crt_stdio_output@@V?$format_validation_base@_WV?$string_output_adapter@_W@__crt_stdio_output@@@2@@__crt_stdio_output@@AEAA_NQEAH@Z 00000001800130b0 f i libucrtd:output.obj
 0001:000121a0       ?process@?$output_processor@DV?$string_output_adapter@D@__crt_stdio_output@@V?$format_validation_base@DV?$string_output_adapter@D@__crt_stdio_output@@@2@@__crt_stdio_output@@QEAAHXZ 00000001800131a0 f i libucrtd:output.obj
 0001:00012500       ?process@?$output_processor@_WV?$string_output_adapter@_W@__crt_stdio_output@@V?$format_validation_base@_WV?$string_output_adapter@_W@__crt_stdio_output@@@2@@__crt_stdio_output@@QEAAHXZ 0000000180013500 f i libucrtd:output.obj
 0001:00012860       ?set_flag@?$output_processor@_WV?$string_output_adapter@_W@__crt_stdio_output@@V?$format_validation_base@_WV?$string_output_adapter@_W@__crt_stdio_output@@@2@@__crt_stdio_output@@AEAAXI@Z 0000000180013860 f i libucrtd:output.obj
 0001:00012860       ?set_flag@?$output_processor@DV?$string_output_adapter@D@__crt_stdio_output@@V?$format_validation_base@DV?$string_output_adapter@D@__crt_stdio_output@@@2@@__crt_stdio_output@@AEAAXI@Z 0000000180013860 f i libucrtd:output.obj
 0001:00012880       ?should_format@?$standard_base@_WV?$string_output_adapter@_W@__crt_stdio_output@@@__crt_stdio_output@@IEAA_NXZ 0000000180013880 f i libucrtd:output.obj
 0001:00012880       ?validate_and_update_state_at_beginning_of_format_character@?$standard_base@DV?$string_output_adapter@D@__crt_stdio_output@@@__crt_stdio_output@@IEAA_NXZ 0000000180013880 f i libucrtd:output.obj
 0001:00012880       ?should_format@?$standard_base@DV?$string_output_adapter@D@__crt_stdio_output@@@__crt_stdio_output@@IEAA_NXZ 0000000180013880 f i libucrtd:output.obj
 0001:00012880       ?validate_state_for_type_case_a@?$standard_base@DV?$string_output_adapter@D@__crt_stdio_output@@@__crt_stdio_output@@IEBA_NXZ 0000000180013880 f i libucrtd:output.obj
 0001:00012880       ?validate_state_for_type_case_a@?$standard_base@_WV?$string_output_adapter@_W@__crt_stdio_output@@@__crt_stdio_output@@IEBA_NXZ 0000000180013880 f i libucrtd:output.obj
 0001:00012880       ?validate_and_update_state_at_beginning_of_format_character@?$standard_base@_WV?$string_output_adapter@_W@__crt_stdio_output@@@__crt_stdio_output@@IEAA_NXZ 0000000180013880 f i libucrtd:output.obj
 0001:00012890       ?should_skip_type_state_output@?$standard_base@_WV?$string_output_adapter@_W@__crt_stdio_output@@@__crt_stdio_output@@IEBA_NXZ 0000000180013890 f i libucrtd:output.obj
 0001:00012890       ?should_skip_normal_state_processing@?$standard_base@DV?$string_output_adapter@D@__crt_stdio_output@@@__crt_stdio_output@@IEAA_NXZ 0000000180013890 f i libucrtd:output.obj
 0001:00012890       ?should_skip_normal_state_processing@?$standard_base@_WV?$string_output_adapter@_W@__crt_stdio_output@@@__crt_stdio_output@@IEAA_NXZ 0000000180013890 f i libucrtd:output.obj
 0001:00012890       ?should_skip_type_state_output@?$standard_base@DV?$string_output_adapter@D@__crt_stdio_output@@@__crt_stdio_output@@IEBA_NXZ 0000000180013890 f i libucrtd:output.obj
 0001:000128a0       ?state_case_dot@?$output_processor@DV?$string_output_adapter@D@__crt_stdio_output@@V?$format_validation_base@DV?$string_output_adapter@D@__crt_stdio_output@@@2@@__crt_stdio_output@@AEAA_NXZ 00000001800138a0 f i libucrtd:output.obj
 0001:000128a0       ?state_case_dot@?$output_processor@_WV?$string_output_adapter@_W@__crt_stdio_output@@V?$format_validation_base@_WV?$string_output_adapter@_W@__crt_stdio_output@@@2@@__crt_stdio_output@@AEAA_NXZ 00000001800138a0 f i libucrtd:output.obj
 0001:000128c0       ?state_case_flag@?$output_processor@DV?$string_output_adapter@D@__crt_stdio_output@@V?$format_validation_base@DV?$string_output_adapter@D@__crt_stdio_output@@@2@@__crt_stdio_output@@AEAA_NXZ 00000001800138c0 f i libucrtd:output.obj
 0001:00012960       ?state_case_flag@?$output_processor@_WV?$string_output_adapter@_W@__crt_stdio_output@@V?$format_validation_base@_WV?$string_output_adapter@_W@__crt_stdio_output@@@2@@__crt_stdio_output@@AEAA_NXZ 0000000180013960 f i libucrtd:output.obj
 0001:00012a00       ?state_case_normal@?$output_processor@DV?$string_output_adapter@D@__crt_stdio_output@@V?$format_validation_base@DV?$string_output_adapter@D@__crt_stdio_output@@@2@@__crt_stdio_output@@AEAA_NXZ 0000000180013a00 f i libucrtd:output.obj
 0001:00012ae0       ?state_case_normal@?$output_processor@_WV?$string_output_adapter@_W@__crt_stdio_output@@V?$format_validation_base@_WV?$string_output_adapter@_W@__crt_stdio_output@@@2@@__crt_stdio_output@@AEAA_NXZ 0000000180013ae0 f i libucrtd:output.obj
 0001:00012bc0       ?state_case_normal_common@?$output_processor@DV?$string_output_adapter@D@__crt_stdio_output@@V?$format_validation_base@DV?$string_output_adapter@D@__crt_stdio_output@@@2@@__crt_stdio_output@@AEAA_NXZ 0000000180013bc0 f i libucrtd:output.obj
 0001:00012c10       ?state_case_normal_common@?$output_processor@_WV?$string_output_adapter@_W@__crt_stdio_output@@V?$format_validation_base@_WV?$string_output_adapter@_W@__crt_stdio_output@@@2@@__crt_stdio_output@@AEAA_NXZ 0000000180013c10 f i libucrtd:output.obj
 0001:00012c60       ?state_case_normal_tchar@?$output_processor@DV?$string_output_adapter@D@__crt_stdio_output@@V?$format_validation_base@DV?$string_output_adapter@D@__crt_stdio_output@@@2@@__crt_stdio_output@@AEAA_ND@Z 0000000180013c60 f i libucrtd:output.obj
 0001:00012da0       ?state_case_normal_tchar@?$output_processor@_WV?$string_output_adapter@_W@__crt_stdio_output@@V?$format_validation_base@_WV?$string_output_adapter@_W@__crt_stdio_output@@@2@@__crt_stdio_output@@AEAA_N_W@Z 0000000180013da0 f i libucrtd:output.obj
 0001:00012dc0       ?state_case_percent@?$output_processor@DV?$string_output_adapter@D@__crt_stdio_output@@V?$format_validation_base@DV?$string_output_adapter@D@__crt_stdio_output@@@2@@__crt_stdio_output@@AEAA_NXZ 0000000180013dc0 f i libucrtd:output.obj
 0001:00012dc0       ?state_case_percent@?$output_processor@_WV?$string_output_adapter@_W@__crt_stdio_output@@V?$format_validation_base@_WV?$string_output_adapter@_W@__crt_stdio_output@@@2@@__crt_stdio_output@@AEAA_NXZ 0000000180013dc0 f i libucrtd:output.obj
 0001:00012e10       ?state_case_precision@?$output_processor@DV?$string_output_adapter@D@__crt_stdio_output@@V?$format_validation_base@DV?$string_output_adapter@D@__crt_stdio_output@@@2@@__crt_stdio_output@@AEAA_NXZ 0000000180013e10 f i libucrtd:output.obj
 0001:00012e90       ?state_case_precision@?$output_processor@_WV?$string_output_adapter@_W@__crt_stdio_output@@V?$format_validation_base@_WV?$string_output_adapter@_W@__crt_stdio_output@@@2@@__crt_stdio_output@@AEAA_NXZ 0000000180013e90 f i libucrtd:output.obj
 0001:00012f10       ?state_case_size@?$output_processor@DV?$string_output_adapter@D@__crt_stdio_output@@V?$format_validation_base@DV?$string_output_adapter@D@__crt_stdio_output@@@2@@__crt_stdio_output@@AEAA_NXZ 0000000180013f10 f i libucrtd:output.obj
 0001:00013390       ?state_case_size@?$output_processor@_WV?$string_output_adapter@_W@__crt_stdio_output@@V?$format_validation_base@_WV?$string_output_adapter@_W@__crt_stdio_output@@@2@@__crt_stdio_output@@AEAA_NXZ 0000000180014390 f i libucrtd:output.obj
 0001:00013810       ?state_case_type@?$output_processor@DV?$string_output_adapter@D@__crt_stdio_output@@V?$format_validation_base@DV?$string_output_adapter@D@__crt_stdio_output@@@2@@__crt_stdio_output@@AEAA_NXZ 0000000180014810 f i libucrtd:output.obj
 0001:00013cb0       ?state_case_type@?$output_processor@_WV?$string_output_adapter@_W@__crt_stdio_output@@V?$format_validation_base@_WV?$string_output_adapter@_W@__crt_stdio_output@@@2@@__crt_stdio_output@@AEAA_NXZ 0000000180014cb0 f i libucrtd:output.obj
 0001:00014210       ?state_case_width@?$output_processor@DV?$string_output_adapter@D@__crt_stdio_output@@V?$format_validation_base@DV?$string_output_adapter@D@__crt_stdio_output@@@2@@__crt_stdio_output@@AEAA_NXZ 0000000180015210 f i libucrtd:output.obj
 0001:000142a0       ?state_case_width@?$output_processor@_WV?$string_output_adapter@_W@__crt_stdio_output@@V?$format_validation_base@_WV?$string_output_adapter@_W@__crt_stdio_output@@@2@@__crt_stdio_output@@AEAA_NXZ 00000001800152a0 f i libucrtd:output.obj
 0001:00014330       ?state_count@?$format_validation_base@DV?$string_output_adapter@D@__crt_stdio_output@@@__crt_stdio_output@@KAIXZ 0000000180015330 f i libucrtd:output.obj
 0001:00014330       ?state_count@?$format_validation_base@_WV?$string_output_adapter@_W@__crt_stdio_output@@@__crt_stdio_output@@KAIXZ 0000000180015330 f i libucrtd:output.obj
 0001:00014340       ?state_transition_table@?$format_validation_base@_WV?$string_output_adapter@_W@__crt_stdio_output@@@__crt_stdio_output@@KAPEBEXZ 0000000180015340 f i libucrtd:output.obj
 0001:00014340       ?state_transition_table@?$format_validation_base@DV?$string_output_adapter@D@__crt_stdio_output@@@__crt_stdio_output@@KAPEBEXZ 0000000180015340 f i libucrtd:output.obj
 0001:00014350       ?tchar_string@?$common_data@D@__crt_stdio_output@@IEAAAEAPEADD@Z 0000000180015350 f i libucrtd:output.obj
 0001:00014370       ?tchar_string@?$common_data@D@__crt_stdio_output@@IEAAAEAPEADXZ 0000000180015370 f i libucrtd:output.obj
 0001:00014390       ?tchar_string@?$common_data@_W@__crt_stdio_output@@IEAAAEAPEA_WXZ 0000000180015390 f i libucrtd:output.obj
 0001:000143b0       ?tchar_string@?$common_data@_W@__crt_stdio_output@@IEAAAEAPEA_W_W@Z 00000001800153b0 f i libucrtd:output.obj
 0001:000143d0       ?to_integer_size@__crt_stdio_output@@YA_KW4length_modifier@1@@Z 00000001800153d0 f i libucrtd:output.obj
 0001:00014480       ?type_case_X@?$output_processor@DV?$string_output_adapter@D@__crt_stdio_output@@V?$format_validation_base@DV?$string_output_adapter@D@__crt_stdio_output@@@2@@__crt_stdio_output@@AEAA_NXZ 0000000180015480 f i libucrtd:output.obj
 0001:000144a0       ?type_case_X@?$output_processor@_WV?$string_output_adapter@_W@__crt_stdio_output@@V?$format_validation_base@_WV?$string_output_adapter@_W@__crt_stdio_output@@@2@@__crt_stdio_output@@AEAA_NXZ 00000001800154a0 f i libucrtd:output.obj
 0001:000144c0       ?type_case_Z@?$output_processor@DV?$string_output_adapter@D@__crt_stdio_output@@V?$format_validation_base@DV?$string_output_adapter@D@__crt_stdio_output@@@2@@__crt_stdio_output@@AEAA_NXZ 00000001800154c0 f i libucrtd:output.obj
 0001:000145e0       ?type_case_Z@?$output_processor@_WV?$string_output_adapter@_W@__crt_stdio_output@@V?$format_validation_base@_WV?$string_output_adapter@_W@__crt_stdio_output@@@2@@__crt_stdio_output@@AEAA_NXZ 00000001800155e0 f i libucrtd:output.obj
 0001:00014700       ?type_case_a@?$output_processor@DV?$string_output_adapter@D@__crt_stdio_output@@V?$format_validation_base@DV?$string_output_adapter@D@__crt_stdio_output@@@2@@__crt_stdio_output@@AEAA_NXZ 0000000180015700 f i libucrtd:output.obj
 0001:00014ac0       ?type_case_a@?$output_processor@_WV?$string_output_adapter@_W@__crt_stdio_output@@V?$format_validation_base@_WV?$string_output_adapter@_W@__crt_stdio_output@@@2@@__crt_stdio_output@@AEAA_NXZ 0000000180015ac0 f i libucrtd:output.obj
 0001:00014e90       ?type_case_c@?$output_processor@DV?$string_output_adapter@D@__crt_stdio_output@@V?$format_validation_base@DV?$string_output_adapter@D@__crt_stdio_output@@@2@@__crt_stdio_output@@AEAA_NXZ 0000000180015e90 f i libucrtd:output.obj
 0001:00014eb0       ?type_case_c@?$output_processor@_WV?$string_output_adapter@_W@__crt_stdio_output@@V?$format_validation_base@_WV?$string_output_adapter@_W@__crt_stdio_output@@@2@@__crt_stdio_output@@AEAA_NXZ 0000000180015eb0 f i libucrtd:output.obj
 0001:00014ed0       ?type_case_c_tchar@?$output_processor@DV?$string_output_adapter@D@__crt_stdio_output@@V?$format_validation_base@DV?$string_output_adapter@D@__crt_stdio_output@@@2@@__crt_stdio_output@@AEAA_ND@Z 0000000180015ed0 f i libucrtd:output.obj
 0001:00015020       ?type_case_c_tchar@?$output_processor@_WV?$string_output_adapter@_W@__crt_stdio_output@@V?$format_validation_base@_WV?$string_output_adapter@_W@__crt_stdio_output@@@2@@__crt_stdio_output@@AEAA_N_W@Z 0000000180016020 f i libucrtd:output.obj
 0001:00015150       ?type_case_d@?$output_processor@DV?$string_output_adapter@D@__crt_stdio_output@@V?$format_validation_base@DV?$string_output_adapter@D@__crt_stdio_output@@@2@@__crt_stdio_output@@AEAA_NXZ 0000000180016150 f i libucrtd:output.obj
 0001:00015180       ?type_case_d@?$output_processor@_WV?$string_output_adapter@_W@__crt_stdio_output@@V?$format_validation_base@_WV?$string_output_adapter@_W@__crt_stdio_output@@@2@@__crt_stdio_output@@AEAA_NXZ 0000000180016180 f i libucrtd:output.obj
 0001:000151b0       ?type_case_integer@?$output_processor@DV?$string_output_adapter@D@__crt_stdio_output@@V?$format_validation_base@DV?$string_output_adapter@D@__crt_stdio_output@@@2@@__crt_stdio_output@@AEAA_NI_N@Z 00000001800161b0 f i libucrtd:output.obj
 0001:00015600       ?type_case_integer@?$output_processor@_WV?$string_output_adapter@_W@__crt_stdio_output@@V?$format_validation_base@_WV?$string_output_adapter@_W@__crt_stdio_output@@@2@@__crt_stdio_output@@AEAA_NI_N@Z 0000000180016600 f i libucrtd:output.obj
 0001:00015a50       ?type_case_n@?$output_processor@DV?$string_output_adapter@D@__crt_stdio_output@@V?$format_validation_base@DV?$string_output_adapter@D@__crt_stdio_output@@@2@@__crt_stdio_output@@AEAA_NXZ 0000000180016a50 f i libucrtd:output.obj
 0001:00015c90       ?type_case_n@?$output_processor@_WV?$string_output_adapter@_W@__crt_stdio_output@@V?$format_validation_base@_WV?$string_output_adapter@_W@__crt_stdio_output@@@2@@__crt_stdio_output@@AEAA_NXZ 0000000180016c90 f i libucrtd:output.obj
 0001:00015ed0       ?type_case_o@?$output_processor@DV?$string_output_adapter@D@__crt_stdio_output@@V?$format_validation_base@DV?$string_output_adapter@D@__crt_stdio_output@@@2@@__crt_stdio_output@@AEAA_NXZ 0000000180016ed0 f i libucrtd:output.obj
 0001:00015f20       ?type_case_o@?$output_processor@_WV?$string_output_adapter@_W@__crt_stdio_output@@V?$format_validation_base@_WV?$string_output_adapter@_W@__crt_stdio_output@@@2@@__crt_stdio_output@@AEAA_NXZ 0000000180016f20 f i libucrtd:output.obj
 0001:00015f70       ?type_case_p@?$output_processor@DV?$string_output_adapter@D@__crt_stdio_output@@V?$format_validation_base@DV?$string_output_adapter@D@__crt_stdio_output@@@2@@__crt_stdio_output@@AEAA_NXZ 0000000180016f70 f i libucrtd:output.obj
[...]
 0004:0000264c       $pdata$??4big_integer@__crt_strtox@@QEAAAEAU01@AEBU01@@Z 000000018005364c     libucrtd:cfout.obj
 0004:0000264c       $pdata$??0big_integer@__crt_strtox@@QEAA@AEBU01@@Z 000000018005364c     libucrtd:cfout.obj
 0004:00002658       $pdata$??8__crt_strtox@@YA_NAEBUbig_integer@0@0@Z 0000000180053658     libucrtd:cfout.obj
 0004:00002664       $pdata$??9__crt_strtox@@YA_NAEBUbig_integer@0@0@Z 0000000180053664     libucrtd:cfout.obj
 0004:00002670       $pdata$?make_big_integer@__crt_strtox@@YA?AUbig_integer@1@_K@Z 0000000180053670     libucrtd:cfout.obj
 0004:0000267c       $pdata$?make_big_integer_power_of_two@__crt_strtox@@YA?AUbig_integer@1@I@Z 000000018005367c     libucrtd:cfout.obj
 0004:00002688       $pdata$?is_zero@__crt_strtox@@YA_NAEBUbig_integer@1@@Z 0000000180053688     libucrtd:cfout.obj
 0004:00002694       $pdata$?bit_scan_reverse@__crt_strtox@@YAII@Z 0000000180053694     libucrtd:cfout.obj
 0004:000026a0       $pdata$?shift_left@__crt_strtox@@YA_NAEAUbig_integer@1@I@Z 00000001800536a0     libucrtd:cfout.obj
 0004:000026ac       $pdata$?add_carry@__crt_strtox@@YAIAEAIII@Z 00000001800536ac     libucrtd:cfout.obj
 0004:000026b8       $pdata$?add_multiply_carry@__crt_strtox@@YAIAEAIIII@Z 00000001800536b8     libucrtd:cfout.obj
 0004:000026c4       $pdata$?multiply_core@__crt_strtox@@YAIQEAIII@Z 00000001800536c4     libucrtd:cfout.obj
 0004:000026d0       $pdata$?multiply@__crt_strtox@@YA_NAEAUbig_integer@1@I@Z 00000001800536d0     libucrtd:cfout.obj
 0004:000026dc       $pdata$?multiply@__crt_strtox@@YA_NAEAUbig_integer@1@AEBU21@@Z 00000001800536dc     libucrtd:cfout.obj
 0004:000026e8       $pdata$?multiply_by_power_of_ten@__crt_strtox@@YA_NAEAUbig_integer@1@I@Z 00000001800536e8     libucrtd:cfout.obj
 0004:000026f4       $pdata$?count_sequential_high_zeroes@__crt_strtox@@YAII@Z 00000001800536f4     libucrtd:cfout.obj
 0004:00002700       $pdata$?divide@__crt_strtox@@YA_KAEAUbig_integer@1@AEBU21@@Z 0000000180053700     libucrtd:cfout.obj
 0004:0000270c       $pdata$??0scoped_fp_state_reset@?A0x71ca7cfb@@QEAA@XZ 000000018005370c     libucrtd:cfout.obj
 0004:00002718       $pdata$??1scoped_fp_state_reset@?A0x71ca7cfb@@QEAA@XZ 0000000180053718     libucrtd:cfout.obj
 0004:00002724       $pdata$??$convert_to_fos_high_precision@N@@YAXNIQEAHQEAD_K@Z 0000000180053724     libucrtd:cfout.obj
 0004:00002730       $pdata$_fcloseall          0000000180053730     libucrtd:closeall.obj
 0004:0000273c       $pdata$_fcloseall$fin$0    000000018005373c     libucrtd:closeall.obj
 0004:00002748       $pdata$?is_in_use@__crt_stdio_stream@@QEBA_NXZ 0000000180053748     libucrtd:closeall.obj
 0004:00002754       $pdata$?has_crt_buffer@__crt_stdio_stream@@QEBA_NXZ 0000000180053754     libucrtd:_freebuf.obj
 0004:00002760       $pdata$__acrt_stdio_free_buffer_nolock 0000000180053760     libucrtd:_freebuf.obj
 0004:0000276c       $pdata$__acrt_GetStringTypeW 000000018005376c     libucrtd:getstringtypew.obj
 0004:00002778       $pdata$_set_error_mode     0000000180053778     libucrtd:set_error_mode.obj
 0004:00002784       $pdata$_itow_s             0000000180053784     libucrtd:xtoa.obj
 0004:00002790       $pdata$_itoa_s             0000000180053790     libucrtd:xtoa.obj
 0004:0000279c       $pdata$??$common_xtox_s@KD@@YAHKQEAD_KI_N@Z 000000018005379c     libucrtd:xtoa.obj
 0004:000027a8       $pdata$??$common_xtox@KD@@YAHKQEAD_KI_N@Z 00000001800537a8     libucrtd:xtoa.obj
 0004:000027b4       $pdata$??$common_xtox_s@K_W@@YAHKQEA_W_KI_N@Z 00000001800537b4     libucrtd:xtoa.obj
 0004:000027c0       $pdata$??$common_xtox@K_W@@YAHKQEA_W_KI_N@Z 00000001800537c0     libucrtd:xtoa.obj
 0004:000027cc       $pdata$mbstowcs_s          00000001800537cc     libucrtd:mbstowcs.obj
 0004:000027d8       $pdata$_mbstowcs_s_l       00000001800537d8     libucrtd:mbstowcs.obj
 0004:000027e4       $pdata$?_mbstowcs_l_helper@@YA_KPEA_WPEBD_KPEAU__crt_locale_pointers@@@Z 00000001800537e4     libucrtd:mbstowcs.obj
 0004:000027f0       $pdata$wcstombs_s          00000001800537f0     libucrtd:wcstombs.obj
 0004:000027fc       $pdata$_wcstombs_s_l       00000001800537fc     libucrtd:wcstombs.obj
 0004:00002808       $pdata$?wcsncnt@@YA_KPEB_W_K@Z 0000000180053808     libucrtd:wcstombs.obj
 0004:00002814       $pdata$?_wcstombs_l_helper@@YA_KPEADPEB_W_KPEAU__crt_locale_pointers@@@Z 0000000180053814     libucrtd:wcstombs.obj
 0004:00002820       $pdata$?dtor$0@?0??_wcstombs_l_helper@@YA_KPEADPEB_W_KPEAU__crt_locale_pointers@@@Z@4HA 0000000180053820     libucrtd:wcstombs.obj
 0004:0000282c       $pdata$strcat_s            000000018005382c     libucrtd:strcat_s.obj
 0004:00002838       $pdata$??$common_tcscat_s@D@@YAHQEAD_KQEBD@Z 0000000180053838     libucrtd:strcat_s.obj
 0004:00002844       $pdata$__acrt_OutputDebugStringA 0000000180053844     libucrtd:outputdebugstringa.obj
 0004:00002850       $pdata$__strncnt           0000000180053850     libucrtd:strncnt.obj
 0004:0000285c       $pdata$_commit             000000018005385c     libucrtd:commit.obj
 0004:00002868       $pdata$??R<lambda_5533cddd4bda0037814beee657757329>@@QEBAHXZ 0000000180053868     libucrtd:commit.obj
 0004:00002874       $pdata$??$__acrt_lowio_lock_fh_and_call@V<lambda_5533cddd4bda0037814beee657757329>@@@@YAHH$$QEAV<lambda_5533cddd4bda0037814beee657757329>@@@Z 0000000180053874     libucrtd:commit.obj
 0004:00002880       $pdata$??R<lambda_4e3dbe6921bc0b5a1a6bc6573fdc859e>@@QEBAXXZ 0000000180053880     libucrtd:commit.obj
 0004:00002880       $pdata$??R<lambda_53fc7fc888e23d815d7080162c0aeeb2>@@QEBAXXZ 0000000180053880     libucrtd:close.obj
 0004:0000288c       $pdata$??R<lambda_47cffbaa968af5c721c38a4a6f8da44d>@@QEBAXXZ 000000018005388c     libucrtd:commit.obj
 0004:0000288c       $pdata$??R<lambda_8ddc48ad9d26c778cb15812d1d88fc8a>@@QEBAXXZ 000000018005388c     libucrtd:close.obj
 0004:00002898       $pdata$??$?RV<lambda_4e3dbe6921bc0b5a1a6bc6573fdc859e>@@AEAV<lambda_5533cddd4bda0037814beee657757329>@@V<lambda_47cffbaa968af5c721c38a4a6f8da44d>@@@?$__crt_seh_guarded_call@H@@QEAAH$$QEAV<lambda_4e3dbe6921bc0b5a1a6bc6573fdc859e>@@AEAV<lambda_5533cddd4bda0037814beee657757329>@@$$QEAV<lambda_47cffbaa968af5c721c38a4a6f8da44d>@@@Z 0000000180053898     libucrtd:commit.obj
 0004:000028a4       $pdata$?fin$0@?0???$?RV<lambda_4e3dbe6921bc0b5a1a6bc6573fdc859e>@@AEAV<lambda_5533cddd4bda0037814beee657757329>@@V<lambda_47cffbaa968af5c721c38a4a6f8da44d>@@@?$__crt_seh_guarded_call@H@@QEAAH$$QEAV<lambda_4e3dbe6921bc0b5a1a6bc6573fdc859e>@@AEAV<lambda_5533cddd4bda0037814beee657757329>@@$$QEAV<lambda_47cffbaa968af5c721c38a4a6f8da44d>@@@Z@4HA 00000001800538a4     libucrtd:commit.obj
 0004:000028a4       $pdata$?fin$0@?0???$?RV<lambda_53fc7fc888e23d815d7080162c0aeeb2>@@AEAV<lambda_4e7105787b7b0e0227fbf2b2d883fa65>@@V<lambda_8ddc48ad9d26c778cb15812d1d88fc8a>@@@?$__crt_seh_guarded_call@H@@QEAAH$$QEAV<lambda_53fc7fc888e23d815d7080162c0aeeb2>@@AEAV<lambda_4e7105787b7b0e0227fbf2b2d883fa65>@@$$QEAV<lambda_8ddc48ad9d26c778cb15812d1d88fc8a>@@@Z@4HA 00000001800538a4     libucrtd:close.obj
 0004:000028b0       $pdata$_write              00000001800538b0     libucrtd:write.obj
 0004:000028bc       $pdata$_write$fin$0        00000001800538bc     libucrtd:write.obj
 0004:000028c8       $pdata$_write_nolock       00000001800538c8     libucrtd:write.obj
 0004:000028d4       $pdata$?write_requires_double_translation_nolock@@YA_NH@Z 00000001800538d4     libucrtd:write.obj
 0004:000028e0       $pdata$?write_double_translated_ansi_nolock@@YA?AUwrite_result@?A0x17268360@@HQEBDI@Z 00000001800538e0     libucrtd:write.obj
 0004:000028ec       $pdata$?write_double_translated_unicode_nolock@@YA?AUwrite_result@?A0x17268360@@QEBDI@Z 00000001800538ec     libucrtd:write.obj
 0004:000028f8       $pdata$?write_text_ansi_nolock@@YA?AUwrite_result@?A0x17268360@@HQEBDI@Z 00000001800538f8     libucrtd:write.obj
 0004:00002904       $pdata$?write_text_utf16le_nolock@@YA?AUwrite_result@?A0x17268360@@HQEBDI@Z 0000000180053904     libucrtd:write.obj
 0004:00002910       $pdata$?write_text_utf8_nolock@@YA?AUwrite_result@?A0x17268360@@HQEBDI@Z 0000000180053910     libucrtd:write.obj
 0004:0000291c       $pdata$?write_binary_nolock@@YA?AUwrite_result@?A0x17268360@@HQEBDI@Z 000000018005391c     libucrtd:write.obj
 0004:00002928       $pdata$?__mbrtoc32_utf8@__crt_mbstring@@YA_KPEA_UPEBD_KPEAU_Mbstatet@@@Z 0000000180053928     libucrtd:mbrtoc32.obj
 0004:00002940       $pdata$ceil                0000000180053940     libucrtd:ceil.obj
 0004:0000294c       $pdata$fegetenv            000000018005394c     libucrtd:fegetenv.obj
 0004:00002958       $pdata$fesetenv            0000000180053958     libucrtd:fesetenv.obj
 0004:00002964       $pdata$feholdexcept        0000000180053964     libucrtd:feholdexcept.obj
 0004:00002970       $pdata$_lseeki64_nolock    0000000180053970     libucrtd:lseek.obj
 0004:0000297c       $pdata$?common_lseek_do_seek_nolock@@YA_JQEAX_JH@Z 000000018005397c     libucrtd:lseek.obj
 0004:00002988       $pdata$??$common_lseek_nolock@_J@@YA_JH_JH@Z 0000000180053988     libucrtd:lseek.obj
 0004:00002994       $pdata$fclose              0000000180053994     libucrtd:fclose.obj
 0004:000029a0       $pdata$fclose$fin$0        00000001800539a0     libucrtd:fclose.obj
 0004:000029ac       $pdata$_fclose_nolock      00000001800539ac     libucrtd:fclose.obj
 0004:000029b8       $pdata$?__wcsrtombs_utf8@__crt_mbstring@@YA_KPEADPEAPEB_W_KPEAU_Mbstatet@@@Z 00000001800539b8     libucrtd:wcrtomb.obj
 0004:000029c4       $pdata$_putwch_nolock      00000001800539c4     libucrtd:putwch.obj
 0004:000029d0       $pdata$__acrt_initialize_fma3 00000001800539d0     libucrtd:fma3_available.obj
 0004:000029dc       $pdata$_log_special_common 00000001800539dc     libucrtd:log_special.obj
 0004:000029e8       $pdata$_log10_special      00000001800539e8     libucrtd:log_special.obj
 0004:000029f4       $pdata$_call_matherr       00000001800539f4     libucrtd:libm_error.obj
 0004:00002a00       $pdata$_exception_enabled  0000000180053a00     libucrtd:libm_error.obj
 0004:00002a0c       $pdata$_handle_nan         0000000180053a0c     libucrtd:libm_error.obj
 0004:00002a18       $pdata$_handle_error       0000000180053a18     libucrtd:libm_error.obj
 0004:00002a24       $pdata$??$__acrt_fenv_shift_bits@W4__acrt_fenv_abstract_control@@@@YA?AW4__acrt_fenv_abstract_control@@W40@0I@Z 0000000180053a24     libucrtd:_fenvutils.obj
 0004:00002a24       $pdata$??$__acrt_fenv_shift_bits@W4__acrt_fenv_abstract_status@@@@YA?AW4__acrt_fenv_abstract_status@@W40@0I@Z 0000000180053a24     libucrtd:_fenvutils.obj
 0004:00002a30       $pdata$??$__acrt_fenv_unshift_bits@W4__acrt_fenv_abstract_control@@@@YA?AW4__acrt_fenv_abstract_control@@W40@0I@Z 0000000180053a30     libucrtd:_fenvutils.obj
 0004:00002a30       $pdata$??$__acrt_fenv_unshift_bits@W4__acrt_fenv_abstract_status@@@@YA?AW4__acrt_fenv_abstract_status@@W40@0I@Z 0000000180053a30     libucrtd:_fenvutils.obj
 0004:00002a3c       $pdata$?__acrt_fenv_shift_abstract_sse_status@@YA?AW4__acrt_fenv_abstract_status@@W41@@Z 0000000180053a3c     libucrtd:_fenvutils.obj
 0004:00002a48       $pdata$?__acrt_fenv_unshift_abstract_sse_status@@YA?AW4__acrt_fenv_abstract_status@@W41@@Z 0000000180053a48     libucrtd:_fenvutils.obj
 0004:00002a54       $pdata$?__acrt_fenv_shift_abstract_sse_control@@YA?AW4__acrt_fenv_abstract_control@@W41@@Z 0000000180053a54     libucrtd:_fenvutils.obj
 0004:00002a60       $pdata$?__acrt_fenv_unshift_abstract_sse_control@@YA?AW4__acrt_fenv_abstract_control@@W41@@Z 0000000180053a60     libucrtd:_fenvutils.obj
 0004:00002a6c       $pdata$__acrt_fenv_get_status 0000000180053a6c     libucrtd:_fenvutils.obj
 0004:00002a78       $pdata$__acrt_fenv_set_status 0000000180053a78     libucrtd:_fenvutils.obj
 0004:00002a84       $pdata$__acrt_fenv_get_control 0000000180053a84     libucrtd:_fenvutils.obj
 0004:00002a90       $pdata$__acrt_fenv_set_control 0000000180053a90     libucrtd:_fenvutils.obj
 0004:00002a9c       $pdata$?to_machine_sse_status@@YA?AW4__acrt_fenv_machine_sse_status@@W4__acrt_fenv_abstract_status@@@Z 0000000180053a9c     libucrtd:_fenvutils.obj
 0004:00002aa8       $pdata$??$translate_status@W4__acrt_fenv_machine_sse_status@@W4__acrt_fenv_abstract_status@@@@YA?AW4__acrt_fenv_machine_sse_status@@W4__acrt_fenv_abstract_status@@@Z 0000000180053aa8     libucrtd:_fenvutils.obj
 0004:00002ab4       $pdata$?translate_control_denormal_control_to_sse@@YA?AW4__acrt_fenv_machine_sse_control@@W4__acrt_fenv_abstract_control@@@Z 0000000180053ab4     libucrtd:_fenvutils.obj
 0004:00002ac0       $pdata$?translate_control_denormal_control_from_sse@@YA?AW4__acrt_fenv_abstract_control@@W4__acrt_fenv_machine_sse_control@@@Z 0000000180053ac0     libucrtd:_fenvutils.obj
 0004:00002acc       $pdata$?to_abstract_control@@YA?AW4__acrt_fenv_abstract_control@@W4__acrt_fenv_machine_sse_control@@@Z 0000000180053acc     libucrtd:_fenvutils.obj
 0004:00002ad8       $pdata$??$translate_control_exception_mask@W4__acrt_fenv_abstract_control@@W4__acrt_fenv_machine_sse_control@@@@YA?AW4__acrt_fenv_abstract_control@@W4__acrt_fenv_machine_sse_control@@@Z 0000000180053ad8     libucrtd:_fenvutils.obj
 0004:00002ae4       $pdata$??$translate_control_rounding_control@W4__acrt_fenv_abstract_control@@W4__acrt_fenv_machine_sse_control@@@@YA?AW4__acrt_fenv_abstract_control@@W4__acrt_fenv_machine_sse_control@@@Z 0000000180053ae4     libucrtd:_fenvutils.obj
 0004:00002af0       $pdata$?to_machine_sse_control@@YA?AW4__acrt_fenv_machine_sse_control@@W4__acrt_fenv_abstract_control@@@Z 0000000180053af0     libucrtd:_fenvutils.obj
 0004:00002afc       $pdata$??$translate_control_exception_mask@W4__acrt_fenv_machine_sse_control@@W4__acrt_fenv_abstract_control@@@@YA?AW4__acrt_fenv_machine_sse_control@@W4__acrt_fenv_abstract_control@@@Z 0000000180053afc     libucrtd:_fenvutils.obj
 0004:00002b08       $pdata$??$translate_control_rounding_control@W4__acrt_fenv_machine_sse_control@@W4__acrt_fenv_abstract_control@@@@YA?AW4__acrt_fenv_machine_sse_control@@W4__acrt_fenv_abstract_control@@@Z 0000000180053b08     libucrtd:_fenvutils.obj
 0004:00002b14       $pdata$?get_machine_sse_status@@YA?AW4__acrt_fenv_machine_sse_status@@XZ 0000000180053b14     libucrtd:_fenvutils.obj
 0004:00002b20       $pdata$?set_machine_sse_status@@YAXW4__acrt_fenv_machine_sse_status@@@Z 0000000180053b20     libucrtd:_fenvutils.obj
 0004:00002b2c       $pdata$?get_machine_sse_control@@YA?AW4__acrt_fenv_machine_sse_control@@XZ 0000000180053b2c     libucrtd:_fenvutils.obj
 0004:00002b38       $pdata$?set_machine_sse_control@@YAXW4__acrt_fenv_machine_sse_control@@@Z 0000000180053b38     libucrtd:_fenvutils.obj
 0004:00002b44       $pdata$??$to_abstract_status@W4__acrt_fenv_machine_sse_status@@@@YA?AW4__acrt_fenv_abstract_status@@W4__acrt_fenv_machine_sse_status@@@Z 0000000180053b44     libucrtd:_fenvutils.obj
 0004:00002b50       $pdata$??$__acrt_fenv_translate_bit@W4__acrt_fenv_machine_sse_status@@W4__acrt_fenv_abstract_status@@@@YA?AW4__acrt_fenv_machine_sse_status@@W4__acrt_fenv_abstract_status@@0W40@1@Z 0000000180053b50     libucrtd:_fenvutils.obj
 0004:00002b50       $pdata$??$__acrt_fenv_translate_bit@W4__acrt_fenv_abstract_status@@W4__acrt_fenv_machine_sse_status@@@@YA?AW4__acrt_fenv_abstract_status@@W4__acrt_fenv_machine_sse_status@@0W40@1@Z 0000000180053b50     libucrtd:_fenvutils.obj
 0004:00002b5c       $pdata$??$__acrt_fenv_translate_bit@W4__acrt_fenv_abstract_control@@W4__acrt_fenv_machine_sse_control@@@@YA?AW4__acrt_fenv_abstract_control@@W4__acrt_fenv_machine_sse_control@@0W40@1@Z 0000000180053b5c     libucrtd:_fenvutils.obj
 0004:00002b68       $pdata$??$__acrt_fenv_translate_bit@W4__acrt_fenv_machine_sse_control@@W4__acrt_fenv_abstract_control@@@@YA?AW4__acrt_fenv_machine_sse_control@@W4__acrt_fenv_abstract_control@@0W40@1@Z 0000000180053b68     libucrtd:_fenvutils.obj
 0004:00002b74       $pdata$??$translate_status@W4__acrt_fenv_abstract_status@@W4__acrt_fenv_machine_sse_status@@@@YA?AW4__acrt_fenv_abstract_status@@W4__acrt_fenv_machine_sse_status@@@Z 0000000180053b74     libucrtd:_fenvutils.obj
 0004:00002b80       $pdata$_clearfp            0000000180053b80     libucrtd:ieee.obj
 0004:00002b8c       $pdata$_abstract_sw        0000000180053b8c     libucrtd:ieee.obj
 0004:00002b98       $pdata$_close              0000000180053b98     libucrtd:close.obj
 0004:00002ba4       $pdata$_close_nolock       0000000180053ba4     libucrtd:close.obj
 0004:00002bb0       $pdata$?close_os_handle_nolock@@YAKH@Z 0000000180053bb0     libucrtd:close.obj
 0004:00002bbc       $pdata$??R<lambda_4e7105787b7b0e0227fbf2b2d883fa65>@@QEBAHXZ 0000000180053bbc     libucrtd:close.obj
 0004:00002bc8       $pdata$??$__acrt_lowio_lock_fh_and_call@V<lambda_4e7105787b7b0e0227fbf2b2d883fa65>@@@@YAHH$$QEAV<lambda_4e7105787b7b0e0227fbf2b2d883fa65>@@@Z 0000000180053bc8     libucrtd:close.obj
 0004:00002bd4       $pdata$??$?RV<lambda_53fc7fc888e23d815d7080162c0aeeb2>@@AEAV<lambda_4e7105787b7b0e0227fbf2b2d883fa65>@@V<lambda_8ddc48ad9d26c778cb15812d1d88fc8a>@@@?$__crt_seh_guarded_call@H@@QEAAH$$QEAV<lambda_53fc7fc888e23d815d7080162c0aeeb2>@@AEAV<lambda_4e7105787b7b0e0227fbf2b2d883fa65>@@$$QEAV<lambda_8ddc48ad9d26c778cb15812d1d88fc8a>@@@Z 0000000180053bd4     libucrtd:close.obj
 0004:00002be0       $pdata$?__acrt_stdio_free_stream@@YAXV__crt_stdio_stream@@@Z 0000000180053be0     libucrtd:stream.obj
 0004:00002bec       $pdata$?__c16rtomb_utf8@__crt_mbstring@@YA_KPEAD_SPEAU_Mbstatet@@@Z 0000000180053bec     libucrtd:c16rtomb.obj
 0004:00002bf8       $pdata$?store_first_surrogate@?A0xc60ee810@@YAX_SPEAU_Mbstatet@@@Z 0000000180053bf8     libucrtd:c16rtomb.obj
 0004:00002c04       $pdata$?has_surrogate@?A0xc60ee810@@YA_NPEAU_Mbstatet@@@Z 0000000180053c04     libucrtd:c16rtomb.obj
 0004:00002c10       $pdata$?is_first_surrogate@?A0xc60ee810@@YA_N_S@Z 0000000180053c10     libucrtd:c16rtomb.obj
 0004:00002c1c       $pdata$?is_second_surrogate@?A0xc60ee810@@YA_N_S@Z 0000000180053c1c     libucrtd:c16rtomb.obj
 0004:00002c28       $pdata$__dcrt_lowio_ensure_console_output_initialized 0000000180053c28     libucrtd:initcon.obj
 0004:00002c34       $pdata$__dcrt_write_console 0000000180053c34     libucrtd:initcon.obj
 0004:00002c40       $pdata$__dcrt_terminate_console_output 0000000180053c40     libucrtd:initcon.obj
 0004:00002c4c       $pdata$_set_errno_from_matherr 0000000180053c4c     libucrtd:fpexcept.obj
 0004:00002c58       $pdata$_raise_exc          0000000180053c58     libucrtd:fpexcept.obj
 0004:00002c64       $pdata$_raise_exc_ex       0000000180053c64     libucrtd:fpexcept.obj
 0004:00002c70       $pdata$_clrfp              0000000180053c70     libucrtd:fpctrl.obj
 0004:00002c7c       $pdata$_ctrlfp             0000000180053c7c     libucrtd:fpctrl.obj
 0004:00002c88       $pdata$_ctrlfp$filt$0      0000000180053c88     libucrtd:fpctrl.obj
 0004:00002c94       $pdata$_statfp             0000000180053c94     libucrtd:fpctrl.obj
 0004:00002ca0       $pdata$_set_statfp         0000000180053ca0     libucrtd:fpctrl.obj
 0004:00002cb8       $pdata$_ValidateImageBase  0000000180053cb8     LIBCMTD:pesect.obj
 0004:00002cc4       $pdata$_FindPESection      0000000180053cc4     LIBCMTD:pesect.obj
 0004:00002cd0       $pdata$_IsNonwritableInCurrentImage 0000000180053cd0     LIBCMTD:pesect.obj
 0004:00002cdc       $pdata$_IsNonwritableInCurrentImage$filt$0 0000000180053cdc     LIBCMTD:pesect.obj
 0004:00002ce8       $pdata$??_Gtype_info@@UEAAPEAXI@Z 0000000180053ce8     LIBCMTD:std_type_info_static.obj
 0004:00002cf4       $pdata$??3@YAXPEAX_K@Z     0000000180053cf4     LIBCMTD:delete_scalar_size.obj
 0004:00002d00       $pdata$__GSHandlerCheck_SEH 0000000180053d00     LIBCMTD:gshandlerseh.obj
 0004:00002d18       $pdata$__GSHandlerCheck_EH 0000000180053d18     LIBCMTD:gshandlereh.obj
 0004:00002d24       $pdata$??3@YAXPEAX@Z       0000000180053d24     LIBCMTD:delete_scalar.obj
 0004:00002d3c       $pdata$strrchr             0000000180053d3c     libvcruntimed:strrchr.obj
