 win32_handmade

 Timestamp is 5c54b4c5 (Fri Feb  1 16:06:13 2019)

 Preferred load address is 0000000140000000

 Start         Length     Name                   Class
 0001:00000000 0000e060H .text$mn                CODE
 0001:0000e060 00000020H .text$mn$00             CODE
 0001:0000e080 00000210H .text$x                 CODE
 0002:00000000 00000328H .idata$5                DATA
 0002:00000328 00000010H .00cfg                  DATA
 0002:00000338 00000008H .CRT$XCA                DATA
 0002:00000340 00000008H .CRT$XCAA               DATA
 0002:00000348 00000008H .CRT$XCZ                DATA
 0002:00000350 00000008H .CRT$XIA                DATA
 0002:00000358 00000008H .CRT$XIAA               DATA
 0002:00000360 00000008H .CRT$XIAC               DATA
 0002:00000368 00000018H .CRT$XIC                DATA
 0002:00000380 00000008H .CRT$XIZ                DATA
 0002:00000388 00000008H .CRT$XPA                DATA
 0002:00000390 00000010H .CRT$XPX                DATA
 0002:000003a0 00000008H .CRT$XPXA               DATA
 0002:000003a8 00000008H .CRT$XPZ                DATA
 0002:000003b0 00000008H .CRT$XTA                DATA
 0002:000003b8 00000008H .CRT$XTZ                DATA
 0002:000003c0 00000000H .gfids$y                DATA
 0002:000003c0 00007290H .rdata                  DATA
 0002:00007650 00000000H .rdata$r                DATA
 0002:00007650 000002f0H .rdata$zzzdbg           DATA
 0002:00007940 00000008H .rtc$IAA                DATA
 0002:00007948 00000008H .rtc$IZZ                DATA
 0002:00007950 00000008H .rtc$TAA                DATA
 0002:00007958 00000008H .rtc$TZZ                DATA
 0002:00007960 00000bf8H .xdata                  DATA
 0002:00008558 00000000H .xdata$x                DATA
 0002:00008558 00000000H .edata                  DATA
 0002:00008558 00000050H .idata$2                DATA
 0002:000085a8 00000018H .idata$3                DATA
 0002:000085c0 00000328H .idata$4                DATA
 0002:000088e8 000006f2H .idata$6                DATA
 0003:00000000 00000a00H .data                   DATA
 0003:00000a00 00000000H .data$r                 DATA
 0003:00000a00 00001238H .bss                    DATA
 0004:00000000 00000e58H .pdata                  DATA

  Address         Publics by Value              Rva+Base               Lib:Object

 0000:00000000       __hybrid_code_map          0000000000000000     <absolute>
 0000:00000000       __guard_fids_count         0000000000000000     <absolute>
 0000:00000000       __guard_iat_count          0000000000000000     <absolute>
 0000:00000000       __volatile_metadata        0000000000000000     <absolute>
 0000:00000000       __guard_longjmp_count      0000000000000000     <absolute>
 0000:00000000       __guard_longjmp_table      0000000000000000     <absolute>
 0000:00000000       __guard_iat_table          0000000000000000     <absolute>
 0000:00000000       __hybrid_code_map_count    0000000000000000     <absolute>
 0000:00000000       ___safe_se_handler_count   0000000000000000     <absolute>
 0000:00000000       __enclave_config           0000000000000000     <absolute>
 0000:00000000       ___safe_se_handler_table   0000000000000000     <absolute>
 0000:00000000       __dynamic_value_reloc_table 0000000000000000     <absolute>
 0000:00000000       __guard_fids_table         0000000000000000     <absolute>
 0000:00000000       __hybrid_auxiliary_iat     0000000000000000     <absolute>
 0000:00000100       __guard_flags              0000000000000100     <absolute>
 0000:00000000       __ImageBase                0000000140000000     <linker-defined>
 0001:00000000       WinMain                    0000000140001000 f   win32_handmade.obj
 0001:000017f0       ?XInputGetStateStub@@YAKKPEAU_XINPUT_STATE@@@Z 00000001400027f0 f   win32_handmade.obj
 0001:00001810       ?XInputSetStateStub@@YAKKPEAU_XINPUT_VIBRATION@@@Z 0000000140002810 f   win32_handmade.obj
 0001:00001ab0       ?DEBUGPlatformFreeFileMemory@@YAXPEAUthread_context@@PEAX@Z 0000000140002ab0 f   win32_handmade.obj
 0001:00001af0       ?DEBUGPlatformReadEntireFile@@YA?AUdebug_read_file_result@@PEAUthread_context@@PEAD@Z 0000000140002af0 f   win32_handmade.obj
 0001:00001c30       ?DEBUGPlatformWriteEntireFile@@YAHPEAUthread_context@@PEADIPEAX@Z 0000000140002c30 f   win32_handmade.obj
 0001:00003260       ?GetController@@YAPEAUgame_controller_input@@PEAUgame_input@@I@Z 0000000140004260 f i win32_handmade.obj
 0001:000032b0       ?SafeTruncateUInt64@@YAI_K@Z 00000001400042b0 f i win32_handmade.obj
 0001:000032e0       ?Win32GetLastWriteTime@@YA?AU_FILETIME@@PEBD@Z 00000001400042e0 f i win32_handmade.obj
 0001:00003350       ?Win32GetSecondsElapsed@@YAMT_LARGE_INTEGER@@0@Z 0000000140004350 f i win32_handmade.obj
 0001:00003390       ?Win32GetWallClock@@YA?AT_LARGE_INTEGER@@XZ 0000000140004390 f i win32_handmade.obj
 0001:000033ac       __GSHandlerCheck           00000001400043ac f   LIBCMT:gshandler.obj
 0001:000033cc       __GSHandlerCheckCommon     00000001400043cc f   LIBCMT:gshandler.obj
 0001:00003440       __chkstk                   0000000140004440 f   LIBCMT:chkstk.obj
 0001:00003440       _alloca_probe              0000000140004440 f   LIBCMT:chkstk.obj
 0001:000034b0       __security_check_cookie    00000001400044b0 f   LIBCMT:amdsecgs.obj
 0001:0000372c       WinMainCRTStartup          000000014000472c f   LIBCMT:exe_winmain.obj
 0001:00003740       __raise_securityfailure    0000000140004740 f   LIBCMT:gs_report.obj
 0001:00003774       __report_gsfailure         0000000140004774 f   LIBCMT:gs_report.obj
 0001:00003848       __report_rangecheckfailure 0000000140004848 f   LIBCMT:gs_report.obj
 0001:0000385c       __report_securityfailure   000000014000485c f   LIBCMT:gs_report.obj
 0001:000039dc       __scrt_acquire_startup_lock 00000001400049dc f   LIBCMT:utility.obj
 0001:00003a18       __scrt_initialize_crt      0000000140004a18 f   LIBCMT:utility.obj
 0001:00003a64       __scrt_initialize_onexit_tables 0000000140004a64 f   LIBCMT:utility.obj
 0001:00003b3c       __scrt_is_nonwritable_in_current_image 0000000140004b3c f   LIBCMT:utility.obj
 0001:00003bd8       __scrt_release_startup_lock 0000000140004bd8 f   LIBCMT:utility.obj
 0001:00003bfc       __scrt_uninitialize_crt    0000000140004bfc f   LIBCMT:utility.obj
 0001:00003c28       _onexit                    0000000140004c28 f   LIBCMT:utility.obj
 0001:00003c78       atexit                     0000000140004c78 f   LIBCMT:utility.obj
 0001:00003c90       __security_init_cookie     0000000140004c90 f   LIBCMT:gs_support.obj
 0001:00003d3c       __scrt_exe_initialize_mta  0000000140004d3c f   LIBCMT:utility_desktop.obj
 0001:00003d3c       __scrt_stub_for_initialize_mta 0000000140004d3c f   LIBCMT:utility_desktop.obj
 0001:00003d3c       _get_startup_commit_mode   0000000140004d3c f   LIBCMT:commit_mode.obj
 0001:00003d3c       _matherr                   0000000140004d3c f   LIBCMT:matherr.obj
 0001:00003d3c       _get_startup_new_mode      0000000140004d3c f   LIBCMT:new_mode.obj
 0001:00003d3c       __scrt_initialize_winrt    0000000140004d3c f   LIBCMT:utility_desktop.obj
 0001:00003d3c       _get_startup_thread_locale_mode 0000000140004d3c f   LIBCMT:thread_locale.obj
 0001:00003d40       _get_startup_argv_mode     0000000140004d40 f   LIBCMT:argv_mode.obj
 0001:00003d48       _get_startup_file_mode     0000000140004d48 f   LIBCMT:file_mode.obj
 0001:00003d50       ?__scrt_initialize_type_info@@YAXXZ 0000000140004d50 f   LIBCMT:tncleanup.obj
 0001:00003d60       _should_initialize_environment 0000000140004d60 f   LIBCMT:env_mode.obj
 0001:00003d60       __acrt_uninitialize_command_line 0000000140004d60 f   libucrt:argv_data.obj
 0001:00003d64       _guard_check_icall_nop     0000000140004d64 f   LIBCMT:guard_support.obj
 0001:00003d64       _initialize_denormal_control 0000000140004d64 f   LIBCMT:denormal_control.obj
 0001:00003d64       _initialize_invalid_parameter_handler 0000000140004d64 f   LIBCMT:invalid_parameter_handler.obj
 0001:00003d68       __local_stdio_printf_options 0000000140004d68 f i LIBCMT:default_local_stdio_options.obj
 0001:00003d70       __local_stdio_scanf_options 0000000140004d70 f i LIBCMT:default_local_stdio_options.obj
 0001:00003d78       __scrt_initialize_default_local_stdio_options 0000000140004d78 f   LIBCMT:default_local_stdio_options.obj
 0001:00003d94       __scrt_is_user_matherr_present 0000000140004d94 f   LIBCMT:matherr_detection.obj
 0001:00003da0       __scrt_get_dyn_tls_init_callback 0000000140004da0 f   LIBCMT:dyn_tls_init.obj
 0001:00003da8       __scrt_get_dyn_tls_dtor_callback 0000000140004da8 f   LIBCMT:dyn_tls_dtor.obj
 0001:00003db0       __crt_debugger_hook        0000000140004db0 f   LIBCMT:utility_desktop.obj
 0001:00003db8       __scrt_fastfail            0000000140004db8 f   LIBCMT:utility_desktop.obj
 0001:00003f04       __scrt_get_show_window_mode 0000000140004f04 f   LIBCMT:utility_desktop.obj
 0001:00003f40       __scrt_initialize_mta      0000000140004f40 f   LIBCMT:utility_desktop.obj
 0001:00003f48       __scrt_is_managed_app      0000000140004f48 f   LIBCMT:utility_desktop.obj
 0001:00003f9c       __scrt_set_unhandled_exception_filter 0000000140004f9c f   LIBCMT:utility_desktop.obj
 0001:00003fac       __scrt_unhandled_exception_filter 0000000140004fac f   LIBCMT:utility_desktop.obj
 0001:00003fe4       _RTC_Initialize            0000000140004fe4 f   LIBCMT:initsect.obj
 0001:00004020       _RTC_Terminate             0000000140005020 f   LIBCMT:initsect.obj
 0001:0000405c       __isa_available_init       000000014000505c f   LIBCMT:cpu_disp.obj
 0001:00004218       __scrt_is_ucrt_dll_in_use  0000000140005218 f   LIBCMT:ucrt_detection.obj
 0001:00004230       IsProcessorFeaturePresent  0000000140005230 f   kernel32:KERNEL32.dll
 0001:00004238       __C_specific_handler       0000000140005238 f   libvcruntime:riscchandler.obj
 0001:00004444       __vcrt_initialize          0000000140005444 f   libvcruntime:initialization.obj
 0001:00004478       __vcrt_uninitialize        0000000140005478 f   libvcruntime:initialization.obj
 0001:000044b0       memset_repmovs             00000001400054b0 f   libvcruntime:memset.obj
 0001:000044d0       memset                     00000001400054d0 f   libvcruntime:memset.obj
 0001:00004670       _NLG_Notify                0000000140005670 f   libvcruntime:notify.obj
 0001:00004690       __NLG_Dispatch2            0000000140005690 f   libvcruntime:notify.obj
 0001:000046a0       __NLG_Return2              00000001400056a0 f   libvcruntime:notify.obj
 0001:000046a4       __except_validate_context_record 00000001400056a4 f   libvcruntime:jbcxrval.obj
 0001:000046dc       __DestructExceptionObject  00000001400056dc f   libvcruntime:ehhelpers.obj
 0001:00004750       ?_CallMemberFunction0@@YAXQEAX0@Z 0000000140005750 f i libvcruntime:ehhelpers.obj
 0001:00004754       __vcrt_freefls             0000000140005754 f   libvcruntime:per_thread_data.obj
 0001:00004774       __vcrt_initialize_ptd      0000000140005774 f   libvcruntime:per_thread_data.obj
 0001:000047c8       __vcrt_uninitialize_ptd    00000001400057c8 f   libvcruntime:per_thread_data.obj
 0001:000047ec       __vcrt_initialize_locks    00000001400057ec f   libvcruntime:locks.obj
 0001:00004834       __vcrt_uninitialize_locks  0000000140005834 f   libvcruntime:locks.obj
 0001:00004a44       __vcrt_FlsAlloc            0000000140005a44 f   libvcruntime:winapi_downlevel.obj
 0001:00004a8c       __vcrt_FlsFree             0000000140005a8c f   libvcruntime:winapi_downlevel.obj
 0001:00004ad4       __vcrt_FlsSetValue         0000000140005ad4 f   libvcruntime:winapi_downlevel.obj
 0001:00004b28       __vcrt_InitializeCriticalSectionEx 0000000140005b28 f   libvcruntime:winapi_downlevel.obj
 0001:00004b8c       __vcrt_initialize_winapi_thunks 0000000140005b8c f   libvcruntime:winapi_downlevel.obj
 0001:00004bbc       __vcrt_uninitialize_winapi_thunks 0000000140005bbc f   libvcruntime:winapi_downlevel.obj
 0001:00004bfc       __vcrt_initialize_pure_virtual_call_handler 0000000140005bfc f   libvcruntime:purevirt_data.obj
 0001:00004c20       memcpy_repmovs             0000000140005c20 f   libvcruntime:memcpy.obj
 0001:00004c40       memcpy                     0000000140005c40 f   libvcruntime:memcpy.obj
 0001:00004c40       memmove                    0000000140005c40 f   libvcruntime:memcpy.obj
 0001:00005090       _CallSettingFrame          0000000140006090 f   libvcruntime:handlers.obj
 0001:000050e0       _CallSettingFrameEncoded   00000001400060e0 f   libvcruntime:handlers.obj
 0001:00005128       _seh_filter_exe            0000000140006128 f   libucrt:exception_filter.obj
 0001:000052ac       _query_app_type            00000001400062ac f   libucrt:report_runtime_error.obj
 0001:000052b4       _set_app_type              00000001400062b4 f   libucrt:report_runtime_error.obj
 0001:000052bc       __acrt_has_user_matherr    00000001400062bc f   libucrt:matherr.obj
 0001:000052dc       __acrt_initialize_user_matherr 00000001400062dc f   libucrt:matherr.obj
 0001:000052e4       __acrt_invoke_user_matherr 00000001400062e4 f   libucrt:matherr.obj
 0001:00005314       __setusermatherr           0000000140006314 f   libucrt:matherr.obj
 0001:00005500       __acrt_allocate_buffer_for_argv 0000000140006500 f   libucrt:argv_parsing.obj
 0001:00005560       _configure_narrow_argv     0000000140006560 f   libucrt:argv_parsing.obj
 0001:000058d8       __dcrt_uninitialize_environments_nolock 00000001400068d8 f   libucrt:environment_initialization.obj
 0001:00005910       _initialize_narrow_environment 0000000140006910 f   libucrt:environment_initialization.obj
 0001:00005918       _get_narrow_winmain_command_line 0000000140006918 f   libucrt:argv_winmain.obj
 0001:00005988       _initterm                  0000000140006988 f   libucrt:initterm.obj
 0001:000059ec       _initterm_e                00000001400069ec f   libucrt:initterm.obj
 0001:00005c98       __acrt_initialize_thread_local_exit_callback 0000000140006c98 f   libucrt:exit.obj
 0001:00005ca0       _c_exit                    0000000140006ca0 f   libucrt:exit.obj
 0001:00005cb0       _cexit                     0000000140006cb0 f   libucrt:exit.obj
 0001:00005cc0       _exit                      0000000140006cc0 f   libucrt:exit.obj
 0001:00005ccc       _register_thread_local_exe_atexit_callback 0000000140006ccc f   libucrt:exit.obj
 0001:00005d08       exit                       0000000140006d08 f   libucrt:exit.obj
 0001:00005d14       _set_fmode                 0000000140006d14 f   libucrt:setmode.obj
 0001:00005dc4       __acrt_set_locale_changed  0000000140006dc4 f   libucrt:wsetlocale.obj
 0001:00005dd0       __acrt_uninitialize_locale 0000000140006dd0 f   libucrt:wsetlocale.obj
 0001:00005e00       _configthreadlocale        0000000140006e00 f   libucrt:wsetlocale.obj
 0001:00005e6c       _query_new_mode            0000000140006e6c f   libucrt:new_mode.obj
 0001:00005e74       _set_new_mode              0000000140006e74 f   libucrt:new_mode.obj
 0001:00005ea0       __p__commode               0000000140006ea0 f   libucrt:ncommode.obj
 0001:000061e8       _crt_atexit                00000001400071e8 f   libucrt:onexit.obj
 0001:000061f8       _execute_onexit_table      00000001400071f8 f   libucrt:onexit.obj
 0001:00006234       _initialize_onexit_table   0000000140007234 f   libucrt:onexit.obj
 0001:0000625c       _register_onexit_function  000000014000725c f   libucrt:onexit.obj
 0001:000063d0       __acrt_initialize          00000001400073d0 f   libucrt:initialization.obj
 0001:000063e4       __acrt_uninitialize        00000001400073e4 f   libucrt:initialization.obj
 0001:0000641c       terminate                  000000014000741c f   libucrt:terminate.obj
 0001:0000643c       free                       000000014000743c f   libucrt:free.obj
 0001:00006450       strcpy_s                   0000000140007450 f   libucrt:strcpy_s.obj
 0001:000064b0       abort                      00000001400074b0 f   libucrt:abort.obj
 0001:00006508       wcsncmp                    0000000140007508 f   libucrt:wcsncmp.obj
 0001:00006534       ??0_LocaleUpdate@@QEAA@QEAU__crt_locale_pointers@@@Z 0000000140007534 f i libucrt:output.obj
 0001:000065e0       strncmp                    00000001400075e0 f   libucrt:strncmp.obj
 0001:000069d8       __acrt_getptd              00000001400079d8 f   libucrt:per_thread_data.obj
 0001:00006aac       __acrt_getptd_head         0000000140007aac f   libucrt:per_thread_data.obj
 0001:00006b54       __acrt_getptd_noexit       0000000140007b54 f   libucrt:per_thread_data.obj
 0001:00006c20       __acrt_initialize_ptd      0000000140007c20 f   libucrt:per_thread_data.obj
 0001:00006c5c       __acrt_uninitialize_ptd    0000000140007c5c f   libucrt:per_thread_data.obj
 0001:00006c80       __acrt_call_reportfault    0000000140007c80 f   libucrt:invalid_parameter.obj
 0001:00006ddc       __acrt_initialize_invalid_parameter_handler 0000000140007ddc f   libucrt:invalid_parameter.obj
 0001:00006de4       _invalid_parameter         0000000140007de4 f   libucrt:invalid_parameter.obj
 0001:00006e94       _invalid_parameter_noinfo  0000000140007e94 f   libucrt:invalid_parameter.obj
 0001:00006eb4       _invoke_watson             0000000140007eb4 f   libucrt:invalid_parameter.obj
 0001:00006efc       __acrt_errno_from_os_error 0000000140007efc f   libucrt:errno.obj
 0001:00006f44       __acrt_errno_map_os_error  0000000140007f44 f   libucrt:errno.obj
 0001:00006f94       __doserrno                 0000000140007f94 f   libucrt:errno.obj
 0001:00006fb4       _errno                     0000000140007fb4 f   libucrt:errno.obj
 0001:00006fd4       _calloc_base               0000000140007fd4 f   libucrt:calloc_base.obj
 0001:0000704c       _free_base                 000000014000804c f   libucrt:free_base.obj
 0001:000070a0       ??$__acrt_mbs_to_wcs_cp@U__crt_win32_buffer_internal_dynamic_resizing@@@@YAHQEBDAEAV?$__crt_win32_buffer@_WU__crt_win32_buffer_internal_dynamic_resizing@@@@I@Z 00000001400080a0 f i libucrt:argv_wildcards.obj
 0001:00007218       ??$__acrt_wcs_to_mbs_cp@U__crt_win32_buffer_internal_dynamic_resizing@@@@YAHQEB_WAEAV?$__crt_win32_buffer@DU__crt_win32_buffer_internal_dynamic_resizing@@@@I@Z 0000000140008218 f i libucrt:argv_wildcards.obj
 0001:00007a48       __acrt_expand_narrow_argv_wildcards 0000000140008a48 f   libucrt:argv_wildcards.obj
 0001:00007a50       ??$__acrt_wcs_to_mbs_cp@U__crt_win32_buffer_no_resizing@@@@YAHQEB_WAEAV?$__crt_win32_buffer@DU__crt_win32_buffer_no_resizing@@@@I@Z 0000000140008a50 f i libucrt:getmodulefilenamea.obj
 0001:00007b64       __acrt_GetModuleFileNameA  0000000140008b64 f   libucrt:getmodulefilenamea.obj
 0001:000083b0       __acrt_initialize_multibyte 00000001400093b0 f   libucrt:mbctype.obj
 0001:00008410       __acrt_update_thread_multibyte_data 0000000140009410 f   libucrt:mbctype.obj
 0001:0000842c       _setmbcp_nolock            000000014000942c f   libucrt:mbctype.obj
 0001:00008760       _ismbblead                 0000000140009760 f   libucrt:ismbbyte.obj
 0001:00008774       __acrt_initialize_command_line 0000000140009774 f   libucrt:argv_data.obj
 0001:0000879c       __acrt_MultiByteToWideChar 000000014000979c f   libucrt:multibytetowidechar.obj
 0001:000087f8       __acrt_WideCharToMultiByte 00000001400097f8 f   libucrt:widechartomultibyte.obj
 0001:00008890       __dcrt_get_narrow_environment_from_os 0000000140009890 f   libucrt:get_environment_from_os.obj
 0001:00008994       __acrt_initialize_locks    0000000140009994 f   libucrt:locks.obj
 0001:000089dc       __acrt_lock                00000001400099dc f   libucrt:locks.obj
 0001:000089f8       __acrt_uninitialize_locks  00000001400099f8 f   libucrt:locks.obj
 0001:00008a30       __acrt_unlock              0000000140009a30 f   libucrt:locks.obj
 0001:00008a4c       __acrt_get_process_end_policy 0000000140009a4c f   libucrt:win_policies.obj
 0001:00008a88       __acrt_lowio_create_handle_array 0000000140009a88 f   libucrt:osfinfo.obj
 0001:00008b30       __acrt_lowio_destroy_handle_array 0000000140009b30 f   libucrt:osfinfo.obj
 0001:00008b80       __acrt_lowio_ensure_fh_exists 0000000140009b80 f   libucrt:osfinfo.obj
 0001:00008c28       __acrt_lowio_lock_fh       0000000140009c28 f   libucrt:osfinfo.obj
 0001:00008c50       __acrt_lowio_unlock_fh     0000000140009c50 f   libucrt:osfinfo.obj
 0001:00008c78       _free_osfhnd               0000000140009c78 f   libucrt:osfinfo.obj
 0001:00008d34       _get_osfhandle             0000000140009d34 f   libucrt:osfinfo.obj
 0001:00008fa8       __acrt_initialize_lowio    0000000140009fa8 f   libucrt:ioinit.obj
 0001:00008fe4       __acrt_uninitialize_lowio  0000000140009fe4 f   libucrt:ioinit.obj
 0001:00009024       __acrt_locale_free_monetary 000000014000a024 f   libucrt:initmon.obj
 0001:00009130       __acrt_locale_free_numeric 000000014000a130 f   libucrt:initnum.obj
 0001:000091f4       __acrt_locale_free_time    000000014000a1f4 f   libucrt:inittime.obj
 0001:000092fc       __pctype_func              000000014000a2fc f   libucrt:ctype.obj
 0001:0000932c       _malloc_base               000000014000a32c f   libucrt:malloc_base.obj
 0001:0000938c       __acrt_GetStringTypeA      000000014000a38c f   libucrt:getstringtypea.obj
 0001:0000951c       __acrt_add_locale_ref      000000014000a51c f   libucrt:locale_refcounting.obj
 0001:000095a8       __acrt_free_locale         000000014000a5a8 f   libucrt:locale_refcounting.obj
 0001:00009720       __acrt_locale_add_lc_time_reference 000000014000a720 f   libucrt:locale_refcounting.obj
 0001:00009748       __acrt_locale_free_lc_time_if_unreferenced 000000014000a748 f   libucrt:locale_refcounting.obj
 0001:00009780       __acrt_locale_release_lc_time_reference 000000014000a780 f   libucrt:locale_refcounting.obj
 0001:000097a8       __acrt_release_locale_ref  000000014000a7a8 f   libucrt:locale_refcounting.obj
 0001:00009850       __acrt_update_thread_locale_data 000000014000a850 f   libucrt:locale_refcounting.obj
 0001:000098c0       _updatetlocinfoEx_nolock   000000014000a8c0 f   libucrt:locale_refcounting.obj
 0001:00009b00       __acrt_AppPolicyGetProcessTerminationMethodInternal 000000014000ab00 f   libucrt:winapi_thunks.obj
 0001:00009b50       __acrt_AreFileApisANSI     000000014000ab50 f   libucrt:winapi_thunks.obj
 0001:00009b8c       __acrt_FlsAlloc            000000014000ab8c f   libucrt:winapi_thunks.obj
 0001:00009bd4       __acrt_FlsFree             000000014000abd4 f   libucrt:winapi_thunks.obj
 0001:00009c1c       __acrt_FlsGetValue         000000014000ac1c f   libucrt:winapi_thunks.obj
 0001:00009c64       __acrt_FlsSetValue         000000014000ac64 f   libucrt:winapi_thunks.obj
 0001:00009cb8       __acrt_InitializeCriticalSectionEx 000000014000acb8 f   libucrt:winapi_thunks.obj
 0001:00009d1c       __acrt_LCMapStringEx       000000014000ad1c f   libucrt:winapi_thunks.obj
 0001:00009df8       __acrt_LocaleNameToLCID    000000014000adf8 f   libucrt:winapi_thunks.obj
 0001:00009e48       __acrt_initialize_winapi_thunks 000000014000ae48 f   libucrt:winapi_thunks.obj
 0001:00009e7c       __acrt_uninitialize_winapi_thunks 000000014000ae7c f   libucrt:winapi_thunks.obj
 0001:00009ec0       _recalloc_base             000000014000aec0 f   libucrt:recalloc.obj
 0001:00009f58       __acrt_initialize_heap     000000014000af58 f   libucrt:heap_handle.obj
 0001:00009f74       __acrt_uninitialize_heap   000000014000af74 f   libucrt:heap_handle.obj
 0001:00009f80       __acrt_execute_initializers 000000014000af80 f   libucrt:shared_initialization.obj
 0001:0000a000       __acrt_execute_uninitializers 000000014000b000 f   libucrt:shared_initialization.obj
 0001:0000a03c       __acrt_initialize_new_handler 000000014000b03c f   libucrt:new_handler.obj
 0001:0000a044       _callnewh                  000000014000b044 f   libucrt:new_handler.obj
 0001:0000a074       _query_new_handler         000000014000b074 f   libucrt:new_handler.obj
 0001:0000a0f0       __acrt_get_sigabrt_handler 000000014000b0f0 f   libucrt:signal.obj
 0001:0000a120       __acrt_initialize_signal_handlers 000000014000b120 f   libucrt:signal.obj
 0001:0000a140       raise                      000000014000b140 f   libucrt:signal.obj
 0001:0000a588       __acrt_stdio_flush_nolock  000000014000b588 f   libucrt:fflush.obj
 0001:0000a604       _fflush_nolock             000000014000b604 f   libucrt:fflush.obj
 0001:0000a650       _flushall                  000000014000b650 f   libucrt:fflush.obj
 0001:0000a658       __acrt_initialize_stdio    000000014000b658 f   libucrt:_file.obj
 0001:0000a778       __acrt_uninitialize_stdio  000000014000b778 f   libucrt:_file.obj
 0001:0000a7d4       _lock_file                 000000014000b7d4 f   libucrt:_file.obj
 0001:0000a7e0       _unlock_file               000000014000b7e0 f   libucrt:_file.obj
 0001:0000a7ec       _mbtowc_l                  000000014000b7ec f   libucrt:mbtowc.obj
 0001:0000a968       mbtowc                     000000014000b968 f   libucrt:mbtowc.obj
 0001:0000a970       __acrt_update_locale_info  000000014000b970 f   libucrt:locale_update.obj
 0001:0000a9a4       __acrt_update_multibyte_info 000000014000b9a4 f   libucrt:locale_update.obj
 0001:0000a9d8       _fileno                    000000014000b9d8 f   libucrt:fileno.obj
 0001:0000aa00       qsort                      000000014000ba00 f   libucrt:qsort.obj
 0001:0000adc0       strncpy_s                  000000014000bdc0 f   libucrt:strncpy_s.obj
 0001:0000af40       strpbrk                    000000014000bf40 f   libucrt:strpbrk.obj
 0001:0000b320       _mbsdec                    000000014000c320 f   libucrt:mbsdec.obj
 0001:0000b328       _mbsdec_l                  000000014000c328 f   libucrt:mbsdec.obj
 0001:0000b6d4       __acrt_LCMapStringA        000000014000c6d4 f   libucrt:lcmapstringa.obj
 0001:0000b86c       __acrt_DownlevelLocaleNameToLCID 000000014000c86c f   libucrt:lcidtoname_downlevel.obj
 0001:0000b8a0       _msize_base                000000014000c8a0 f   libucrt:msize.obj
 0001:0000b8dc       _realloc_base              000000014000c8dc f   libucrt:realloc_base.obj
 0001:0000b9e4       _commit                    000000014000c9e4 f   libucrt:commit.obj
 0001:0000c2e4       _write                     000000014000d2e4 f   libucrt:write.obj
 0001:0000c3d0       _write_nolock              000000014000d3d0 f   libucrt:write.obj
 0001:0000c6ac       _fcloseall                 000000014000d6ac f   libucrt:closeall.obj
 0001:0000c760       __acrt_stdio_free_buffer_nolock 000000014000d760 f   libucrt:_freebuf.obj
 0001:0000c7a0       _isatty                    000000014000d7a0 f   libucrt:isatty.obj
 0001:0000c800       _isleadbyte_l              000000014000d800 f i libucrt:_wctype.obj
 0001:0000c84c       ?__mbrtowc_utf8@__crt_mbstring@@YA_KPEA_WPEBD_KPEAU_Mbstatet@@@Z 000000014000d84c f   libucrt:mbrtowc.obj
 0001:0000c888       ?__mbsrtowcs_utf8@__crt_mbstring@@YA_KPEA_WPEAPEBD_KPEAU_Mbstatet@@@Z 000000014000d888 f   libucrt:mbrtowc.obj
 0001:0000ca00       __strncnt                  000000014000da00 f   libucrt:strncnt.obj
 0001:0000cab4       _lseeki64_nolock           000000014000dab4 f   libucrt:lseek.obj
 0001:0000cabc       _putwch_nolock             000000014000dabc f   libucrt:putwch.obj
 0001:0000caf8       _fclose_nolock             000000014000daf8 f   libucrt:fclose.obj
 0001:0000cb7c       fclose                     000000014000db7c f   libucrt:fclose.obj
 0001:0000cbe0       ?__mbrtoc32_utf8@__crt_mbstring@@YA_KPEA_UPEBD_KPEAU_Mbstatet@@@Z 000000014000dbe0 f   libucrt:mbrtoc32.obj
 0001:0000cdc0       log10                      000000014000ddc0 f   libucrt:log10.obj
 0001:0000d36c       __dcrt_lowio_ensure_console_output_initialized 000000014000e36c f   libucrt:initcon.obj
 0001:0000d3c0       __dcrt_terminate_console_output 000000014000e3c0 f   libucrt:initcon.obj
 0001:0000d3dc       __dcrt_write_console       000000014000e3dc f   libucrt:initcon.obj
 0001:0000d510       _close                     000000014000e510 f   libucrt:close.obj
 0001:0000d5b4       _close_nolock              000000014000e5b4 f   libucrt:close.obj
 0001:0000d674       ?__acrt_stdio_free_stream@@YAXV__crt_stdio_stream@@@Z 000000014000e674 f   libucrt:stream.obj
 0001:0000d7b4       _handle_error              000000014000e7b4 f   libucrt:libm_error.obj
 0001:0000d8e0       __acrt_initialize_fma3     000000014000e8e0 f   libucrt:fma3_available.obj
 0001:0000d950       _log10_special             000000014000e950 f   libucrt:log_special.obj
 0001:0000da20       _get_fpsr                  000000014000ea20 f   libucrt:fpsr.obj
 0001:0000da30       _set_fpsr                  000000014000ea30 f   libucrt:fpsr.obj
 0001:0000da3a       _fclrf                     000000014000ea3a f   libucrt:fpsr.obj
 0001:0000da4e       _frnd                      000000014000ea4e f   libucrt:fpsr.obj
 0001:0000da70       _raise_exc                 000000014000ea70 f   libucrt:fpexcept.obj
 0001:0000da98       _raise_exc_ex              000000014000ea98 f   libucrt:fpexcept.obj
 0001:0000dda8       _set_errno_from_matherr    000000014000eda8 f   libucrt:fpexcept.obj
 0001:0000ddd8       _clrfp                     000000014000edd8 f   libucrt:fpctrl.obj
 0001:0000ddf8       _ctrlfp                    000000014000edf8 f   libucrt:fpctrl.obj
 0001:0000de74       _set_statfp                000000014000ee74 f   libucrt:fpctrl.obj
 0001:0000de94       _statfp                    000000014000ee94 f   libucrt:fpctrl.obj
 0001:0000deb0       _FindPESection             000000014000eeb0 f   LIBCMT:pesect.obj
 0001:0000df00       _IsNonwritableInCurrentImage 000000014000ef00 f   LIBCMT:pesect.obj
 0001:0000df50       _ValidateImageBase         000000014000ef50 f   LIBCMT:pesect.obj
 0001:0000df90       memcmp                     000000014000ef90 f   libvcruntime:memcmp.obj
 0001:0000e070       _guard_dispatch_icall_nop  000000014000f070 f   LIBCMT:guard_dispatch.obj
 0002:00000000       __imp_GetDeviceCaps        0000000140010000     gdi32:GDI32.dll
 0002:00000008       __imp_StretchDIBits        0000000140010008     gdi32:GDI32.dll
 0002:00000010       \177GDI32_NULL_THUNK_DATA  0000000140010010     gdi32:GDI32.dll
 0002:00000018       __imp_SetFilePointerEx     0000000140010018     kernel32:KERNEL32.dll
 0002:00000020       __imp_GetConsoleMode       0000000140010020     kernel32:KERNEL32.dll
 0002:00000028       __imp_GetConsoleCP         0000000140010028     kernel32:KERNEL32.dll
 0002:00000030       __imp_FlushFileBuffers     0000000140010030     kernel32:KERNEL32.dll
 0002:00000038       __imp_HeapReAlloc          0000000140010038     kernel32:KERNEL32.dll
 0002:00000040       __imp_CreateFileW          0000000140010040     kernel32:KERNEL32.dll
 0002:00000048       __imp_GetProcessHeap       0000000140010048     kernel32:KERNEL32.dll
 0002:00000050       __imp_LCMapStringW         0000000140010050     kernel32:KERNEL32.dll
 0002:00000058       __imp_WriteConsoleW        0000000140010058     kernel32:KERNEL32.dll
 0002:00000060       __imp_HeapSize             0000000140010060     kernel32:KERNEL32.dll
 0002:00000068       __imp_GetLastError         0000000140010068     kernel32:KERNEL32.dll
 0002:00000070       __imp_CompareFileTime      0000000140010070     kernel32:KERNEL32.dll
 0002:00000078       __imp_CreateFileA          0000000140010078     kernel32:KERNEL32.dll
 0002:00000080       __imp_GetFileAttributesExA 0000000140010080     kernel32:KERNEL32.dll
 0002:00000088       __imp_GetFileSizeEx        0000000140010088     kernel32:KERNEL32.dll
 0002:00000090       __imp_ReadFile             0000000140010090     kernel32:KERNEL32.dll
 0002:00000098       __imp_WriteFile            0000000140010098     kernel32:KERNEL32.dll
 0002:000000a0       __imp_CloseHandle          00000001400100a0     kernel32:KERNEL32.dll
 0002:000000a8       __imp_QueryPerformanceCounter 00000001400100a8     kernel32:KERNEL32.dll
 0002:000000b0       __imp_QueryPerformanceFrequency 00000001400100b0     kernel32:KERNEL32.dll
 0002:000000b8       __imp_Sleep                00000001400100b8     kernel32:KERNEL32.dll
 0002:000000c0       __imp_VirtualAlloc         00000001400100c0     kernel32:KERNEL32.dll
 0002:000000c8       __imp_VirtualFree          00000001400100c8     kernel32:KERNEL32.dll
 0002:000000d0       __imp_MapViewOfFile        00000001400100d0     kernel32:KERNEL32.dll
 0002:000000d8       __imp_FreeLibrary          00000001400100d8     kernel32:KERNEL32.dll
 0002:000000e0       __imp_GetModuleFileNameA   00000001400100e0     kernel32:KERNEL32.dll
 0002:000000e8       __imp_GetProcAddress       00000001400100e8     kernel32:KERNEL32.dll
 0002:000000f0       __imp_LoadLibraryA         00000001400100f0     kernel32:KERNEL32.dll
 0002:000000f8       __imp_CreateFileMappingA   00000001400100f8     kernel32:KERNEL32.dll
 0002:00000100       __imp_CopyFileA            0000000140010100     kernel32:KERNEL32.dll
 0002:00000108       __imp_RtlCaptureContext    0000000140010108     kernel32:KERNEL32.dll
 0002:00000110       __imp_RtlLookupFunctionEntry 0000000140010110     kernel32:KERNEL32.dll
 0002:00000118       __imp_RtlVirtualUnwind     0000000140010118     kernel32:KERNEL32.dll
 0002:00000120       __imp_UnhandledExceptionFilter 0000000140010120     kernel32:KERNEL32.dll
 0002:00000128       __imp_SetUnhandledExceptionFilter 0000000140010128     kernel32:KERNEL32.dll
 0002:00000130       __imp_GetCurrentProcess    0000000140010130     kernel32:KERNEL32.dll
 0002:00000138       __imp_TerminateProcess     0000000140010138     kernel32:KERNEL32.dll
 0002:00000140       __imp_IsProcessorFeaturePresent 0000000140010140     kernel32:KERNEL32.dll
 0002:00000148       __imp_GetCurrentProcessId  0000000140010148     kernel32:KERNEL32.dll
 0002:00000150       __imp_GetCurrentThreadId   0000000140010150     kernel32:KERNEL32.dll
 0002:00000158       __imp_GetSystemTimeAsFileTime 0000000140010158     kernel32:KERNEL32.dll
 0002:00000160       __imp_InitializeSListHead  0000000140010160     kernel32:KERNEL32.dll
 0002:00000168       __imp_IsDebuggerPresent    0000000140010168     kernel32:KERNEL32.dll
 0002:00000170       __imp_GetStartupInfoW      0000000140010170     kernel32:KERNEL32.dll
 0002:00000178       __imp_GetModuleHandleW     0000000140010178     kernel32:KERNEL32.dll
 0002:00000180       __imp_RtlUnwindEx          0000000140010180     kernel32:KERNEL32.dll
 0002:00000188       __imp_SetLastError         0000000140010188     kernel32:KERNEL32.dll
 0002:00000190       __imp_EnterCriticalSection 0000000140010190     kernel32:KERNEL32.dll
 0002:00000198       __imp_LeaveCriticalSection 0000000140010198     kernel32:KERNEL32.dll
 0002:000001a0       __imp_DeleteCriticalSection 00000001400101a0     kernel32:KERNEL32.dll
 0002:000001a8       __imp_InitializeCriticalSectionAndSpinCount 00000001400101a8     kernel32:KERNEL32.dll
 0002:000001b0       __imp_TlsAlloc             00000001400101b0     kernel32:KERNEL32.dll
 0002:000001b8       __imp_TlsGetValue          00000001400101b8     kernel32:KERNEL32.dll
 0002:000001c0       __imp_TlsSetValue          00000001400101c0     kernel32:KERNEL32.dll
 0002:000001c8       __imp_TlsFree              00000001400101c8     kernel32:KERNEL32.dll
 0002:000001d0       __imp_LoadLibraryExW       00000001400101d0     kernel32:KERNEL32.dll
 0002:000001d8       __imp_RaiseException       00000001400101d8     kernel32:KERNEL32.dll
 0002:000001e0       __imp_GetStdHandle         00000001400101e0     kernel32:KERNEL32.dll
 0002:000001e8       __imp_GetModuleFileNameW   00000001400101e8     kernel32:KERNEL32.dll
 0002:000001f0       __imp_ExitProcess          00000001400101f0     kernel32:KERNEL32.dll
 0002:000001f8       __imp_GetModuleHandleExW   00000001400101f8     kernel32:KERNEL32.dll
 0002:00000200       __imp_HeapAlloc            0000000140010200     kernel32:KERNEL32.dll
 0002:00000208       __imp_HeapFree             0000000140010208     kernel32:KERNEL32.dll
 0002:00000210       __imp_FindClose            0000000140010210     kernel32:KERNEL32.dll
 0002:00000218       __imp_FindFirstFileExW     0000000140010218     kernel32:KERNEL32.dll
 0002:00000220       __imp_FindNextFileW        0000000140010220     kernel32:KERNEL32.dll
 0002:00000228       __imp_IsValidCodePage      0000000140010228     kernel32:KERNEL32.dll
 0002:00000230       __imp_GetACP               0000000140010230     kernel32:KERNEL32.dll
 0002:00000238       __imp_GetOEMCP             0000000140010238     kernel32:KERNEL32.dll
 0002:00000240       __imp_GetCPInfo            0000000140010240     kernel32:KERNEL32.dll
 0002:00000248       __imp_GetCommandLineA      0000000140010248     kernel32:KERNEL32.dll
 0002:00000250       __imp_GetCommandLineW      0000000140010250     kernel32:KERNEL32.dll
 0002:00000258       __imp_MultiByteToWideChar  0000000140010258     kernel32:KERNEL32.dll
 0002:00000260       __imp_WideCharToMultiByte  0000000140010260     kernel32:KERNEL32.dll
 0002:00000268       __imp_GetEnvironmentStringsW 0000000140010268     kernel32:KERNEL32.dll
 0002:00000270       __imp_FreeEnvironmentStringsW 0000000140010270     kernel32:KERNEL32.dll
 0002:00000278       __imp_SetStdHandle         0000000140010278     kernel32:KERNEL32.dll
 0002:00000280       __imp_GetFileType          0000000140010280     kernel32:KERNEL32.dll
 0002:00000288       __imp_GetStringTypeW       0000000140010288     kernel32:KERNEL32.dll
 0002:00000290       \177KERNEL32_NULL_THUNK_DATA 0000000140010290     kernel32:KERNEL32.dll
 0002:00000298       __imp_TranslateMessage     0000000140010298     user32:USER32.dll
 0002:000002a0       __imp_DispatchMessageA     00000001400102a0     user32:USER32.dll
 0002:000002a8       __imp_PeekMessageA         00000001400102a8     user32:USER32.dll
 0002:000002b0       __imp_ScreenToClient       00000001400102b0     user32:USER32.dll
 0002:000002b8       __imp_GetCursorPos         00000001400102b8     user32:USER32.dll
 0002:000002c0       __imp_GetClientRect        00000001400102c0     user32:USER32.dll
 0002:000002c8       __imp_EndPaint             00000001400102c8     user32:USER32.dll
 0002:000002d0       __imp_BeginPaint           00000001400102d0     user32:USER32.dll
 0002:000002d8       __imp_ReleaseDC            00000001400102d8     user32:USER32.dll
 0002:000002e0       __imp_GetDC                00000001400102e0     user32:USER32.dll
 0002:000002e8       __imp_GetKeyState          00000001400102e8     user32:USER32.dll
 0002:000002f0       __imp_CreateWindowExA      00000001400102f0     user32:USER32.dll
 0002:000002f8       __imp_RegisterClassA       00000001400102f8     user32:USER32.dll
 0002:00000300       __imp_DefWindowProcA       0000000140010300     user32:USER32.dll
 0002:00000308       __imp_wsprintfA            0000000140010308     user32:USER32.dll
 0002:00000310       \177USER32_NULL_THUNK_DATA 0000000140010310     user32:USER32.dll
 0002:00000318       __imp_timeBeginPeriod      0000000140010318     winmm:WINMM.dll
 0002:00000320       \177WINMM_NULL_THUNK_DATA  0000000140010320     winmm:WINMM.dll
 0002:00000328       __guard_check_icall_fptr   0000000140010328     LIBCMT:guard_support.obj
 0002:00000330       __guard_dispatch_icall_fptr 0000000140010330     LIBCMT:guard_support.obj
 0002:00000338       __xc_a                     0000000140010338     LIBCMT:initializers.obj
 0002:00000348       __xc_z                     0000000140010348     LIBCMT:initializers.obj
 0002:00000350       __xi_a                     0000000140010350     LIBCMT:initializers.obj
 0002:00000368       __acrt_multibyte_initializer 0000000140010368     libucrt:multibyte_initializer.obj
 0002:00000370       __acrt_stdio_initializer   0000000140010370     libucrt:stdio_initializer.obj
 0002:00000378       __acrt_tran_fma3_initializer 0000000140010378     libucrt:fma3_initializer.obj
 0002:00000380       __xi_z                     0000000140010380     LIBCMT:initializers.obj
 0002:00000388       __xp_a                     0000000140010388     LIBCMT:initializers.obj
 0002:00000390       __acrt_locale_terminator   0000000140010390     libucrt:locale_initializer.obj
 0002:00000398       __dcrt_console_output_terminator 0000000140010398     libucrt:console_output_initializer.obj
 0002:000003a0       __acrt_stdio_terminator    00000001400103a0     libucrt:stdio_initializer.obj
 0002:000003a8       __xp_z                     00000001400103a8     LIBCMT:initializers.obj
 0002:000003b0       __xt_a                     00000001400103b0     LIBCMT:initializers.obj
 0002:000003b8       __xt_z                     00000001400103b8     LIBCMT:initializers.obj
 0002:000004f0       __real@00000000            00000001400104f0     win32_handmade.obj
 0002:000004f4       __real@3f000000            00000001400104f4     win32_handmade.obj
 0002:000004f8       __real@3f800000            00000001400104f8     win32_handmade.obj
 0002:000004fc       __real@40000000            00000001400104fc     win32_handmade.obj
 0002:00000500       __real@447a0000            0000000140010500     win32_handmade.obj
 0002:00000504       __real@46fffe00            0000000140010504     win32_handmade.obj
 0002:00000508       __real@47000000            0000000140010508     win32_handmade.obj
 0002:0000050c       __real@bf800000            000000014001050c     win32_handmade.obj
 0002:00000510       __xmm@80000000800000008000000080000000 0000000140010510     win32_handmade.obj
 0002:00000530       _pDestructExceptionObject  0000000140010530     libvcruntime:ehhelpers.obj
 0002:00000550       ??_C@_1DM@KHCHBNEB@?$AAa?$AAp?$AAi?$AA?9?$AAm?$AAs?$AA?9?$AAw?$AAi?$AAn?$AA?9?$AAc?$AAo?$AAr?$AAe@ 0000000140010550     libvcruntime:winapi_downlevel.obj
 0002:00000590       ??_C@_1DK@LPPGFMPP@?$AAa?$AAp?$AAi?$AA?9?$AAm?$AAs?$AA?9?$AAw?$AAi?$AAn?$AA?9?$AAc?$AAo?$AAr?$AAe@ 0000000140010590     libvcruntime:winapi_downlevel.obj
 0002:000005d0       ??_C@_1BC@GDMECMAK@?$AAk?$AAe?$AAr?$AAn?$AAe?$AAl?$AA3?$AA2@ 00000001400105d0     libvcruntime:winapi_downlevel.obj
 0002:000005e8       ??_C@_1BA@PFFKHIOG@?$AAa?$AAp?$AAi?$AA?9?$AAm?$AAs?$AA?9@ 00000001400105e8     libvcruntime:winapi_downlevel.obj
 0002:000005f8       ??_C@_1BA@IAIFMGEF@?$AAe?$AAx?$AAt?$AA?9?$AAm?$AAs?$AA?9@ 00000001400105f8     libvcruntime:winapi_downlevel.obj
 0002:00000610       ??_C@_08KNHFBNJ@FlsAlloc@  0000000140010610     libvcruntime:winapi_downlevel.obj
 0002:00000628       ??_C@_07PEJMOBNF@FlsFree@  0000000140010628     libvcruntime:winapi_downlevel.obj
 0002:00000638       ??_C@_0M@JCPCPOEF@FlsSetValue@ 0000000140010638     libvcruntime:winapi_downlevel.obj
 0002:00000650       ??_C@_0BM@HCFOFFN@InitializeCriticalSectionEx@ 0000000140010650     libvcruntime:winapi_downlevel.obj
 0002:000009a8       ??_C@_08EHJDFFNH@__based?$CI@ 00000001400109a8     libvcruntime:undname.obj
 0002:000009b8       ??_C@_07KOLFKCDI@__cdecl@  00000001400109b8     libvcruntime:undname.obj
 0002:000009c0       ??_C@_08GHMPAG@__pascal@   00000001400109c0     libvcruntime:undname.obj
 0002:000009d0       ??_C@_09IFJBGAPI@__stdcall@ 00000001400109d0     libvcruntime:undname.obj
 0002:000009e0       ??_C@_0L@NPHFGOKO@__thiscall@ 00000001400109e0     libvcruntime:undname.obj
 0002:000009f0       ??_C@_0L@JMKHOMEK@__fastcall@ 00000001400109f0     libvcruntime:undname.obj
 0002:00000a00       ??_C@_0N@BCKKPABJ@__vectorcall@ 0000000140010a00     libvcruntime:undname.obj
 0002:00000a10       ??_C@_09HIJEGCPM@__clrcall@ 0000000140010a10     libvcruntime:undname.obj
 0002:00000a1c       ??_C@_06GHPCKEAG@__eabi@   0000000140010a1c     libvcruntime:undname.obj
 0002:00000a28       ??_C@_09IOPIDJLG@__swift_1@ 0000000140010a28     libvcruntime:undname.obj
 0002:00000a38       ??_C@_09KFNFGKHF@__swift_2@ 0000000140010a38     libvcruntime:undname.obj
 0002:00000a48       ??_C@_07JOMMBBKO@__ptr64@  0000000140010a48     libvcruntime:undname.obj
 0002:00000a50       ??_C@_0L@PILCLIHE@__restrict@ 0000000140010a50     libvcruntime:undname.obj
 0002:00000a60       ??_C@_0M@GFIIJFMG@__unaligned@ 0000000140010a60     libvcruntime:undname.obj
 0002:00000a70       ??_C@_09DHDLOLLB@restrict?$CI@ 0000000140010a70     libvcruntime:undname.obj
 0002:00000a7a       ??_C@_00CNPNBAHC@@         0000000140010a7a     libvcruntime:undname.obj
 0002:00000a7c       ??_C@_04NIHEBCM@?5new@     0000000140010a7c     libvcruntime:undname.obj
 0002:00000a88       ??_C@_07FPCDHGMM@?5delete@ 0000000140010a88     libvcruntime:undname.obj
 0002:00000a90       ??_C@_01NEMOKFLO@?$DN@     0000000140010a90     libvcruntime:undname.obj
 0002:00000a94       ??_C@_02GPIOPFAK@?$DO?$DO@ 0000000140010a94     libvcruntime:undname.obj
 0002:00000a98       ??_C@_02FODMEDOG@?$DM?$DM@ 0000000140010a98     libvcruntime:undname.obj
 0002:00000a9c       ??_C@_01DCLJPIOD@?$CB@     0000000140010a9c     libvcruntime:undname.obj
 0002:00000aa0       ??_C@_02EGOFBIJA@?$DN?$DN@ 0000000140010aa0     libvcruntime:undname.obj
 0002:00000aa4       ??_C@_02FDNJECIE@?$CB?$DN@ 0000000140010aa4     libvcruntime:undname.obj
 0002:00000aa8       ??_C@_02GPECMEKF@?$FL?$FN@ 0000000140010aa8     libvcruntime:undname.obj
 0002:00000ab0       ??_C@_08LHJFAFGD@operator@ 0000000140010ab0     libvcruntime:undname.obj
 0002:00000abc       ??_C@_02HBOOOICD@?9?$DO@   0000000140010abc     libvcruntime:undname.obj
 0002:00000ac0       ??_C@_01NBENCBCI@?$CK@     0000000140010ac0     libvcruntime:undname.obj
 0002:00000ac4       ??_C@_02ECNGHCIF@?$CL?$CL@ 0000000140010ac4     libvcruntime:undname.obj
 0002:00000ac8       ??_C@_02BAABKJLB@?9?9@     0000000140010ac8     libvcruntime:undname.obj
 0002:00000acc       ??_C@_01JOAMLHOP@?9@       0000000140010acc     libvcruntime:undname.obj
 0002:00000ad0       ??_C@_01MIFGBAGJ@?$CL@     0000000140010ad0     libvcruntime:undname.obj
 0002:00000ad4       ??_C@_01HNPIGOCE@?$CG@     0000000140010ad4     libvcruntime:undname.obj
 0002:00000ad8       ??_C@_03MNHNFDLC@?9?$DO?$CK@ 0000000140010ad8     libvcruntime:undname.obj
 0002:00000adc       ??_C@_01KMDKNFGN@?1@       0000000140010adc     libvcruntime:undname.obj
 0002:00000ae0       ??_C@_01FGNFDNOH@?$CF@     0000000140010ae0     libvcruntime:undname.obj
 0002:00000ae4       ??_C@_01MNNFJEPP@?$DM@     0000000140010ae4     libvcruntime:undname.obj
 0002:00000ae8       ??_C@_02EHCHHCKH@?$DM?$DN@ 0000000140010ae8     libvcruntime:undname.obj
 0002:00000aec       ??_C@_01PPODPGHN@?$DO@     0000000140010aec     libvcruntime:undname.obj
 0002:00000af0       ??_C@_02EEKDKGMJ@?$DO?$DN@ 0000000140010af0     libvcruntime:undname.obj
 0002:00000af4       ??_C@_01IHBHIGKO@?0@       0000000140010af4     libvcruntime:undname.obj
 0002:00000af8       ??_C@_02HCKGKOFO@?$CI?$CJ@ 0000000140010af8     libvcruntime:undname.obj
 0002:00000afc       ??_C@_01PJKLJHI@?$HO@      0000000140010afc     libvcruntime:undname.obj
 0002:00000b00       ??_C@_01JKBOJNNK@?$FO@     0000000140010b00     libvcruntime:undname.obj
 0002:00000b04       ??_C@_01DNKMNLPK@?$HM@     0000000140010b04     libvcruntime:undname.obj
 0002:00000b08       ??_C@_02PPKAJPJL@?$CG?$CG@ 0000000140010b08     libvcruntime:undname.obj
 0002:00000b0c       ??_C@_02NONPIBCD@?$HM?$HM@ 0000000140010b0c     libvcruntime:undname.obj
 0002:00000b10       ??_C@_02FPIMKNGF@?$CK?$DN@ 0000000140010b10     libvcruntime:undname.obj
 0002:00000b14       ??_C@_02FOEOMHFC@?$CL?$DN@ 0000000140010b14     libvcruntime:undname.obj
 0002:00000b18       ??_C@_02FKMDLLOA@?9?$DN@   0000000140010b18     libvcruntime:undname.obj
 0002:00000b1c       ??_C@_02FJEHGPIO@?1?$DN@   0000000140010b1c     libvcruntime:undname.obj
 0002:00000b20       ??_C@_02FENAOKFI@?$CF?$DN@ 0000000140010b20     libvcruntime:undname.obj
 0002:00000b24       ??_C@_03IKFCCPFF@?$DO?$DO?$DN@ 0000000140010b24     libvcruntime:undname.obj
 0002:00000b28       ??_C@_03CDNPDDLA@?$DM?$DM?$DN@ 0000000140010b28     libvcruntime:undname.obj
 0002:00000b2c       ??_C@_02FGJGFEAB@?$CG?$DN@ 0000000140010b2c     libvcruntime:undname.obj
 0002:00000b30       ??_C@_02DHLNPPGH@?$HM?$DN@ 0000000140010b30     libvcruntime:undname.obj
 0002:00000b34       ??_C@_02MHEGNOJ@?$FO?$DN@  0000000140010b34     libvcruntime:undname.obj
 0002:00000b38       ??_C@_09IFPLHPGF@?$GAvftable?8@ 0000000140010b38     libvcruntime:undname.obj
 0002:00000b48       ??_C@_09BLBHBJP@?$GAvbtable?8@ 0000000140010b48     libvcruntime:undname.obj
 0002:00000b58       ??_C@_07FEEIOKP@?$GAvcall?8@ 0000000140010b58     libvcruntime:undname.obj
 0002:00000b60       ??_C@_08LLFFHHDJ@?$GAtypeof?8@ 0000000140010b60     libvcruntime:undname.obj
 0002:00000b70       ??_C@_0BF@KDPPACIK@?$GAlocal?5static?5guard?8@ 0000000140010b70     libvcruntime:undname.obj
 0002:00000b88       ??_C@_08OBABFOLI@?$GAstring?8@ 0000000140010b88     libvcruntime:undname.obj
 0002:00000b98       ??_C@_0BD@JDLKDPAB@?$GAvbase?5destructor?8@ 0000000140010b98     libvcruntime:undname.obj
 0002:00000bb0       ??_C@_0BN@DEGPLNFK@?$GAvector?5deleting?5destructor?8@ 0000000140010bb0     libvcruntime:undname.obj
 0002:00000bd0       ??_C@_0BO@OBMKPJIG@?$GAdefault?5constructor?5closure?8@ 0000000140010bd0     libvcruntime:undname.obj
 0002:00000bf0       ??_C@_0BN@IMDCHIKM@?$GAscalar?5deleting?5destructor?8@ 0000000140010bf0     libvcruntime:undname.obj
 0002:00000c10       ??_C@_0BO@PFGOCPJJ@?$GAvector?5constructor?5iterator?8@ 0000000140010c10     libvcruntime:undname.obj
 0002:00000c30       ??_C@_0BN@LFPFMEDL@?$GAvector?5destructor?5iterator?8@ 0000000140010c30     libvcruntime:undname.obj
 0002:00000c50       ??_C@_0CE@IKBNEHA@?$GAvector?5vbase?5constructor?5itera@ 0000000140010c50     libvcruntime:undname.obj
 0002:00000c78       ??_C@_0BL@NILFHHPC@?$GAvirtual?5displacement?5map?8@ 0000000140010c78     libvcruntime:undname.obj
 0002:00000c98       ??_C@_0CB@JONCMFFK@?$GAeh?5vector?5constructor?5iterator@ 0000000140010c98     libvcruntime:undname.obj
 0002:00000cc0       ??_C@_0CA@GCEOPDGL@?$GAeh?5vector?5destructor?5iterator?8@ 0000000140010cc0     libvcruntime:undname.obj
 0002:00000ce0       ??_C@_0CH@OOJPLCPH@?$GAeh?5vector?5vbase?5constructor?5it@ 0000000140010ce0     libvcruntime:undname.obj
 0002:00000d08       ??_C@_0BL@LLKPOHJI@?$GAcopy?5constructor?5closure?8@ 0000000140010d08     libvcruntime:undname.obj
 0002:00000d28       ??_C@_0BA@KBCDOMBN@?$GAudt?5returning?8@ 0000000140010d28     libvcruntime:undname.obj
 0002:00000d38       ??_C@_03KLGMFNMG@?$GAEH@   0000000140010d38     libvcruntime:undname.obj
 0002:00000d3c       ??_C@_05KHLCHHI@?$GARTTI@  0000000140010d3c     libvcruntime:undname.obj
 0002:00000d48       ??_C@_0BA@KKLDJDLB@?$GAlocal?5vftable?8@ 0000000140010d48     libvcruntime:undname.obj
 0002:00000d58       ??_C@_0CE@IIHCMGGL@?$GAlocal?5vftable?5constructor?5clos@ 0000000140010d58     libvcruntime:undname.obj
 0002:00000d7c       ??_C@_06FHBGPFGH@?5new?$FL?$FN@ 0000000140010d7c     libvcruntime:undname.obj
 0002:00000d88       ??_C@_09LBNFPBCA@?5delete?$FL?$FN@ 0000000140010d88     libvcruntime:undname.obj
 0002:00000d98       ??_C@_0P@HJKNJFNN@?$GAomni?5callsig?8@ 0000000140010d98     libvcruntime:undname.obj
 0002:00000da8       ??_C@_0BL@CNOONJFP@?$GAplacement?5delete?5closure?8@ 0000000140010da8     libvcruntime:undname.obj
 0002:00000dc8       ??_C@_0BN@CKNJLHMB@?$GAplacement?5delete?$FL?$FN?5closure?8@ 0000000140010dc8     libvcruntime:undname.obj
 0002:00000de8       ??_C@_0CG@CFDHKGGD@?$GAmanaged?5vector?5constructor?5ite@ 0000000140010de8     libvcruntime:undname.obj
 0002:00000e10       ??_C@_0CF@IMGKMJNO@?$GAmanaged?5vector?5destructor?5iter@ 0000000140010e10     libvcruntime:undname.obj
 0002:00000e38       ??_C@_0CG@HLDDJMAG@?$GAeh?5vector?5copy?5constructor?5ite@ 0000000140010e38     libvcruntime:undname.obj
 0002:00000e60       ??_C@_0CM@FCBBDIGB@?$GAeh?5vector?5vbase?5copy?5construct@ 0000000140010e60     libvcruntime:undname.obj
 0002:00000e90       ??_C@_0BL@CLIPGLGB@?$GAdynamic?5initializer?5for?5?8@ 0000000140010e90     libvcruntime:undname.obj
 0002:00000eb0       ??_C@_0CB@PDBIFEP@?$GAdynamic?5atexit?5destructor?5for?5@ 0000000140010eb0     libvcruntime:undname.obj
 0002:00000ed8       ??_C@_0CD@CGAJBKEJ@?$GAvector?5copy?5constructor?5iterat@ 0000000140010ed8     libvcruntime:undname.obj
 0002:00000f00       ??_C@_0CJ@GJELGAMM@?$GAvector?5vbase?5copy?5constructor?5@ 0000000140010f00     libvcruntime:undname.obj
 0002:00000f30       ??_C@_0CL@FGIJHLCE@?$GAmanaged?5vector?5copy?5constructo@ 0000000140010f30     libvcruntime:undname.obj
 0002:00000f60       ??_C@_0BM@PMGGMLDN@?$GAlocal?5static?5thread?5guard?8@ 0000000140010f60     libvcruntime:undname.obj
 0002:00000f80       ??_C@_0N@BDNMDMOL@operator?5?$CC?$CC?5@ 0000000140010f80     libvcruntime:undname.obj
 0002:00000f90       ??_C@_0BC@GGEBGALA@operator?5co_await@ 0000000140010f90     libvcruntime:undname.obj
 0002:00000fa8       ??_C@_0BC@DAFEJGAK@?5Type?5Descriptor?8@ 0000000140010fa8     libvcruntime:undname.obj
 0002:00000fc0       ??_C@_0BM@LDKODKLH@?5Base?5Class?5Descriptor?5at?5?$CI@ 0000000140010fc0     libvcruntime:undname.obj
 0002:00000fe0       ??_C@_0BD@LGICGFMM@?5Base?5Class?5Array?8@ 0000000140010fe0     libvcruntime:undname.obj
 0002:00000ff8       ??_C@_0BN@MECKDCOJ@?5Class?5Hierarchy?5Descriptor?8@ 0000000140010ff8     libvcruntime:undname.obj
 0002:00001018       ??_C@_0BK@CFCOFLF@?5Complete?5Object?5Locator?8@ 0000000140011018     libvcruntime:undname.obj
 0002:00001040       __acrt_exception_action_table 0000000140011040     libucrt:exception_filter.obj
 0002:00001100       __acrt_signal_action_table_count 0000000140011100     libucrt:exception_filter.obj
 0002:00001108       __acrt_signal_action_first_fpe_index 0000000140011108     libucrt:exception_filter.obj
 0002:00001110       __acrt_signal_action_fpe_count 0000000140011110     libucrt:exception_filter.obj
 0002:00001118       ??_C@_1BI@BGOHAHKC@?$AAm?$AAs?$AAc?$AAo?$AAr?$AAe?$AAe?$AA?4?$AAd?$AAl?$AAl?$AA?$AA@ 0000000140011118     libucrt:exit.obj
 0002:00001130       ??_C@_0P@MIGLKIOC@CorExitProcess?$AA@ 0000000140011130     libucrt:exit.obj
 0002:000013c8       ??_C@_1M@HPNHIDJI@?$AAj?$AAa?$AA?9?$AAJ?$AAP?$AA?$AA@ 00000001400113c8     libucrt:mbctype.obj
 0002:000013d8       ??_C@_1M@BIBDDEMK@?$AAz?$AAh?$AA?9?$AAC?$AAN?$AA?$AA@ 00000001400113d8     libucrt:mbctype.obj
 0002:000013e8       ??_C@_1M@JLOOOEGK@?$AAk?$AAo?$AA?9?$AAK?$AAR?$AA?$AA@ 00000001400113e8     libucrt:mbctype.obj
 0002:000013f8       ??_C@_1M@CLNBBOPM@?$AAz?$AAh?$AA?9?$AAT?$AAW?$AA?$AA@ 00000001400113f8     libucrt:mbctype.obj
 0002:00001410       __lc_time_c                0000000140011410     libucrt:nlsdata.obj
 0002:000016d0       ??_C@_03KOEHGMDN@Sun?$AA@  00000001400116d0     libucrt:nlsdata.obj
 0002:000016d4       ??_C@_03PDAGKDH@Mon?$AA@   00000001400116d4     libucrt:nlsdata.obj
 0002:000016d8       ??_C@_03NAGEINEP@Tue?$AA@  00000001400116d8     libucrt:nlsdata.obj
 0002:000016dc       ??_C@_03MHOMLAJA@Wed?$AA@  00000001400116dc     libucrt:nlsdata.obj
 0002:000016e0       ??_C@_03IOFIKPDN@Thu?$AA@  00000001400116e0     libucrt:nlsdata.obj
 0002:000016e4       ??_C@_03IDIOELNC@Fri?$AA@  00000001400116e4     libucrt:nlsdata.obj
 0002:000016e8       ??_C@_03FEFJNEK@Sat?$AA@   00000001400116e8     libucrt:nlsdata.obj
 0002:000016ec       ??_C@_06OOPIFAJ@Sunday?$AA@ 00000001400116ec     libucrt:nlsdata.obj
 0002:000016f4       ??_C@_06JLEDEDGH@Monday?$AA@ 00000001400116f4     libucrt:nlsdata.obj
 0002:00001700       ??_C@_07BAAGCFCM@Tuesday?$AA@ 0000000140011700     libucrt:nlsdata.obj
 0002:00001708       ??_C@_09DLIGFAKA@Wednesday?$AA@ 0000000140011708     libucrt:nlsdata.obj
 0002:00001718       ??_C@_08HACCIKIA@Thursday?$AA@ 0000000140011718     libucrt:nlsdata.obj
 0002:00001724       ??_C@_06JECMNKMI@Friday?$AA@ 0000000140011724     libucrt:nlsdata.obj
 0002:00001730       ??_C@_08INBOOONO@Saturday?$AA@ 0000000140011730     libucrt:nlsdata.obj
 0002:0000173c       ??_C@_03JIHJHPIE@Jan?$AA@  000000014001173c     libucrt:nlsdata.obj
 0002:00001740       ??_C@_03HJBDCHOM@Feb?$AA@  0000000140011740     libucrt:nlsdata.obj
 0002:00001744       ??_C@_03ODNJBKGA@Mar?$AA@  0000000140011744     libucrt:nlsdata.obj
 0002:00001748       ??_C@_03LEOLGMJP@Apr?$AA@  0000000140011748     libucrt:nlsdata.obj
 0002:0000174c       ??_C@_03CNMDKL@May?$AA@    000000014001174c     libucrt:nlsdata.obj
 0002:00001750       ??_C@_03IDFGHECI@Jun?$AA@  0000000140011750     libucrt:nlsdata.obj
 0002:00001754       ??_C@_03LBGABGKK@Jul?$AA@  0000000140011754     libucrt:nlsdata.obj
 0002:00001758       ??_C@_03IFJFEIGA@Aug?$AA@  0000000140011758     libucrt:nlsdata.obj
 0002:0000175c       ??_C@_03GGCAPAJC@Sep?$AA@  000000014001175c     libucrt:nlsdata.obj
 0002:00001760       ??_C@_03BMAOKBAD@Oct?$AA@  0000000140011760     libucrt:nlsdata.obj
 0002:00001764       ??_C@_03JPJOFNIA@Nov?$AA@  0000000140011764     libucrt:nlsdata.obj
 0002:00001768       ??_C@_03MKABNOCG@Dec?$AA@  0000000140011768     libucrt:nlsdata.obj
 0002:00001770       ??_C@_07CGJPFGJA@January?$AA@ 0000000140011770     libucrt:nlsdata.obj
 0002:00001778       ??_C@_08GNJGEPFN@February?$AA@ 0000000140011778     libucrt:nlsdata.obj
 0002:00001784       ??_C@_05HPCKOFNC@March?$AA@ 0000000140011784     libucrt:nlsdata.obj
 0002:0000178c       ??_C@_05DMJDNLEJ@April?$AA@ 000000014001178c     libucrt:nlsdata.obj
 0002:00001794       ??_C@_04CNLMGBGM@June?$AA@ 0000000140011794     libucrt:nlsdata.obj
 0002:0000179c       ??_C@_04MIEPOIFP@July?$AA@ 000000014001179c     libucrt:nlsdata.obj
 0002:000017a4       ??_C@_06LBBHFDDG@August?$AA@ 00000001400117a4     libucrt:nlsdata.obj
 0002:000017b0       ??_C@_09BHHEALKD@September?$AA@ 00000001400117b0     libucrt:nlsdata.obj
 0002:000017c0       ??_C@_07JJNFCEND@October?$AA@ 00000001400117c0     libucrt:nlsdata.obj
 0002:000017c8       ??_C@_08HCHEGEOA@November?$AA@ 00000001400117c8     libucrt:nlsdata.obj
 0002:000017d8       ??_C@_08EDHMEBNP@December?$AA@ 00000001400117d8     libucrt:nlsdata.obj
 0002:000017e4       ??_C@_02DEDBPAFC@AM?$AA@   00000001400117e4     libucrt:nlsdata.obj
 0002:000017e8       ??_C@_02CJNFDJBF@PM?$AA@   00000001400117e8     libucrt:nlsdata.obj
 0002:000017f0       ??_C@_08BPBNCDIB@MM?1dd?1yy?$AA@ 00000001400117f0     libucrt:nlsdata.obj
 0002:00001800       ??_C@_0BE@CKGJFCPC@dddd?0?5MMMM?5dd?0?5yyyy?$AA@ 0000000140011800     libucrt:nlsdata.obj
 0002:00001818       ??_C@_08JCCMCCIL@HH?3mm?3ss?$AA@ 0000000140011818     libucrt:nlsdata.obj
 0002:00001828       ??_C@_17MBGCMIPB@?$AAS?$AAu?$AAn?$AA?$AA@ 0000000140011828     libucrt:nlsdata.obj
 0002:00001830       ??_C@_17KBOMKBF@?$AAM?$AAo?$AAn?$AA?$AA@ 0000000140011830     libucrt:nlsdata.obj
 0002:00001838       ??_C@_17BMKGEGOJ@?$AAT?$AAu?$AAe?$AA?$AA@ 0000000140011838     libucrt:nlsdata.obj
 0002:00001840       ??_C@_17CJEDCEPE@?$AAW?$AAe?$AAd?$AA?$AA@ 0000000140011840     libucrt:nlsdata.obj
 0002:00001848       ??_C@_17PDPHAADD@?$AAT?$AAh?$AAu?$AA?$AA@ 0000000140011848     libucrt:nlsdata.obj
 0002:00001850       ??_C@_17HFOLPPLP@?$AAF?$AAr?$AAi?$AA?$AA@ 0000000140011850     libucrt:nlsdata.obj
 0002:00001858       ??_C@_17GGIBDPIH@?$AAS?$AAa?$AAt?$AA?$AA@ 0000000140011858     libucrt:nlsdata.obj
 0002:00001860       ??_C@_1O@IHNHDHPB@?$AAS?$AAu?$AAn?$AAd?$AAa?$AAy?$AA?$AA@ 0000000140011860     libucrt:nlsdata.obj
 0002:00001870       ??_C@_1O@MMNBFLIA@?$AAM?$AAo?$AAn?$AAd?$AAa?$AAy?$AA?$AA@ 0000000140011870     libucrt:nlsdata.obj
 0002:00001880       ??_C@_1BA@ENFBFFEK@?$AAT?$AAu?$AAe?$AAs?$AAd?$AAa?$AAy?$AA?$AA@ 0000000140011880     libucrt:nlsdata.obj
 0002:00001890       ??_C@_1BE@EBOGMDOH@?$AAW?$AAe?$AAd?$AAn?$AAe?$AAs?$AAd?$AAa?$AAy?$AA?$AA@ 0000000140011890     libucrt:nlsdata.obj
 0002:000018a8       ??_C@_1BC@HHMNLIHE@?$AAT?$AAh?$AAu?$AAr?$AAs?$AAd?$AAa?$AAy?$AA?$AA@ 00000001400118a8     libucrt:nlsdata.obj
 0002:000018c0       ??_C@_1O@PDICJHAG@?$AAF?$AAr?$AAi?$AAd?$AAa?$AAy?$AA?$AA@ 00000001400118c0     libucrt:nlsdata.obj
 0002:000018d0       ??_C@_1BC@ENMNNPAJ@?$AAS?$AAa?$AAt?$AAu?$AAr?$AAd?$AAa?$AAy?$AA?$AA@ 00000001400118d0     libucrt:nlsdata.obj
 0002:000018e8       ??_C@_17DKNBKCHM@?$AAJ?$AAa?$AAn?$AA?$AA@ 00000001400118e8     libucrt:nlsdata.obj
 0002:000018f0       ??_C@_17LMDJEKJN@?$AAF?$AAe?$AAb?$AA?$AA@ 00000001400118f0     libucrt:nlsdata.obj
 0002:000018f8       ??_C@_17CKNLEDEC@?$AAM?$AAa?$AAr?$AA?$AA@ 00000001400118f8     libucrt:nlsdata.obj
 0002:00001900       ??_C@_17LFPOIHDD@?$AAA?$AAp?$AAr?$AA?$AA@ 0000000140011900     libucrt:nlsdata.obj
 0002:00001908       ??_C@_17PNNKMEED@?$AAM?$AAa?$AAy?$AA?$AA@ 0000000140011908     libucrt:nlsdata.obj
 0002:00001910       ??_C@_17KCJGOCPB@?$AAJ?$AAu?$AAn?$AA?$AA@ 0000000140011910     libucrt:nlsdata.obj
 0002:00001918       ??_C@_17IJPCKHK@?$AAJ?$AAu?$AAl?$AA?$AA@ 0000000140011918     libucrt:nlsdata.obj
 0002:00001920       ??_C@_17ICPELBCN@?$AAA?$AAu?$AAg?$AA?$AA@ 0000000140011920     libucrt:nlsdata.obj
 0002:00001928       ??_C@_17HCHCOKMG@?$AAS?$AAe?$AAp?$AA?$AA@ 0000000140011928     libucrt:nlsdata.obj
 0002:00001930       ??_C@_17FNLKOI@?$AAO?$AAc?$AAt?$AA?$AA@ 0000000140011930     libucrt:nlsdata.obj
 0002:00001938       ??_C@_17BBDMLCIG@?$AAN?$AAo?$AAv?$AA?$AA@ 0000000140011938     libucrt:nlsdata.obj
 0002:00001940       ??_C@_17EGKACKIF@?$AAD?$AAe?$AAc?$AA?$AA@ 0000000140011940     libucrt:nlsdata.obj
 0002:00001948       ??_C@_1BA@EFMEIEBA@?$AAJ?$AAa?$AAn?$AAu?$AAa?$AAr?$AAy?$AA?$AA@ 0000000140011948     libucrt:nlsdata.obj
 0002:00001958       ??_C@_1BC@JGDDFFAM@?$AAF?$AAe?$AAb?$AAr?$AAu?$AAa?$AAr?$AAy?$AA?$AA@ 0000000140011958     libucrt:nlsdata.obj
 0002:00001970       ??_C@_1M@IKEENEDF@?$AAM?$AAa?$AAr?$AAc?$AAh?$AA?$AA@ 0000000140011970     libucrt:nlsdata.obj
 0002:00001980       ??_C@_1M@GJNLMHFD@?$AAA?$AAp?$AAr?$AAi?$AAl?$AA?$AA@ 0000000140011980     libucrt:nlsdata.obj
 0002:00001990       ??_C@_19EPFLPGAP@?$AAJ?$AAu?$AAn?$AAe?$AA?$AA@ 0000000140011990     libucrt:nlsdata.obj
 0002:000019a0       ??_C@_19BIFMLPCD@?$AAJ?$AAu?$AAl?$AAy?$AA?$AA@ 00000001400119a0     libucrt:nlsdata.obj
 0002:000019b0       ??_C@_1O@PAHLKOAC@?$AAA?$AAu?$AAg?$AAu?$AAs?$AAt?$AA?$AA@ 00000001400119b0     libucrt:nlsdata.obj
 0002:000019c0       ??_C@_1BE@DKAAMBJL@?$AAS?$AAe?$AAp?$AAt?$AAe?$AAm?$AAb?$AAe?$AAr?$AA?$AA@ 00000001400119c0     libucrt:nlsdata.obj
 0002:000019d8       ??_C@_1BA@EPANDLNG@?$AAO?$AAc?$AAt?$AAo?$AAb?$AAe?$AAr?$AA?$AA@ 00000001400119d8     libucrt:nlsdata.obj
 0002:000019e8       ??_C@_1BC@BGLIFPF@?$AAN?$AAo?$AAv?$AAe?$AAm?$AAb?$AAe?$AAr?$AA?$AA@ 00000001400119e8     libucrt:nlsdata.obj
 0002:00001a00       ??_C@_1BC@FEMKIFH@?$AAD?$AAe?$AAc?$AAe?$AAm?$AAb?$AAe?$AAr?$AA?$AA@ 0000000140011a00     libucrt:nlsdata.obj
 0002:00001a14       ??_C@_15ODEHAHHF@?$AAA?$AAM?$AA?$AA@ 0000000140011a14     libucrt:nlsdata.obj
 0002:00001a1c       ??_C@_15CLMNNGEL@?$AAP?$AAM?$AA?$AA@ 0000000140011a1c     libucrt:nlsdata.obj
 0002:00001a28       ??_C@_1BC@IEBCMHCM@?$AAM?$AAM?$AA?1?$AAd?$AAd?$AA?1?$AAy?$AAy?$AA?$AA@ 0000000140011a28     libucrt:nlsdata.obj
 0002:00001a40       ??_C@_1CI@KNAKOEBC@?$AAd?$AAd?$AAd?$AAd?$AA?0?$AA?5?$AAM?$AAM?$AAM?$AAM?$AA?5?$AAd?$AAd?$AA?0?$AA?5?$AAy?$AAy?$AAy?$AAy?$AA?$AA@ 0000000140011a40     libucrt:nlsdata.obj
 0002:00001a68       ??_C@_1BC@GDGBMEMK@?$AAH?$AAH?$AA?3?$AAm?$AAm?$AA?3?$AAs?$AAs?$AA?$AA@ 0000000140011a68     libucrt:nlsdata.obj
 0002:00001a80       ??_C@_1M@BMHNFIME@?$AAe?$AAn?$AA?9?$AAU?$AAS?$AA?$AA@ 0000000140011a80     libucrt:nlsdata.obj
 0002:00001a90       __newctype                 0000000140011a90     libucrt:ctype.obj
 0002:00001d90       __newclmap                 0000000140011d90     libucrt:ctype.obj
 0002:00001f10       __newcumap                 0000000140011f10     libucrt:ctype.obj
 0002:00002090       ??_C@_15PJPFLCCM@?$AAu?$AAk?$AA?$AA@ 0000000140012090     libucrt:get_qualified_locale.obj
 0002:00002140       ??_C@_1EA@JGEFHKEI@?$AAa?$AAp?$AAi?$AA?9?$AAm?$AAs?$AA?9?$AAw?$AAi?$AAn?$AA?9?$AAc?$AAo?$AAr?$AAe?$AA?9?$AAd?$AAa?$AAt?$AAe?$AAt?$AAi?$AAm?$AAe?$AA?9?$AAl?$AA1?$AA?9?$AA1?$AA?9?$AA1?$AA?$AA@ 0000000140012140     libucrt:winapi_thunks.obj
 0002:00002180       ??_C@_1DM@KHCHBNEB@?$AAa?$AAp?$AAi?$AA?9?$AAm?$AAs?$AA?9?$AAw?$AAi?$AAn?$AA?9?$AAc?$AAo?$AAr?$AAe?$AA?9?$AAf?$AAi?$AAb?$AAe?$AAr?$AAs?$AA?9?$AAl?$AA1?$AA?9?$AA1?$AA?9?$AA1?$AA?$AA@ 0000000140012180     libucrt:winapi_thunks.obj
 0002:000021c0       ??_C@_1DI@IJCEHOCB@?$AAa?$AAp?$AAi?$AA?9?$AAm?$AAs?$AA?9?$AAw?$AAi?$AAn?$AA?9?$AAc?$AAo?$AAr?$AAe?$AA?9?$AAf?$AAi?$AAl?$AAe?$AA?9?$AAl?$AA1?$AA?9?$AA2?$AA?9?$AA2?$AA?$AA@ 00000001400121c0     libucrt:winapi_thunks.obj
 0002:00002200       ??_C@_1EI@MPIAOHOC@?$AAa?$AAp?$AAi?$AA?9?$AAm?$AAs?$AA?9?$AAw?$AAi?$AAn?$AA?9?$AAc?$AAo?$AAr?$AAe?$AA?9?$AAl?$AAo?$AAc?$AAa?$AAl?$AAi?$AAz?$AAa?$AAt?$AAi?$AAo?$AAn?$AA?9?$AAl?$AA1?$AA?9@ 0000000140012200     libucrt:winapi_thunks.obj
 0002:00002250       ??_C@_1FK@FPHCKFIE@?$AAa?$AAp?$AAi?$AA?9?$AAm?$AAs?$AA?9?$AAw?$AAi?$AAn?$AA?9?$AAc?$AAo?$AAr?$AAe?$AA?9?$AAl?$AAo?$AAc?$AAa?$AAl?$AAi?$AAz?$AAa?$AAt?$AAi?$AAo?$AAn?$AA?9?$AAo?$AAb?$AAs@ 0000000140012250     libucrt:winapi_thunks.obj
 0002:000022b0       ??_C@_1EM@DILCGIIO@?$AAa?$AAp?$AAi?$AA?9?$AAm?$AAs?$AA?9?$AAw?$AAi?$AAn?$AA?9?$AAc?$AAo?$AAr?$AAe?$AA?9?$AAp?$AAr?$AAo?$AAc?$AAe?$AAs?$AAs?$AAt?$AAh?$AAr?$AAe?$AAa?$AAd?$AAs?$AA?9?$AAl@ 00000001400122b0     libucrt:winapi_thunks.obj
 0002:00002300       ??_C@_1DM@LNCGDDPN@?$AAa?$AAp?$AAi?$AA?9?$AAm?$AAs?$AA?9?$AAw?$AAi?$AAn?$AA?9?$AAc?$AAo?$AAr?$AAe?$AA?9?$AAs?$AAt?$AAr?$AAi?$AAn?$AAg?$AA?9?$AAl?$AA1?$AA?9?$AA1?$AA?9?$AA0?$AA?$AA@ 0000000140012300     libucrt:winapi_thunks.obj
 0002:00002340       ??_C@_1DK@LPPGFMPP@?$AAa?$AAp?$AAi?$AA?9?$AAm?$AAs?$AA?9?$AAw?$AAi?$AAn?$AA?9?$AAc?$AAo?$AAr?$AAe?$AA?9?$AAs?$AAy?$AAn?$AAc?$AAh?$AA?9?$AAl?$AA1?$AA?9?$AA2?$AA?9?$AA0?$AA?$AA@ 0000000140012340     libucrt:winapi_thunks.obj
 0002:00002380       ??_C@_1DO@FPAPJEMD@?$AAa?$AAp?$AAi?$AA?9?$AAm?$AAs?$AA?9?$AAw?$AAi?$AAn?$AA?9?$AAc?$AAo?$AAr?$AAe?$AA?9?$AAs?$AAy?$AAs?$AAi?$AAn?$AAf?$AAo?$AA?9?$AAl?$AA1?$AA?9?$AA2?$AA?9?$AA1?$AA?$AA@ 0000000140012380     libucrt:winapi_thunks.obj
 0002:000023c0       ??_C@_1DK@NDHNAHIO@?$AAa?$AAp?$AAi?$AA?9?$AAm?$AAs?$AA?9?$AAw?$AAi?$AAn?$AA?9?$AAc?$AAo?$AAr?$AAe?$AA?9?$AAw?$AAi?$AAn?$AAr?$AAt?$AA?9?$AAl?$AA1?$AA?9?$AA1?$AA?9?$AA0?$AA?$AA@ 00000001400123c0     libucrt:winapi_thunks.obj
 0002:00002400       ??_C@_1DM@KGHDGBCM@?$AAa?$AAp?$AAi?$AA?9?$AAm?$AAs?$AA?9?$AAw?$AAi?$AAn?$AA?9?$AAc?$AAo?$AAr?$AAe?$AA?9?$AAx?$AAs?$AAt?$AAa?$AAt?$AAe?$AA?9?$AAl?$AA2?$AA?9?$AA1?$AA?9?$AA0?$AA?$AA@ 0000000140012400     libucrt:winapi_thunks.obj
 0002:00002440       ??_C@_1EO@IJIOEFOH@?$AAa?$AAp?$AAi?$AA?9?$AAm?$AAs?$AA?9?$AAw?$AAi?$AAn?$AA?9?$AAr?$AAt?$AAc?$AAo?$AAr?$AAe?$AA?9?$AAn?$AAt?$AAu?$AAs?$AAe?$AAr?$AA?9?$AAw?$AAi?$AAn?$AAd?$AAo?$AAw?$AA?9@ 0000000140012440     libucrt:winapi_thunks.obj
 0002:00002490       ??_C@_1FG@HHGEKANL@?$AAa?$AAp?$AAi?$AA?9?$AAm?$AAs?$AA?9?$AAw?$AAi?$AAn?$AA?9?$AAs?$AAe?$AAc?$AAu?$AAr?$AAi?$AAt?$AAy?$AA?9?$AAs?$AAy?$AAs?$AAt?$AAe?$AAm?$AAf?$AAu?$AAn?$AAc?$AAt?$AAi@ 0000000140012490     libucrt:winapi_thunks.obj
 0002:000024f0       ??_C@_1EG@DBIOJECG@?$AAe?$AAx?$AAt?$AA?9?$AAm?$AAs?$AA?9?$AAw?$AAi?$AAn?$AA?9?$AAn?$AAt?$AAu?$AAs?$AAe?$AAr?$AA?9?$AAd?$AAi?$AAa?$AAl?$AAo?$AAg?$AAb?$AAo?$AAx?$AA?9?$AAl?$AA1?$AA?9?$AA1@ 00000001400124f0     libucrt:winapi_thunks.obj
 0002:00002540       ??_C@_1EO@FIHMJCLF@?$AAe?$AAx?$AAt?$AA?9?$AAm?$AAs?$AA?9?$AAw?$AAi?$AAn?$AA?9?$AAn?$AAt?$AAu?$AAs?$AAe?$AAr?$AA?9?$AAw?$AAi?$AAn?$AAd?$AAo?$AAw?$AAs?$AAt?$AAa?$AAt?$AAi?$AAo?$AAn?$AA?9@ 0000000140012540     libucrt:winapi_thunks.obj
 0002:00002590       ??_C@_1BC@DNHGCMLG@?$AAa?$AAd?$AAv?$AAa?$AAp?$AAi?$AA3?$AA2?$AA?$AA@ 0000000140012590     libucrt:winapi_thunks.obj
 0002:000025a8       ??_C@_1BC@GDMECMAK@?$AAk?$AAe?$AAr?$AAn?$AAe?$AAl?$AA3?$AA2?$AA?$AA@ 00000001400125a8     libucrt:winapi_thunks.obj
 0002:000025c0       ??_C@_1M@OAIMIKLP@?$AAn?$AAt?$AAd?$AAl?$AAl?$AA?$AA@ 00000001400125c0     libucrt:winapi_thunks.obj
 0002:000025d0       ??_C@_1EG@DPGNFKGC@?$AAa?$AAp?$AAi?$AA?9?$AAm?$AAs?$AA?9?$AAw?$AAi?$AAn?$AA?9?$AAa?$AAp?$AAp?$AAm?$AAo?$AAd?$AAe?$AAl?$AA?9?$AAr?$AAu?$AAn?$AAt?$AAi?$AAm?$AAe?$AA?9?$AAl?$AA1?$AA?9?$AA1@ 00000001400125d0     libucrt:winapi_thunks.obj
 0002:00002618       ??_C@_1O@BCCLBEOE@?$AAu?$AAs?$AAe?$AAr?$AA3?$AA2?$AA?$AA@ 0000000140012618     libucrt:winapi_thunks.obj
 0002:00002628       ??_C@_1BA@PFFKHIOG@?$AAa?$AAp?$AAi?$AA?9?$AAm?$AAs?$AA?9?$AA?$AA@ 0000000140012628     libucrt:winapi_thunks.obj
 0002:00002638       ??_C@_1BA@IAIFMGEF@?$AAe?$AAx?$AAt?$AA?9?$AAm?$AAs?$AA?9?$AA?$AA@ 0000000140012638     libucrt:winapi_thunks.obj
 0002:00002650       ??_C@_0BA@FHFNEAED@AreFileApisANSI?$AA@ 0000000140012650     libucrt:winapi_thunks.obj
 0002:00002668       ??_C@_08KNHFBNJ@FlsAlloc?$AA@ 0000000140012668     libucrt:winapi_thunks.obj
 0002:00002680       ??_C@_07PEJMOBNF@FlsFree?$AA@ 0000000140012680     libucrt:winapi_thunks.obj
 0002:00002690       ??_C@_0M@GDNOONDI@FlsGetValue?$AA@ 0000000140012690     libucrt:winapi_thunks.obj
 0002:000026a8       ??_C@_0M@JCPCPOEF@FlsSetValue?$AA@ 00000001400126a8     libucrt:winapi_thunks.obj
 0002:000026c0       ??_C@_0BM@HCFOFFN@InitializeCriticalSectionEx?$AA@ 00000001400126c0     libucrt:winapi_thunks.obj
 0002:000026e8       ??_C@_0O@KKBNKAPF@LCMapStringEx?$AA@ 00000001400126e8     libucrt:winapi_thunks.obj
 0002:00002700       ??_C@_0BB@HBDEELFH@LocaleNameToLCID?$AA@ 0000000140012700     libucrt:winapi_thunks.obj
 0002:00002718       ??_C@_0CF@OJOFEIGO@AppPolicyGetProcessTerminationMe@ 0000000140012718     libucrt:winapi_thunks.obj
 0002:00003580       ??_C@_15EMKDOKLE@?$AAa?$AAr?$AA?$AA@ 0000000140013580     libucrt:lcidtoname_downlevel.obj
 0002:00003588       ??_C@_15KNPADPLH@?$AAb?$AAg?$AA?$AA@ 0000000140013588     libucrt:lcidtoname_downlevel.obj
 0002:00003590       ??_C@_15EDMHLDMO@?$AAc?$AAa?$AA?$AA@ 0000000140013590     libucrt:lcidtoname_downlevel.obj
 0002:00003598       ??_C@_1O@BPEAJADD@?$AAz?$AAh?$AA?9?$AAC?$AAH?$AAS?$AA?$AA@ 0000000140013598     libucrt:lcidtoname_downlevel.obj
 0002:000035a8       ??_C@_15LJNHCMNK@?$AAc?$AAs?$AA?$AA@ 00000001400135a8     libucrt:lcidtoname_downlevel.obj
 0002:000035b0       ??_C@_15FOMCIDHG@?$AAd?$AAa?$AA?$AA@ 00000001400135b0     libucrt:lcidtoname_downlevel.obj
 0002:000035b8       ??_C@_15NBKABECB@?$AAd?$AAe?$AA?$AA@ 00000001400135b8     libucrt:lcidtoname_downlevel.obj
 0002:000035c0       ??_C@_15GHPEIIAO@?$AAe?$AAl?$AA?$AA@ 00000001400135c0     libucrt:lcidtoname_downlevel.obj
 0002:000035c8       ??_C@_15MNPNEAIF@?$AAe?$AAn?$AA?$AA@ 00000001400135c8     libucrt:lcidtoname_downlevel.obj
 0002:000035d0       ??_C@_15GPIOMPMH@?$AAe?$AAs?$AA?$AA@ 00000001400135d0     libucrt:lcidtoname_downlevel.obj
 0002:000035d8       ??_C@_15NGLOAKJC@?$AAf?$AAi?$AA?$AA@ 00000001400135d8     libucrt:lcidtoname_downlevel.obj
 0002:000035e0       ??_C@_15FBKGNKAM@?$AAf?$AAr?$AA?$AA@ 00000001400135e0     libucrt:lcidtoname_downlevel.obj
 0002:000035e8       ??_C@_15KGGCNEFK@?$AAh?$AAe?$AA?$AA@ 00000001400135e8     libucrt:lcidtoname_downlevel.obj
 0002:000035f0       ??_C@_15PGHLIDMF@?$AAh?$AAu?$AA?$AA@ 00000001400135f0     libucrt:lcidtoname_downlevel.obj
 0002:000035f8       ??_C@_15BIEMAPLM@?$AAi?$AAs?$AA?$AA@ 00000001400135f8     libucrt:lcidtoname_downlevel.obj
 0002:00003600       ??_C@_15IFJLDHAF@?$AAi?$AAt?$AA?$AA@ 0000000140013600     libucrt:lcidtoname_downlevel.obj
 0002:00003608       ??_C@_15GEMIOCAG@?$AAj?$AAa?$AA?$AA@ 0000000140013608     libucrt:lcidtoname_downlevel.obj
 0002:00003610       ??_C@_15EPELEGJA@?$AAk?$AAo?$AA?$AA@ 0000000140013610     libucrt:lcidtoname_downlevel.obj
 0002:00003618       ??_C@_15NDDHIMN@?$AAn?$AAl?$AA?$AA@ 0000000140013618     libucrt:lcidtoname_downlevel.obj
 0002:00003620       ??_C@_15BPIGNHCD@?$AAn?$AAo?$AA?$AA@ 0000000140013620     libucrt:lcidtoname_downlevel.obj
 0002:00003628       ??_C@_15DEOPBLCG@?$AAp?$AAl?$AA?$AA@ 0000000140013628     libucrt:lcidtoname_downlevel.obj
 0002:00003630       ??_C@_15KBECGEFG@?$AAp?$AAt?$AA?$AA@ 0000000140013630     libucrt:lcidtoname_downlevel.obj
 0002:00003638       ??_C@_15GLJCBFMD@?$AAr?$AAo?$AA?$AA@ 0000000140013638     libucrt:lcidtoname_downlevel.obj
 0002:00003640       ??_C@_15FEDGKCDI@?$AAr?$AAu?$AA?$AA@ 0000000140013640     libucrt:lcidtoname_downlevel.obj
 0002:00003648       ??_C@_15GLKMLLHM@?$AAh?$AAr?$AA?$AA@ 0000000140013648     libucrt:lcidtoname_downlevel.obj
 0002:00003650       ??_C@_15CPKMFBDB@?$AAs?$AAk?$AA?$AA@ 0000000140013650     libucrt:lcidtoname_downlevel.obj
 0002:00003658       ??_C@_15BAAIOGMK@?$AAs?$AAq?$AA?$AA@ 0000000140013658     libucrt:lcidtoname_downlevel.obj
 0002:00003660       ??_C@_15INNPNOHD@?$AAs?$AAv?$AA?$AA@ 0000000140013660     libucrt:lcidtoname_downlevel.obj
 0002:00003668       ??_C@_15CABMMOGH@?$AAt?$AAh?$AA?$AA@ 0000000140013668     libucrt:lcidtoname_downlevel.obj
 0002:00003670       ??_C@_15BPLIHJJM@?$AAt?$AAr?$AA?$AA@ 0000000140013670     libucrt:lcidtoname_downlevel.obj
 0002:00003678       ??_C@_15NEOEKKDJ@?$AAu?$AAr?$AA?$AA@ 0000000140013678     libucrt:lcidtoname_downlevel.obj
 0002:00003680       ??_C@_15NFICGAJK@?$AAi?$AAd?$AA?$AA@ 0000000140013680     libucrt:lcidtoname_downlevel.obj
 0002:00003688       ??_C@_15HPJPHDM@?$AAb?$AAe?$AA?$AA@ 0000000140013688     libucrt:lcidtoname_downlevel.obj
 0002:00003690       ??_C@_15LCHLGJII@?$AAs?$AAl?$AA?$AA@ 0000000140013690     libucrt:lcidtoname_downlevel.obj
 0002:00003698       ??_C@_15PCFJPHHO@?$AAe?$AAt?$AA?$AA@ 0000000140013698     libucrt:lcidtoname_downlevel.obj
 0002:000036a0       ??_C@_15HPFPGODN@?$AAl?$AAv?$AA?$AA@ 00000001400136a0     libucrt:lcidtoname_downlevel.obj
 0002:000036a8       ??_C@_15NFFGKGLG@?$AAl?$AAt?$AA?$AA@ 00000001400136a8     libucrt:lcidtoname_downlevel.obj
 0002:000036b0       ??_C@_15BDAKCCHN@?$AAf?$AAa?$AA?$AA@ 00000001400136b0     libucrt:lcidtoname_downlevel.obj
 0002:000036b8       ??_C@_15NFGIAIAJ@?$AAv?$AAi?$AA?$AA@ 00000001400136b8     libucrt:lcidtoname_downlevel.obj
 0002:000036c0       ??_C@_15LMKNDMHN@?$AAh?$AAy?$AA?$AA@ 00000001400136c0     libucrt:lcidtoname_downlevel.obj
 0002:000036c8       ??_C@_15IJBHMCFL@?$AAa?$AAz?$AA?$AA@ 00000001400136c8     libucrt:lcidtoname_downlevel.obj
 0002:000036d0       ??_C@_15EKOFJABL@?$AAe?$AAu?$AA?$AA@ 00000001400136d0     libucrt:lcidtoname_downlevel.obj
 0002:000036d8       ??_C@_15BGHADCNK@?$AAm?$AAk?$AA?$AA@ 00000001400136d8     libucrt:lcidtoname_downlevel.obj
 0002:000036e0       ??_C@_15JDNICKHM@?$AAa?$AAf?$AA?$AA@ 00000001400136e0     libucrt:lcidtoname_downlevel.obj
 0002:000036e8       ??_C@_15KPJEDBKD@?$AAk?$AAa?$AA?$AA@ 00000001400136e8     libucrt:lcidtoname_downlevel.obj
 0002:000036f0       ??_C@_15PDNFFFEO@?$AAf?$AAo?$AA?$AA@ 00000001400136f0     libucrt:lcidtoname_downlevel.obj
 0002:000036f8       ??_C@_15OMLEGLOC@?$AAh?$AAi?$AA?$AA@ 00000001400136f8     libucrt:lcidtoname_downlevel.obj
 0002:00003700       ??_C@_15IDNNENKK@?$AAm?$AAs?$AA?$AA@ 0000000140013700     libucrt:lcidtoname_downlevel.obj
 0002:00003708       ??_C@_15MACJNBMH@?$AAk?$AAk?$AA?$AA@ 0000000140013708     libucrt:lcidtoname_downlevel.obj
 0002:00003710       ??_C@_15DKDJEOND@?$AAk?$AAy?$AA?$AA@ 0000000140013710     libucrt:lcidtoname_downlevel.obj
 0002:00003718       ??_C@_15DFGDLJBG@?$AAs?$AAw?$AA?$AA@ 0000000140013718     libucrt:lcidtoname_downlevel.obj
 0002:00003720       ??_C@_15BBFAICNG@?$AAu?$AAz?$AA?$AA@ 0000000140013720     libucrt:lcidtoname_downlevel.obj
 0002:00003728       ??_C@_15DKNDCGEA@?$AAt?$AAt?$AA?$AA@ 0000000140013728     libucrt:lcidtoname_downlevel.obj
 0002:00003730       ??_C@_15MGIFMDPL@?$AAp?$AAa?$AA?$AA@ 0000000140013730     libucrt:lcidtoname_downlevel.obj
 0002:00003738       ??_C@_15HCNDBBA@?$AAg?$AAu?$AA?$AA@ 0000000140013738     libucrt:lcidtoname_downlevel.obj
 0002:00003740       ??_C@_15FNBEIBON@?$AAt?$AAa?$AA?$AA@ 0000000140013740     libucrt:lcidtoname_downlevel.obj
 0002:00003748       ??_C@_15NCHGBGLK@?$AAt?$AAe?$AA?$AA@ 0000000140013748     libucrt:lcidtoname_downlevel.obj
 0002:00003750       ??_C@_15PHPHCBPF@?$AAk?$AAn?$AA?$AA@ 0000000140013750     libucrt:lcidtoname_downlevel.obj
 0002:00003758       ??_C@_15DLGBCKMP@?$AAm?$AAr?$AA?$AA@ 0000000140013758     libucrt:lcidtoname_downlevel.obj
 0002:00003760       ??_C@_15EABBLBFF@?$AAs?$AAa?$AA?$AA@ 0000000140013760     libucrt:lcidtoname_downlevel.obj
 0002:00003768       ??_C@_15CBKOMCOI@?$AAm?$AAn?$AA?$AA@ 0000000140013768     libucrt:lcidtoname_downlevel.obj
 0002:00003770       ??_C@_15CKDMCJAF@?$AAg?$AAl?$AA?$AA@ 0000000140013770     libucrt:lcidtoname_downlevel.obj
 0002:00003778       ??_C@_17CNJFBPG@?$AAk?$AAo?$AAk?$AA?$AA@ 0000000140013778     libucrt:lcidtoname_downlevel.obj
 0002:00003780       ??_C@_17FFBJICPL@?$AAs?$AAy?$AAr?$AA?$AA@ 0000000140013780     libucrt:lcidtoname_downlevel.obj
 0002:00003788       ??_C@_17KPNDCPAF@?$AAd?$AAi?$AAv?$AA?$AA@ 0000000140013788     libucrt:lcidtoname_downlevel.obj
 0002:00003790       ??_C@_11LOCGONAA@?$AA?$AA@ 0000000140013790     libucrt:lcidtoname_downlevel.obj
 0002:00003798       ??_C@_1M@OKAHONE@?$AAa?$AAr?$AA?9?$AAS?$AAA?$AA?$AA@ 0000000140013798     libucrt:lcidtoname_downlevel.obj
 0002:000037a8       ??_C@_1M@FFFIGIGK@?$AAb?$AAg?$AA?9?$AAB?$AAG?$AA?$AA@ 00000001400137a8     libucrt:lcidtoname_downlevel.obj
 0002:000037b8       ??_C@_1M@BJNKEDC@?$AAc?$AAa?$AA?9?$AAE?$AAS?$AA?$AA@ 00000001400137b8     libucrt:lcidtoname_downlevel.obj
 0002:000037c8       ??_C@_1M@IJJHFJHA@?$AAc?$AAs?$AA?9?$AAC?$AAZ?$AA?$AA@ 00000001400137c8     libucrt:lcidtoname_downlevel.obj
 0002:000037d8       ??_C@_1M@CLPEOBGI@?$AAd?$AAa?$AA?9?$AAD?$AAK?$AA?$AA@ 00000001400137d8     libucrt:lcidtoname_downlevel.obj
 0002:000037e8       ??_C@_1M@MCMADGCB@?$AAd?$AAe?$AA?9?$AAD?$AAE?$AA?$AA@ 00000001400137e8     libucrt:lcidtoname_downlevel.obj
 0002:000037f8       ??_C@_1M@OOCKEMAM@?$AAe?$AAl?$AA?9?$AAG?$AAR?$AA?$AA@ 00000001400137f8     libucrt:lcidtoname_downlevel.obj
 0002:00003808       ??_C@_1M@DDNJFGID@?$AAf?$AAi?$AA?9?$AAF?$AAI?$AA?$AA@ 0000000140013808     libucrt:lcidtoname_downlevel.obj
 0002:00003818       ??_C@_1M@GLIPPMAC@?$AAf?$AAr?$AA?9?$AAF?$AAR?$AA?$AA@ 0000000140013818     libucrt:lcidtoname_downlevel.obj
 0002:00003828       ??_C@_1M@GFMCHPE@?$AAh?$AAe?$AA?9?$AAI?$AAL?$AA?$AA@ 0000000140013828     libucrt:lcidtoname_downlevel.obj
 0002:00003838       ??_C@_1M@MHLPGNKM@?$AAh?$AAu?$AA?9?$AAH?$AAU?$AA?$AA@ 0000000140013838     libucrt:lcidtoname_downlevel.obj
 0002:00003848       ??_C@_1M@LPDDNNPN@?$AAi?$AAs?$AA?9?$AAI?$AAS?$AA?$AA@ 0000000140013848     libucrt:lcidtoname_downlevel.obj
 0002:00003858       ??_C@_1M@MADIPODN@?$AAi?$AAt?$AA?9?$AAI?$AAT?$AA?$AA@ 0000000140013858     libucrt:lcidtoname_downlevel.obj
 0002:00003868       ??_C@_1M@IHBJJGG@?$AAn?$AAl?$AA?9?$AAN?$AAL?$AA?$AA@ 0000000140013868     libucrt:lcidtoname_downlevel.obj
 0002:00003878       ??_C@_1M@EANAGDL@?$AAn?$AAb?$AA?9?$AAN?$AAO?$AA?$AA@ 0000000140013878     libucrt:lcidtoname_downlevel.obj
 0002:00003888       ??_C@_1M@NEIEMEGP@?$AAp?$AAl?$AA?9?$AAP?$AAL?$AA?$AA@ 0000000140013888     libucrt:lcidtoname_downlevel.obj
 0002:00003898       ??_C@_1M@BOCFIGEP@?$AAp?$AAt?$AA?9?$AAB?$AAR?$AA?$AA@ 0000000140013898     libucrt:lcidtoname_downlevel.obj
 0002:000038a8       ??_C@_1M@IMPFOPBG@?$AAr?$AAo?$AA?9?$AAR?$AAO?$AA?$AA@ 00000001400138a8     libucrt:lcidtoname_downlevel.obj
 0002:000038b8       ??_C@_1M@IDNNEJMM@?$AAr?$AAu?$AA?9?$AAR?$AAU?$AA?$AA@ 00000001400138b8     libucrt:lcidtoname_downlevel.obj
 0002:000038c8       ??_C@_1M@LILEEOGM@?$AAh?$AAr?$AA?9?$AAH?$AAR?$AA?$AA@ 00000001400138c8     libucrt:lcidtoname_downlevel.obj
 0002:000038d8       ??_C@_1M@FKIFEHPB@?$AAs?$AAk?$AA?9?$AAS?$AAK?$AA?$AA@ 00000001400138d8     libucrt:lcidtoname_downlevel.obj
 0002:000038e8       ??_C@_1M@LJMAMNPJ@?$AAs?$AAq?$AA?9?$AAA?$AAL?$AA?$AA@ 00000001400138e8     libucrt:lcidtoname_downlevel.obj
 0002:000038f8       ??_C@_1M@GIAKDKJK@?$AAs?$AAv?$AA?9?$AAS?$AAE?$AA?$AA@ 00000001400138f8     libucrt:lcidtoname_downlevel.obj
 0002:00003908       ??_C@_1M@MKJKIKCL@?$AAt?$AAh?$AA?9?$AAT?$AAH?$AA?$AA@ 0000000140013908     libucrt:lcidtoname_downlevel.obj
[...]
 0004:00000708       $pdata$??$?RV<lambda_f2e299630e499de9f9a165e60fcd3db5>@@AEAV<lambda_2ae9d31cdba2644fcbeaf08da7c24588>@@V<lambda_40d01ff24d0e7b3814fdbdcee8eab3c7>@@@?$__crt_seh_guarded_call@X@@QEAAX$$QEAV<lambda_f2e299630e499de9f9a165e60fcd3db5>@@AEAV<lambda_2ae9d31cdba2644fcbeaf08da7c24588>@@$$QEAV<lambda_40d01ff24d0e7b3814fdbdcee8eab3c7>@@@Z 000000014001b708     libucrt:per_thread_data.obj
 0004:00000714       $pdata$??$?RV<lambda_2d41944a1d46af3157314b8a01080d33>@@AEAV<lambda_8f455de75cd7d7f24b4096f044d8b9e6>@@V<lambda_aa500f224e6afead328df44964fe2772>@@@?$__crt_seh_guarded_call@X@@QEAAX$$QEAV<lambda_2d41944a1d46af3157314b8a01080d33>@@AEAV<lambda_8f455de75cd7d7f24b4096f044d8b9e6>@@$$QEAV<lambda_aa500f224e6afead328df44964fe2772>@@@Z 000000014001b714     libucrt:per_thread_data.obj
 0004:00000720       $pdata$_invalid_parameter_noinfo 000000014001b720     libucrt:invalid_parameter.obj
 0004:0000072c       $pdata$_invoke_watson      000000014001b72c     libucrt:invalid_parameter.obj
 0004:00000738       $pdata$__acrt_call_reportfault 000000014001b738     libucrt:invalid_parameter.obj
 0004:00000744       $pdata$_invalid_parameter  000000014001b744     libucrt:invalid_parameter.obj
 0004:00000750       $pdata$_errno              000000014001b750     libucrt:errno.obj
 0004:0000075c       $pdata$__doserrno          000000014001b75c     libucrt:errno.obj
 0004:00000768       $pdata$__acrt_errno_map_os_error 000000014001b768     libucrt:errno.obj
 0004:00000774       $pdata$_calloc_base        000000014001b774     libucrt:calloc_base.obj
 0004:00000780       $pdata$_free_base          000000014001b780     libucrt:free_base.obj
 0004:0000078c       $pdata$??$__acrt_mbs_to_wcs_cp@U__crt_win32_buffer_internal_dynamic_resizing@@@@YAHQEBDAEAV?$__crt_win32_buffer@_WU__crt_win32_buffer_internal_dynamic_resizing@@@@I@Z 000000014001b78c     libucrt:argv_wildcards.obj
 0004:00000798       $pdata$??$__acrt_wcs_to_mbs_cp@U__crt_win32_buffer_internal_dynamic_resizing@@@@YAHQEB_WAEAV?$__crt_win32_buffer@DU__crt_win32_buffer_internal_dynamic_resizing@@@@I@Z 000000014001b798     libucrt:argv_wildcards.obj
 0004:000007a4       $pdata$??$common_expand_argv_wildcards@D@@YAHQEAPEADQEAPEAPEAD@Z 000000014001b7a4     libucrt:argv_wildcards.obj
 0004:000007b0       $pdata$??$copy_and_add_argument_to_buffer@D@@YAHQEBD0_KAEAV?$argument_list@D@?A0x5f5c8891@@@Z 000000014001b7b0     libucrt:argv_wildcards.obj
 0004:000007bc       $pdata$??$expand_argument_wildcards@D@@YAHQEAD0AEAV?$argument_list@D@?A0x5f5c8891@@@Z 000000014001b7bc     libucrt:argv_wildcards.obj
 0004:000007c8       $pdata$__acrt_GetModuleFileNameA 000000014001b7c8     libucrt:getmodulefilenamea.obj
 0004:000007d4       $pdata$??$__acrt_wcs_to_mbs_cp@U__crt_win32_buffer_no_resizing@@@@YAHQEB_WAEAV?$__crt_win32_buffer@DU__crt_win32_buffer_no_resizing@@@@I@Z 000000014001b7d4     libucrt:getmodulefilenamea.obj
 0004:000007e0       $pdata$__acrt_update_thread_multibyte_data 000000014001b7e0     libucrt:mbctype.obj
 0004:000007ec       $pdata$__acrt_initialize_multibyte 000000014001b7ec     libucrt:mbctype.obj
 0004:000007f8       $pdata$_setmbcp_nolock     000000014001b7f8     libucrt:mbctype.obj
 0004:00000804       $pdata$?getSystemCP@@YAHH@Z 000000014001b804     libucrt:mbctype.obj
 0004:00000810       $pdata$?setSBCS@@YAXPEAU__crt_multibyte_data@@@Z 000000014001b810     libucrt:mbctype.obj
 0004:0000081c       $pdata$?update_thread_multibyte_data_internal@@YAPEAU__crt_multibyte_data@@QEAU__acrt_ptd@@QEAPEAU1@@Z 000000014001b81c     libucrt:mbctype.obj
 0004:00000828       $pdata$?fin$0@?0??update_thread_multibyte_data_internal@@YAPEAU__crt_multibyte_data@@QEAU__acrt_ptd@@QEAPEAU1@@Z@4HA 000000014001b828     libucrt:mbctype.obj
 0004:00000834       $pdata$?setmbcp_internal@@YAHH_NQEAU__acrt_ptd@@QEAPEAU__crt_multibyte_data@@@Z 000000014001b834     libucrt:mbctype.obj
 0004:00000840       $pdata$?setSBUpLow@@YAXPEAU__crt_multibyte_data@@@Z 000000014001b840     libucrt:mbctype.obj
 0004:0000084c       $pdata$??$?RV<lambda_efdfa57d1f175319df784efa44bb7b81>@@AEAV<lambda_5f0a4c1567f8adc6734073e5d1e1b35c>@@V<lambda_2e8a7d3640ea6ccb4c2413664c2db6fd>@@@?$__crt_seh_guarded_call@X@@QEAAX$$QEAV<lambda_efdfa57d1f175319df784efa44bb7b81>@@AEAV<lambda_5f0a4c1567f8adc6734073e5d1e1b35c>@@$$QEAV<lambda_2e8a7d3640ea6ccb4c2413664c2db6fd>@@@Z 000000014001b84c     libucrt:mbctype.obj
 0004:00000858       $pdata$?x_ismbbtype_l@@YAHPEAU__crt_locale_pointers@@IHH@Z 000000014001b858     libucrt:ismbbyte.obj
 0004:00000864       $pdata$__acrt_initialize_command_line 000000014001b864     libucrt:argv_data.obj
 0004:00000870       $pdata$__acrt_WideCharToMultiByte 000000014001b870     libucrt:widechartomultibyte.obj
 0004:0000087c       $pdata$__dcrt_get_narrow_environment_from_os 000000014001b87c     libucrt:get_environment_from_os.obj
 0004:00000888       $pdata$__acrt_initialize_locks 000000014001b888     libucrt:locks.obj
 0004:00000894       $pdata$__acrt_uninitialize_locks 000000014001b894     libucrt:locks.obj
 0004:000008a0       $pdata$__acrt_get_process_end_policy 000000014001b8a0     libucrt:win_policies.obj
 0004:000008ac       $pdata$_get_osfhandle      000000014001b8ac     libucrt:osfinfo.obj
 0004:000008b8       $pdata$_free_osfhnd        000000014001b8b8     libucrt:osfinfo.obj
 0004:000008c4       $pdata$__acrt_lowio_create_handle_array 000000014001b8c4     libucrt:osfinfo.obj
 0004:000008d0       $pdata$__acrt_lowio_destroy_handle_array 000000014001b8d0     libucrt:osfinfo.obj
 0004:000008dc       $pdata$__acrt_lowio_ensure_fh_exists 000000014001b8dc     libucrt:osfinfo.obj
 0004:000008e8       $pdata$__acrt_initialize_lowio$fin$0 000000014001b8e8     libucrt:ioinit.obj
 0004:000008e8       $pdata$__acrt_lowio_ensure_fh_exists$fin$0 000000014001b8e8     libucrt:osfinfo.obj
 0004:000008f4       $pdata$__acrt_initialize_lowio 000000014001b8f4     libucrt:ioinit.obj
 0004:00000900       $pdata$__acrt_uninitialize_lowio 000000014001b900     libucrt:ioinit.obj
 0004:0000090c       $pdata$?initialize_inherited_file_handles_nolock@@YAXXZ 000000014001b90c     libucrt:ioinit.obj
 0004:00000918       $pdata$?initialize_stdio_handles_nolock@@YAXXZ 000000014001b918     libucrt:ioinit.obj
 0004:00000924       $pdata$__acrt_locale_free_monetary 000000014001b924     libucrt:initmon.obj
 0004:00000930       $pdata$__acrt_locale_free_numeric 000000014001b930     libucrt:initnum.obj
 0004:0000093c       $pdata$__acrt_locale_free_time 000000014001b93c     libucrt:inittime.obj
 0004:00000948       $pdata$?free_crt_array_internal@@YAXQEAPEBX_K@Z 000000014001b948     libucrt:inittime.obj
 0004:00000954       $pdata$__pctype_func       000000014001b954     libucrt:ctype.obj
 0004:00000960       $pdata$_malloc_base        000000014001b960     libucrt:malloc_base.obj
 0004:0000096c       $pdata$__acrt_GetStringTypeA 000000014001b96c     libucrt:getstringtypea.obj
 0004:00000978       $pdata$__acrt_release_locale_ref 000000014001b978     libucrt:locale_refcounting.obj
 0004:00000984       $pdata$__acrt_free_locale  000000014001b984     libucrt:locale_refcounting.obj
 0004:00000990       $pdata$__acrt_locale_free_lc_time_if_unreferenced 000000014001b990     libucrt:locale_refcounting.obj
 0004:0000099c       $pdata$__acrt_update_thread_locale_data 000000014001b99c     libucrt:locale_refcounting.obj
 0004:000009a8       $pdata$__acrt_update_thread_locale_data$fin$0 000000014001b9a8     libucrt:locale_refcounting.obj
 0004:000009b4       $pdata$_updatetlocinfoEx_nolock 000000014001b9b4     libucrt:locale_refcounting.obj
 0004:000009c0       $pdata$__acrt_initialize_winapi_thunks 000000014001b9c0     libucrt:winapi_thunks.obj
 0004:000009cc       $pdata$__acrt_uninitialize_winapi_thunks 000000014001b9cc     libucrt:winapi_thunks.obj
 0004:000009d8       $pdata$__acrt_AreFileApisANSI 000000014001b9d8     libucrt:winapi_thunks.obj
 0004:000009e4       $pdata$__acrt_FlsAlloc     000000014001b9e4     libucrt:winapi_thunks.obj
 0004:000009f0       $pdata$__acrt_FlsFree      000000014001b9f0     libucrt:winapi_thunks.obj
 0004:000009fc       $pdata$__acrt_FlsGetValue  000000014001b9fc     libucrt:winapi_thunks.obj
 0004:00000a08       $pdata$__acrt_FlsSetValue  000000014001ba08     libucrt:winapi_thunks.obj
 0004:00000a14       $pdata$__acrt_InitializeCriticalSectionEx 000000014001ba14     libucrt:winapi_thunks.obj
 0004:00000a20       $pdata$__acrt_LCMapStringEx 000000014001ba20     libucrt:winapi_thunks.obj
 0004:00000a2c       $pdata$__acrt_LocaleNameToLCID 000000014001ba2c     libucrt:winapi_thunks.obj
 0004:00000a38       $pdata$__acrt_AppPolicyGetProcessTerminationMethodInternal 000000014001ba38     libucrt:winapi_thunks.obj
 0004:00000a44       $pdata$?try_get_function@@YAPEAXW4function_id@?A0x391cf84c@@QEBDQEBW4module_id@2@2@Z 000000014001ba44     libucrt:winapi_thunks.obj
 0004:00000a50       $pdata$_recalloc_base      000000014001ba50     libucrt:recalloc.obj
 0004:00000a5c       $pdata$__acrt_initialize_heap 000000014001ba5c     libucrt:heap_handle.obj
 0004:00000a68       $pdata$__acrt_execute_initializers 000000014001ba68     libucrt:shared_initialization.obj
 0004:00000a74       $pdata$__acrt_execute_uninitializers 000000014001ba74     libucrt:shared_initialization.obj
 0004:00000a80       $pdata$_callnewh           000000014001ba80     libucrt:new_handler.obj
 0004:00000a8c       $pdata$_query_new_handler  000000014001ba8c     libucrt:new_handler.obj
 0004:00000a98       $pdata$_query_new_handler$fin$0 000000014001ba98     libucrt:new_handler.obj
 0004:00000aa4       $pdata$__acrt_get_sigabrt_handler 000000014001baa4     libucrt:signal.obj
 0004:00000ab0       $pdata$raise               000000014001bab0     libucrt:signal.obj
 0004:00000abc       $pdata$raise$fin$0         000000014001babc     libucrt:signal.obj
 0004:00000ac8       $pdata$??$?RV<lambda_450d765d439847d4c735a33c368b5fc0>@@AEAV<lambda_44731a7d0e6d81c3e6aa82d741081786>@@V<lambda_601a2a7da3b7a96e9554ac7215c4b07c>@@@?$__crt_seh_guarded_call@P6AXH@Z@@QEAAP6AXH@Z$$QEAV<lambda_450d765d439847d4c735a33c368b5fc0>@@AEAV<lambda_44731a7d0e6d81c3e6aa82d741081786>@@$$QEAV<lambda_601a2a7da3b7a96e9554ac7215c4b07c>@@@Z 000000014001bac8     libucrt:signal.obj
 0004:00000ad4       $pdata$_fflush_nolock      000000014001bad4     libucrt:fflush.obj
 0004:00000ae0       $pdata$__acrt_stdio_flush_nolock 000000014001bae0     libucrt:fflush.obj
 0004:00000aec       $pdata$?common_flush_all@@YAH_N@Z 000000014001baec     libucrt:fflush.obj
 0004:00000af8       $pdata$??$?RV<lambda_842d9ff0dc9ef11c61343bbaebe7f885>@@AEAV<lambda_c5860995281e5c4ce005b3de8f5874ee>@@V<lambda_d90129c13df834fdcbf8d2b88dafcf2d>@@@?$__crt_seh_guarded_call@X@@QEAAX$$QEAV<lambda_842d9ff0dc9ef11c61343bbaebe7f885>@@AEAV<lambda_c5860995281e5c4ce005b3de8f5874ee>@@$$QEAV<lambda_d90129c13df834fdcbf8d2b88dafcf2d>@@@Z 000000014001baf8     libucrt:fflush.obj
 0004:00000b04       $pdata$?fin$0@?0???$?RV<lambda_842d9ff0dc9ef11c61343bbaebe7f885>@@AEAV<lambda_c5860995281e5c4ce005b3de8f5874ee>@@V<lambda_d90129c13df834fdcbf8d2b88dafcf2d>@@@?$__crt_seh_guarded_call@X@@QEAAX$$QEAV<lambda_842d9ff0dc9ef11c61343bbaebe7f885>@@AEAV<lambda_c5860995281e5c4ce005b3de8f5874ee>@@$$QEAV<lambda_d90129c13df834fdcbf8d2b88dafcf2d>@@@Z@4HA 000000014001bb04     libucrt:fflush.obj
 0004:00000b10       $pdata$??$?RV<lambda_886d6c58226a84441f68b9f2b8217b83>@@AEAV<lambda_ab61a845afdef5b7c387490eaf3616ee>@@V<lambda_f7f22ab5edc0698d5f6905b0d3f44752>@@@?$__crt_seh_guarded_call@X@@QEAAX$$QEAV<lambda_886d6c58226a84441f68b9f2b8217b83>@@AEAV<lambda_ab61a845afdef5b7c387490eaf3616ee>@@$$QEAV<lambda_f7f22ab5edc0698d5f6905b0d3f44752>@@@Z 000000014001bb10     libucrt:fflush.obj
 0004:00000b1c       $pdata$?fin$0@?0???$?RV<lambda_886d6c58226a84441f68b9f2b8217b83>@@AEAV<lambda_ab61a845afdef5b7c387490eaf3616ee>@@V<lambda_f7f22ab5edc0698d5f6905b0d3f44752>@@@?$__crt_seh_guarded_call@X@@QEAAX$$QEAV<lambda_886d6c58226a84441f68b9f2b8217b83>@@AEAV<lambda_ab61a845afdef5b7c387490eaf3616ee>@@$$QEAV<lambda_f7f22ab5edc0698d5f6905b0d3f44752>@@@Z@4HA 000000014001bb1c     libucrt:fflush.obj
 0004:00000b28       $pdata$__acrt_initialize_stdio 000000014001bb28     libucrt:_file.obj
 0004:00000b34       $pdata$__acrt_uninitialize_stdio 000000014001bb34     libucrt:_file.obj
 0004:00000b40       $pdata$_mbtowc_l           000000014001bb40     libucrt:mbtowc.obj
 0004:00000b4c       $pdata$__acrt_update_locale_info 000000014001bb4c     libucrt:locale_update.obj
 0004:00000b58       $pdata$__acrt_update_multibyte_info 000000014001bb58     libucrt:locale_update.obj
 0004:00000b64       $pdata$_fileno             000000014001bb64     libucrt:fileno.obj
 0004:00000b70       $pdata$qsort               000000014001bb70     libucrt:qsort.obj
 0004:00000b7c       $pdata$4$qsort             000000014001bb7c     libucrt:qsort.obj
 0004:00000b88       $pdata$5$qsort             000000014001bb88     libucrt:qsort.obj
 0004:00000b94       $pdata$strncpy_s           000000014001bb94     libucrt:strncpy_s.obj
 0004:00000ba0       $pdata$strpbrk             000000014001bba0     libucrt:strpbrk.obj
 0004:00000bac       $pdata$fallbackMethod      000000014001bbac     libucrt:strpbrk.obj
 0004:00000bb8       $pdata$_mbsdec_l           000000014001bbb8     libucrt:mbsdec.obj
 0004:00000bc4       $pdata$__acrt_LCMapStringA 000000014001bbc4     libucrt:lcmapstringa.obj
 0004:00000bd0       $pdata$?__acrt_LCMapStringA_stat@@YAHPEAU__crt_locale_pointers@@PEB_WKPEBDHPEADHHH@Z 000000014001bbd0     libucrt:lcmapstringa.obj
 0004:00000bdc       $pdata$?initialize_multibyte@@YAHXZ 000000014001bbdc     libucrt:multibyte_initializer.obj
 0004:00000be8       $pdata$__acrt_DownlevelLocaleNameToLCID 000000014001bbe8     libucrt:lcidtoname_downlevel.obj
 0004:00000bf4       $pdata$?GetTableIndexFromLocaleName@@YAHPEB_W@Z 000000014001bbf4     libucrt:lcidtoname_downlevel.obj
 0004:00000c00       $pdata$_msize_base         000000014001bc00     libucrt:msize.obj
 0004:00000c0c       $pdata$_realloc_base       000000014001bc0c     libucrt:realloc_base.obj
 0004:00000c18       $pdata$_commit             000000014001bc18     libucrt:commit.obj
 0004:00000c24       $pdata$??$?RV<lambda_a37b2b86f63e897a80ea819b0eb08c01>@@AEAV<lambda_38ce7e780aa69e748d6df282ebc68efe>@@V<lambda_99fb1378e971ab6e7edea83e3a7a83a2>@@@?$__crt_seh_guarded_call@H@@QEAAH$$QEAV<lambda_a37b2b86f63e897a80ea819b0eb08c01>@@AEAV<lambda_38ce7e780aa69e748d6df282ebc68efe>@@$$QEAV<lambda_99fb1378e971ab6e7edea83e3a7a83a2>@@@Z 000000014001bc24     libucrt:commit.obj
 0004:00000c30       $pdata$?fin$0@?0???$?RV<lambda_a37b2b86f63e897a80ea819b0eb08c01>@@AEAV<lambda_38ce7e780aa69e748d6df282ebc68efe>@@V<lambda_99fb1378e971ab6e7edea83e3a7a83a2>@@@?$__crt_seh_guarded_call@H@@QEAAH$$QEAV<lambda_a37b2b86f63e897a80ea819b0eb08c01>@@AEAV<lambda_38ce7e780aa69e748d6df282ebc68efe>@@$$QEAV<lambda_99fb1378e971ab6e7edea83e3a7a83a2>@@@Z@4HA 000000014001bc30     libucrt:commit.obj
 0004:00000c30       $pdata$?fin$0@?0???$?RV<lambda_751a882b2c74d4b022dec766aa51a29a>@@AEAV<lambda_628dfdc04ba53c8bfc02c9951375f3f5>@@V<lambda_f6c7be5f7998530c34de24c7437d6b54>@@@?$__crt_seh_guarded_call@H@@QEAAH$$QEAV<lambda_751a882b2c74d4b022dec766aa51a29a>@@AEAV<lambda_628dfdc04ba53c8bfc02c9951375f3f5>@@$$QEAV<lambda_f6c7be5f7998530c34de24c7437d6b54>@@@Z@4HA 000000014001bc30     libucrt:close.obj
 0004:00000c3c       $pdata$_write              000000014001bc3c     libucrt:write.obj
 0004:00000c48       $pdata$_write$fin$0        000000014001bc48     libucrt:write.obj
 0004:00000c54       $pdata$_write_nolock       000000014001bc54     libucrt:write.obj
 0004:00000c60       $pdata$?write_double_translated_ansi_nolock@@YA?AUwrite_result@?A0x17268360@@HQEBDI@Z 000000014001bc60     libucrt:write.obj
 0004:00000c6c       $pdata$?write_text_ansi_nolock@@YA?AUwrite_result@?A0x17268360@@HQEBDI@Z 000000014001bc6c     libucrt:write.obj
 0004:00000c78       $pdata$?write_text_utf16le_nolock@@YA?AUwrite_result@?A0x17268360@@HQEBDI@Z 000000014001bc78     libucrt:write.obj
 0004:00000c84       $pdata$?write_text_utf8_nolock@@YA?AUwrite_result@?A0x17268360@@HQEBDI@Z 000000014001bc84     libucrt:write.obj
 0004:00000c90       $pdata$_fcloseall          000000014001bc90     libucrt:closeall.obj
 0004:00000c9c       $pdata$_fcloseall$fin$0    000000014001bc9c     libucrt:closeall.obj
 0004:00000ca8       $pdata$__acrt_stdio_free_buffer_nolock 000000014001bca8     libucrt:_freebuf.obj
 0004:00000cb4       $pdata$_isatty             000000014001bcb4     libucrt:isatty.obj
 0004:00000cc0       $pdata$_isleadbyte_l       000000014001bcc0     libucrt:_wctype.obj
 0004:00000ccc       $pdata$?__mbrtowc_utf8@__crt_mbstring@@YA_KPEA_WPEBD_KPEAU_Mbstatet@@@Z 000000014001bccc     libucrt:mbrtowc.obj
 0004:00000cd8       $pdata$?__mbsrtowcs_utf8@__crt_mbstring@@YA_KPEA_WPEAPEBD_KPEAU_Mbstatet@@@Z 000000014001bcd8     libucrt:mbrtowc.obj
 0004:00000ce4       $pdata$??$common_lseek_nolock@_J@@YA_JH_JH@Z 000000014001bce4     libucrt:lseek.obj
 0004:00000cf0       $pdata$_putwch_nolock      000000014001bcf0     libucrt:putwch.obj
 0004:00000cfc       $pdata$fclose              000000014001bcfc     libucrt:fclose.obj
 0004:00000d08       $pdata$fclose$fin$0        000000014001bd08     libucrt:fclose.obj
 0004:00000d14       $pdata$_fclose_nolock      000000014001bd14     libucrt:fclose.obj
 0004:00000d20       $pdata$?__mbrtoc32_utf8@__crt_mbstring@@YA_KPEA_UPEBD_KPEAU_Mbstatet@@@Z 000000014001bd20     libucrt:mbrtoc32.obj
 0004:00000d38       $pdata$__dcrt_lowio_ensure_console_output_initialized 000000014001bd38     libucrt:initcon.obj
 0004:00000d44       $pdata$__dcrt_write_console 000000014001bd44     libucrt:initcon.obj
 0004:00000d50       $pdata$__dcrt_terminate_console_output 000000014001bd50     libucrt:initcon.obj
 0004:00000d5c       $pdata$_close              000000014001bd5c     libucrt:close.obj
 0004:00000d68       $pdata$_close_nolock       000000014001bd68     libucrt:close.obj
 0004:00000d74       $pdata$??$?RV<lambda_751a882b2c74d4b022dec766aa51a29a>@@AEAV<lambda_628dfdc04ba53c8bfc02c9951375f3f5>@@V<lambda_f6c7be5f7998530c34de24c7437d6b54>@@@?$__crt_seh_guarded_call@H@@QEAAH$$QEAV<lambda_751a882b2c74d4b022dec766aa51a29a>@@AEAV<lambda_628dfdc04ba53c8bfc02c9951375f3f5>@@$$QEAV<lambda_f6c7be5f7998530c34de24c7437d6b54>@@@Z 000000014001bd74     libucrt:close.obj
 0004:00000d80       $pdata$_call_matherr       000000014001bd80     libucrt:libm_error.obj
 0004:00000d8c       $pdata$_exception_enabled  000000014001bd8c     libucrt:libm_error.obj
 0004:00000d98       $pdata$_handle_error       000000014001bd98     libucrt:libm_error.obj
 0004:00000da4       $pdata$__acrt_initialize_fma3 000000014001bda4     libucrt:fma3_available.obj
 0004:00000db0       $pdata$_log_special_common 000000014001bdb0     libucrt:log_special.obj
 0004:00000dbc       $pdata$_log10_special      000000014001bdbc     libucrt:log_special.obj
 0004:00000dd4       $pdata$_set_errno_from_matherr 000000014001bdd4     libucrt:fpexcept.obj
 0004:00000de0       $pdata$_raise_exc          000000014001bde0     libucrt:fpexcept.obj
 0004:00000dec       $pdata$_raise_exc_ex       000000014001bdec     libucrt:fpexcept.obj
 0004:00000df8       $pdata$_clrfp              000000014001bdf8     libucrt:fpctrl.obj
 0004:00000e04       $pdata$_ctrlfp             000000014001be04     libucrt:fpctrl.obj
 0004:00000e10       $pdata$_ctrlfp$filt$0      000000014001be10     libucrt:fpctrl.obj
 0004:00000e1c       $pdata$_statfp             000000014001be1c     libucrt:fpctrl.obj
 0004:00000e28       $pdata$_set_statfp         000000014001be28     libucrt:fpctrl.obj
 0004:00000e34       $pdata$_IsNonwritableInCurrentImage 000000014001be34     LIBCMT:pesect.obj
 0004:00000e40       $pdata$_IsNonwritableInCurrentImage$filt$0 000000014001be40     LIBCMT:pesect.obj
