 win32_handmade

 Timestamp is 5c55f730 (Sat Feb  2 15:01:52 2019)

 Preferred load address is 0000000140000000

 Start         Length     Name                   Class
 0001:00000000 00039d60H .text$mn                CODE
 0001:00039d60 00000020H .text$mn$00             CODE
 0001:00039d80 0000061dH .text$x                 CODE
 0002:00000000 00000350H .idata$5                DATA
 0002:00000350 00000010H .00cfg                  DATA
 0002:00000360 00000008H .CRT$XCA                DATA
 0002:00000368 00000008H .CRT$XCAA               DATA
 0002:00000370 00000008H .CRT$XCZ                DATA
 0002:00000378 00000008H .CRT$XIA                DATA
 0002:00000380 00000008H .CRT$XIAA               DATA
 0002:00000388 00000008H .CRT$XIAC               DATA
 0002:00000390 00000018H .CRT$XIC                DATA
 0002:000003a8 00000008H .CRT$XIZ                DATA
 0002:000003b0 00000008H .CRT$XPA                DATA
 0002:000003b8 00000010H .CRT$XPX                DATA
 0002:000003c8 00000008H .CRT$XPXA               DATA
 0002:000003d0 00000008H .CRT$XPZ                DATA
 0002:000003d8 00000008H .CRT$XTA                DATA
 0002:000003e0 00000010H .CRT$XTZ                DATA
 0002:000003e8 00000000H .gfids$y                DATA
 0002:000003f0 000104a0H .rdata                  DATA
 0002:00010890 0000016cH .rdata$r                DATA
 0002:000109fc 00000324H .rdata$zzzdbg           DATA
 0002:00010d20 00000008H .rtc$IAA                DATA
 0002:00010d28 00000008H .rtc$IZZ                DATA
 0002:00010d30 00000008H .rtc$TAA                DATA
 0002:00010d38 00000008H .rtc$TZZ                DATA
 0002:00010d40 00001178H .xdata                  DATA
 0002:00011eb8 00000084H .xdata$x                DATA
 0002:00011f3c 00000000H .edata                  DATA
 0002:00011f3c 00000050H .idata$2                DATA
 0002:00011f8c 00000014H .idata$3                DATA
 0002:00011fa0 00000350H .idata$4                DATA
 0002:000122f0 00000748H .idata$6                DATA
 0003:00000000 00000a40H .data                   DATA
 0003:00000a40 00000070H .data$r                 DATA
 0003:00000ab0 000018f0H .bss                    DATA
 0004:00000000 00002eb0H .pdata                  DATA

  Address         Publics by Value              Rva+Base               Lib:Object

 0000:00000000       __volatile_metadata        0000000000000000     <absolute>
 0000:00000000       __guard_longjmp_table      0000000000000000     <absolute>
 0000:00000000       __guard_iat_count          0000000000000000     <absolute>
 0000:00000000       __guard_iat_table          0000000000000000     <absolute>
 0000:00000000       __hybrid_code_map          0000000000000000     <absolute>
 0000:00000000       __guard_longjmp_count      0000000000000000     <absolute>
 0000:00000000       ___safe_se_handler_count   0000000000000000     <absolute>
 0000:00000000       __guard_fids_count         0000000000000000     <absolute>
 0000:00000000       __enclave_config           0000000000000000     <absolute>
 0000:00000000       __hybrid_code_map_count    0000000000000000     <absolute>
 0000:00000000       ___safe_se_handler_table   0000000000000000     <absolute>
 0000:00000000       __guard_fids_table         0000000000000000     <absolute>
 0000:00000000       __dynamic_value_reloc_table 0000000000000000     <absolute>
 0000:00000000       __hybrid_auxiliary_iat     0000000000000000     <absolute>
 0000:00000100       __guard_flags              0000000000000100     <absolute>
 0000:00000000       __ImageBase                0000000140000000     <linker-defined>
 0001:00000000       WinMain                    0000000140001000 f   win32_handmade.obj
 0001:000017c0       ?DEBUGPlatformFreeFileMemory@@YAXPEAUthread_context@@PEAX@Z 00000001400027c0 f   win32_handmade.obj
 0001:00001800       ?DEBUGPlatformReadEntireFile@@YA?AUdebug_read_file_result@@PEAUthread_context@@PEAD@Z 0000000140002800 f   win32_handmade.obj
 0001:00001940       ?DEBUGPlatformWriteEntireFile@@YAHPEAUthread_context@@PEADIPEAX@Z 0000000140002940 f   win32_handmade.obj
 0001:00002fe0       ?GetController@@YAPEAUgame_controller_input@@PEAUgame_input@@I@Z 0000000140003fe0 f i win32_handmade.obj
 0001:00003030       ?SafeTruncateUInt64@@YAI_K@Z 0000000140004030 f i win32_handmade.obj
 0001:00003060       ?Win32GetLastWriteTime@@YA?AU_FILETIME@@PEBD@Z 0000000140004060 f i win32_handmade.obj
 0001:000030d0       ?Win32GetSecondsElapsed@@YAMT_LARGE_INTEGER@@0@Z 00000001400040d0 f i win32_handmade.obj
 0001:00003110       ?Win32GetWallClock@@YA?AT_LARGE_INTEGER@@XZ 0000000140004110 f i win32_handmade.obj
 0001:00003130       __GSHandlerCheck           0000000140004130 f   LIBCMTD:gshandler.obj
 0001:00003170       __GSHandlerCheckCommon     0000000140004170 f   LIBCMTD:gshandler.obj
 0001:00003280       __chkstk                   0000000140004280 f   LIBCMTD:chkstk.obj
 0001:00003280       _alloca_probe              0000000140004280 f   LIBCMTD:chkstk.obj
 0001:000032f0       __security_check_cookie    00000001400042f0 f   LIBCMTD:amdsecgs.obj
 0001:000035d0       ?configure_argv@__scrt_narrow_argv_policy@@SAHXZ 00000001400045d0 f i LIBCMTD:exe_winmain.obj
 0001:000035f0       ?initialize_environment@__scrt_narrow_environment_policy@@SAHXZ 00000001400045f0 f i LIBCMTD:exe_winmain.obj
 0001:00003640       ?set_app_type@__scrt_winmain_policy@@SAXXZ 0000000140004640 f i LIBCMTD:exe_winmain.obj
 0001:00003660       ?set_commode@__scrt_file_policy@@SAXXZ 0000000140004660 f i LIBCMTD:exe_winmain.obj
 0001:00003680       ?set_fmode@__scrt_file_policy@@SAXXZ 0000000140004680 f i LIBCMTD:exe_winmain.obj
 0001:000036a0       WinMainCRTStartup          00000001400046a0 f   LIBCMTD:exe_winmain.obj
 0001:000036b0       __raise_securityfailure    00000001400046b0 f   LIBCMTD:gs_report.obj
 0001:000036f0       __report_gsfailure         00000001400046f0 f   LIBCMTD:gs_report.obj
 0001:000037d0       __report_rangecheckfailure 00000001400047d0 f   LIBCMTD:gs_report.obj
 0001:000037f0       __report_securityfailure   00000001400047f0 f   LIBCMTD:gs_report.obj
 0001:000039f0       ??$__crt_fast_decode_pointer@PEAP6AXXZ@@YAPEAP6AXXZQEAP6AXXZ@Z 00000001400049f0 f i LIBCMTD:utility.obj
 0001:000039f0       ??$__crt_fast_decode_pointer@P6AXPEAXK0@Z@@YAP6AXPEAXK0@ZQ6AX0K0@Z@Z 00000001400049f0 f i libucrtd:exit.obj
 0001:000039f0       ??$__crt_fast_decode_pointer@PEAX@@YAPEAXQEAX@Z 00000001400049f0 f i libvcruntimed:winapi_downlevel.obj
 0001:000039f0       ??$__crt_fast_decode_pointer@P6AHPEAU_exception@@@Z@@YAP6AHPEAU_exception@@@ZQ6AH0@Z@Z 00000001400049f0 f i libucrtd:matherr.obj
 0001:000039f0       ??$__crt_fast_decode_pointer@P6AH_K@Z@@YAP6AH_K@ZQ6AH0@Z@Z 00000001400049f0 f i libucrtd:new_handler.obj
 0001:000039f0       ??$__crt_fast_decode_pointer@P6AXH@Z@@YAP6AXH@ZQ6AXH@Z@Z 00000001400049f0 f i libucrtd:signal.obj
 0001:000039f0       ??$__crt_fast_decode_pointer@P6AXXZ@@YAP6AXXZQ6AXXZ@Z 00000001400049f0 f i libvcruntimed:purevirt.obj
 0001:000039f0       ??$__crt_fast_decode_pointer@P6AXPEB_W00I_K@Z@@YAP6AXPEB_W00I_K@ZQ6AX000I1@Z@Z 00000001400049f0 f i libucrtd:invalid_parameter.obj
 0001:00003a30       ??$__crt_fast_encode_pointer@P6AXXZ@@YAP6AXXZQ6AXXZ@Z 0000000140004a30 f i libvcruntimed:purevirt_data.obj
 0001:00003a30       ??$__crt_fast_encode_pointer@P6AHPEAU_exception@@@Z@@YAP6AHPEAU_exception@@@ZQ6AH0@Z@Z 0000000140004a30 f i libucrtd:matherr.obj
 0001:00003a30       ??$__crt_fast_encode_pointer@PEAX@@YAPEAXQEAX@Z 0000000140004a30 f i libvcruntimed:winapi_downlevel.obj
 0001:00003a30       ??$__crt_fast_encode_pointer@P6AXH@Z@@YAP6AXH@ZQ6AXH@Z@Z 0000000140004a30 f i libucrtd:signal.obj
 0001:00003a30       ??$__crt_fast_encode_pointer@PEAP6AXXZ@@YAPEAP6AXXZQEAP6AXXZ@Z 0000000140004a30 f i LIBCMTD:utility.obj
 0001:00003a30       ??$__crt_fast_encode_pointer@P6AXPEAXK0@Z@@YAP6AXPEAXK0@ZQ6AX0K0@Z@Z 0000000140004a30 f i libucrtd:exit.obj
 0001:00003a30       ??$__crt_fast_encode_pointer@P6AHXZ@@YAP6AHXZQ6AHXZ@Z 0000000140004a30 f i libucrtd:onexit.obj
 0001:00003a70       ?__crt_rotate_pointer_value@@YA_K_KH@Z 0000000140004a70 f i LIBCMTD:utility.obj
 0001:00003bf0       NtCurrentTeb               0000000140004bf0 f i LIBCMTD:utility.obj
 0001:00003c00       __scrt_acquire_startup_lock 0000000140004c00 f   LIBCMTD:utility.obj
 0001:00003c70       __scrt_initialize_crt      0000000140004c70 f   LIBCMTD:utility.obj
 0001:00003cc0       __scrt_initialize_onexit_tables 0000000140004cc0 f   LIBCMTD:utility.obj
 0001:00003dd0       __scrt_is_nonwritable_in_current_image 0000000140004dd0 f   LIBCMTD:utility.obj
 0001:00003e60       __scrt_release_startup_lock 0000000140004e60 f   LIBCMTD:utility.obj
 0001:00003e90       __scrt_uninitialize_crt    0000000140004e90 f   LIBCMTD:utility.obj
 0001:00003ed0       _onexit                    0000000140004ed0 f   LIBCMTD:utility.obj
 0001:00003f60       atexit                     0000000140004f60 f   LIBCMTD:utility.obj
 0001:00004060       __security_init_cookie     0000000140005060 f   LIBCMTD:gs_support.obj
 0001:000040e0       _matherr                   00000001400050e0 f   LIBCMTD:matherr.obj
 0001:000040e0       ?get_current_state_index@__crt_state_management@@YA_KAEBV__crt_scoped_get_last_error_reset@@@Z 00000001400050e0 f   libucrtd:per_thread_data.obj
 0001:000040f0       _get_startup_argv_mode     00000001400050f0 f   LIBCMTD:argv_mode.obj
 0001:00004100       _get_startup_commit_mode   0000000140005100 f   LIBCMTD:commit_mode.obj
 0001:00004100       _get_startup_new_mode      0000000140005100 f   LIBCMTD:new_mode.obj
 0001:00004100       __scrt_exe_initialize_mta  0000000140005100 f   LIBCMTD:utility_desktop.obj
 0001:00004100       __scrt_stub_for_initialize_mta 0000000140005100 f   LIBCMTD:utility_desktop.obj
 0001:00004100       _get_startup_thread_locale_mode 0000000140005100 f   LIBCMTD:thread_locale.obj
 0001:00004100       __scrt_initialize_winrt    0000000140005100 f   LIBCMTD:utility_desktop.obj
 0001:00004100       ?get_current_state_index@__crt_state_management@@YA_KXZ 0000000140005100 f   libucrtd:matherr.obj
 0001:00004100       ?get_invalid_value@__crt_hmodule_traits@@SAPEAUHINSTANCE__@@XZ 0000000140005100 f   libucrtd:exit.obj
 0001:00004110       _get_startup_file_mode     0000000140005110 f   LIBCMTD:file_mode.obj
 0001:00004120       ?__scrt_initialize_type_info@@YAXXZ 0000000140005120 f   LIBCMTD:tncleanup.obj
 0001:00004140       _should_initialize_environment 0000000140005140 f   LIBCMTD:env_mode.obj
 0001:00004150       _initialize_invalid_parameter_handler 0000000140005150 f   LIBCMTD:invalid_parameter_handler.obj
 0001:00004150       ??$__vcrt_va_start_verify_argument_type@QEBD@@YAXXZ 0000000140005150 f   libucrtd:debug_heap.obj
 0001:00004150       _initialize_denormal_control 0000000140005150 f   LIBCMTD:denormal_control.obj
 0001:00004150       ??$__vcrt_va_start_verify_argument_type@QEB_W@@YAXXZ 0000000140005150 f   libucrtd:dbgrpt.obj
 0001:00004160       __local_stdio_printf_options 0000000140005160 f i LIBCMTD:default_local_stdio_options.obj
 0001:00004170       __local_stdio_scanf_options 0000000140005170 f i LIBCMTD:default_local_stdio_options.obj
 0001:00004180       __scrt_initialize_default_local_stdio_options 0000000140005180 f   LIBCMTD:default_local_stdio_options.obj
 0001:000041d0       __scrt_is_user_matherr_present 00000001400051d0 f   LIBCMTD:matherr_detection.obj
 0001:00004200       __scrt_get_dyn_tls_init_callback 0000000140005200 f   LIBCMTD:dyn_tls_init.obj
 0001:00004210       __scrt_get_dyn_tls_dtor_callback 0000000140005210 f   LIBCMTD:dyn_tls_dtor.obj
 0001:00004220       __crt_debugger_hook        0000000140005220 f   LIBCMTD:utility_desktop.obj
 0001:00004230       __scrt_fastfail            0000000140005230 f   LIBCMTD:utility_desktop.obj
 0001:000043d0       __scrt_get_show_window_mode 00000001400053d0 f   LIBCMTD:utility_desktop.obj
 0001:00004430       __scrt_initialize_mta      0000000140005430 f   LIBCMTD:utility_desktop.obj
 0001:00004440       __scrt_is_managed_app      0000000140005440 f   LIBCMTD:utility_desktop.obj
 0001:000044f0       __scrt_set_unhandled_exception_filter 00000001400054f0 f   LIBCMTD:utility_desktop.obj
 0001:00004510       __scrt_unhandled_exception_filter 0000000140005510 f   LIBCMTD:utility_desktop.obj
 0001:00004590       _RTC_Initialize            0000000140005590 f   LIBCMTD:initsect.obj
 0001:000045e0       _RTC_Terminate             00000001400055e0 f   LIBCMTD:initsect.obj
 0001:00004630       ??1?$__crt_simd_cleanup_guard@$0A@@@QEAA@XZ 0000000140005630 f i libucrtd:strnlen.obj
 0001:00004630       _guard_check_icall_nop     0000000140005630 f i LIBCMTD:guard_support.obj
 0001:00004630       ??1scoped_global_state_reset@__crt_state_management@@QEAA@XZ 0000000140005630 f i libucrtd:onexit.obj
 0001:00004640       ?__crt_interlocked_read_64@@YA_JPED_J@Z 0000000140005640 f i libvcruntimed:std_type_info.obj
 0001:00004640       ReadNoFence64              0000000140005640 f i LIBCMTD:guard_support.obj
 0001:00004660       ??$__crt_interlocked_read_pointer@X@@YAPEAXPEDSEAX@Z 0000000140005660 f i libvcruntimed:winapi_downlevel.obj
 0001:00004660       ??$__crt_interlocked_read_pointer@UHINSTANCE__@@@@YAPEAUHINSTANCE__@@PEDSEAU0@@Z 0000000140005660 f i libvcruntimed:winapi_downlevel.obj
 0001:00004660       ReadPointerNoFence         0000000140005660 f i LIBCMTD:guard_support.obj
 0001:00004680       _guard_icall_checks_enforced 0000000140005680 f i LIBCMTD:guard_support.obj
 0001:000046c0       __isa_available_init       00000001400056c0 f   LIBCMTD:cpu_disp.obj
 0001:00004a30       __scrt_is_ucrt_dll_in_use  0000000140005a30 f   LIBCMTD:ucrt_detection.obj
 0001:00004a60       IsProcessorFeaturePresent  0000000140005a60 f   kernel32:KERNEL32.dll
 0001:00004a70       __C_specific_handler       0000000140005a70 f   libvcruntimed:riscchandler.obj
 0001:00004eb0       __vcrt_initialize          0000000140005eb0 f   libvcruntimed:initialization.obj
 0001:00004ef0       __vcrt_uninitialize        0000000140005ef0 f   libvcruntimed:initialization.obj
 0001:00004f20       ??$?RU__vcrt_ptd@@@__crt_internal_free_policy@@QEBAXQEBU__vcrt_ptd@@@Z 0000000140005f20 f i libvcruntimed:per_thread_data.obj
 0001:00004f20       ??$?RU__crt_multibyte_data@@@__crt_internal_free_policy@@QEBAXQEBU__crt_multibyte_data@@@Z 0000000140005f20 f i libucrtd:wsetlocale.obj
 0001:00004f20       ??$?RD@__crt_internal_free_policy@@QEBAXQEBD@Z 0000000140005f20 f i libvcruntimed:std_type_info.obj
 0001:00004f20       ??$?RU__acrt_ptd@@@__crt_internal_free_policy@@QEBAXQEBU__acrt_ptd@@@Z 0000000140005f20 f i libucrtd:per_thread_data.obj
 0001:00004f20       ??$?RU__crt_lowio_handle_data@@@__crt_internal_free_policy@@QEBAXQEBU__crt_lowio_handle_data@@@Z 0000000140005f20 f i libucrtd:osfinfo.obj
 0001:00004f20       ??$?RPEAD@__crt_internal_free_policy@@QEBAXQEBQEAD@Z 0000000140005f20 f i libucrtd:argv_parsing.obj
 0001:00004f20       ??$?RP6AXXZ@__crt_internal_free_policy@@QEBAXQEBQ6AXXZ@Z 0000000140005f20 f i libucrtd:onexit.obj
 0001:00004f20       ??$?RPEAU__crt_stdio_stream_data@@@__crt_internal_free_policy@@QEBAXQEBQEAU__crt_stdio_stream_data@@@Z 0000000140005f20 f i libucrtd:_file.obj
 0001:00004f20       ??$?RE@__crt_internal_free_policy@@QEBAXQEBE@Z 0000000140005f20 f i libucrtd:argv_parsing.obj
 0001:00004f50       ??0?$__crt_unique_handle_t@U__crt_hmodule_traits@@@@QEAA@QEAUHINSTANCE__@@@Z 0000000140005f50 f i libucrtd:exit.obj
 0001:00004f50       ??0?$__crt_unique_heap_ptr@PEAU__crt_stdio_stream_data@@U__crt_internal_free_policy@@@@QEAA@QEAPEAU__crt_stdio_stream_data@@@Z 0000000140005f50 f i libucrtd:_file.obj
 0001:00004f50       ??0?$__crt_unique_heap_ptr@EU__crt_internal_free_policy@@@@QEAA@QEAE@Z 0000000140005f50 f i libucrtd:argv_parsing.obj
 0001:00004f50       ??0?$string_output_adapter@_W@__crt_stdio_output@@QEAA@QEAU?$string_output_adapter_context@_W@1@@Z 0000000140005f50 f i libucrtd:output.obj
 0001:00004f50       ??0?$__crt_scoped_stack_ptr@_W@@QEAA@U?$__crt_scoped_stack_ptr_tag@_W@@@Z 0000000140005f50 f i libucrtd:getstringtypea.obj
 0001:00004f50       ??0?$__crt_unique_heap_ptr@DU__crt_public_free_policy@@@@QEAA@QEAD@Z 0000000140005f50 f i libvcruntimed:std_exception.obj
 0001:00004f50       ??0?$__crt_unique_heap_ptr@U__vcrt_ptd@@U__crt_internal_free_policy@@@@QEAA@QEAU__vcrt_ptd@@@Z 0000000140005f50 f i libvcruntimed:per_thread_data.obj
 0001:00004f50       ??0?$__crt_unique_heap_ptr@U__acrt_ptd@@U__crt_internal_free_policy@@@@QEAA@QEAU__acrt_ptd@@@Z 0000000140005f50 f i libucrtd:per_thread_data.obj
 0001:00004f50       ??0?$__crt_scoped_stack_ptr_tag@_W@@QEAA@QEA_W@Z 0000000140005f50 f i libucrtd:getstringtypea.obj
 0001:00004f50       ??0__crt_stdio_stream@@QEAA@QEAU__crt_stdio_stream_data@@@Z 0000000140005f50 f i libucrtd:fflush.obj
 0001:00004f50       ??0?$__crt_unique_heap_ptr@P6AXXZU__crt_internal_free_policy@@@@QEAA@QEAP6AXXZ@Z 0000000140005f50 f i libucrtd:onexit.obj
 0001:00004f50       ??0?$__crt_unique_heap_ptr@DU__crt_internal_free_policy@@@@QEAA@QEAD@Z 0000000140005f50 f i libvcruntimed:std_type_info.obj
 0001:00004f50       ??0?$__crt_unique_heap_ptr@PEADU__crt_internal_free_policy@@@@QEAA@QEAPEAD@Z 0000000140005f50 f i libucrtd:argv_parsing.obj
 0001:00004f50       ??0?$__crt_unique_heap_ptr@U__crt_lowio_handle_data@@U__crt_internal_free_policy@@@@QEAA@QEAU__crt_lowio_handle_data@@@Z 0000000140005f50 f i libucrtd:osfinfo.obj
 0001:00004f50       ??0?$__crt_unique_heap_ptr@U__crt_multibyte_data@@U__crt_internal_free_policy@@@@QEAA@QEAU__crt_multibyte_data@@@Z 0000000140005f50 f i libucrtd:wsetlocale.obj
 0001:00004f50       ??0?$__crt_unique_handle_t@U__crt_findfile_traits@@@@QEAA@QEAX@Z 0000000140005f50 f i libucrtd:argv_wildcards.obj
 0001:00004f50       ??0__crt_stdio_stream@@QEAA@QEAU_iobuf@@@Z 0000000140005f50 f i libucrtd:output.obj
 0001:00004f50       ??0?$string_output_adapter@D@__crt_stdio_output@@QEAA@QEAU?$string_output_adapter_context@D@1@@Z 0000000140005f50 f i libucrtd:output.obj
 0001:00004f70       ??1?$__crt_unique_heap_ptr@U__crt_lowio_handle_data@@U__crt_internal_free_policy@@@@QEAA@XZ 0000000140005f70 f i libucrtd:osfinfo.obj
 0001:00004f70       ??1?$__crt_unique_heap_ptr@PEADU__crt_internal_free_policy@@@@QEAA@XZ 0000000140005f70 f i libucrtd:argv_parsing.obj
 0001:00004f70       ??1?$__crt_unique_heap_ptr@EU__crt_internal_free_policy@@@@QEAA@XZ 0000000140005f70 f i libucrtd:argv_parsing.obj
 0001:00004f70       ??1?$__crt_unique_heap_ptr@U__crt_multibyte_data@@U__crt_internal_free_policy@@@@QEAA@XZ 0000000140005f70 f i libucrtd:wsetlocale.obj
 0001:00004f70       ??1?$__crt_unique_heap_ptr@PEAU__crt_stdio_stream_data@@U__crt_internal_free_policy@@@@QEAA@XZ 0000000140005f70 f i libucrtd:_file.obj
 0001:00004f70       ??1?$__crt_unique_heap_ptr@P6AXXZU__crt_internal_free_policy@@@@QEAA@XZ 0000000140005f70 f i libucrtd:onexit.obj
 0001:00004f70       ??1?$__crt_unique_heap_ptr@U__acrt_ptd@@U__crt_internal_free_policy@@@@QEAA@XZ 0000000140005f70 f i libucrtd:per_thread_data.obj
 0001:00004f70       ??1?$__crt_unique_heap_ptr@U__vcrt_ptd@@U__crt_internal_free_policy@@@@QEAA@XZ 0000000140005f70 f i libvcruntimed:per_thread_data.obj
 0001:00004f70       ??1?$__crt_unique_heap_ptr@DU__crt_internal_free_policy@@@@QEAA@XZ 0000000140005f70 f i libvcruntimed:std_type_info.obj
 0001:00004f90       ??B?$__crt_unique_heap_ptr@EU__crt_internal_free_policy@@@@QEBA_NXZ 0000000140005f90 f i libucrtd:argv_parsing.obj
 0001:00004f90       ??B?$__crt_unique_heap_ptr@DU__crt_internal_free_policy@@@@QEBA_NXZ 0000000140005f90 f i libvcruntimed:std_type_info.obj
 0001:00004f90       ??B?$__crt_unique_heap_ptr@U__crt_multibyte_data@@U__crt_internal_free_policy@@@@QEBA_NXZ 0000000140005f90 f i libucrtd:wsetlocale.obj
 0001:00004f90       ??B?$__crt_unique_heap_ptr@U__crt_lowio_handle_data@@U__crt_internal_free_policy@@@@QEBA_NXZ 0000000140005f90 f i libucrtd:osfinfo.obj
 0001:00004f90       ??B?$__crt_unique_heap_ptr@U__acrt_ptd@@U__crt_internal_free_policy@@@@QEBA_NXZ 0000000140005f90 f i libucrtd:per_thread_data.obj
 0001:00004f90       ??B?$__crt_unique_heap_ptr@DU__crt_public_free_policy@@@@QEBA_NXZ 0000000140005f90 f i libvcruntimed:std_exception.obj
 0001:00004f90       ??B?$__crt_unique_heap_ptr@U__vcrt_ptd@@U__crt_internal_free_policy@@@@QEBA_NXZ 0000000140005f90 f i libvcruntimed:per_thread_data.obj
 0001:00004fb0       ??C__crt_stdio_stream@@QEBAPEAU__crt_stdio_stream_data@@XZ 0000000140005fb0 f i libucrtd:output.obj
 0001:00004fb0       ?save_state@?$c_string_character_source@_W@__crt_strtox@@QEBAPEB_WXZ 0000000140005fb0 f i libucrtd:atox.obj
 0001:00004fb0       ?get@?$__crt_scoped_stack_ptr@_W@@QEBAPEA_WXZ 0000000140005fb0 f i libucrtd:getstringtypea.obj
 0001:00004fb0       ?get@?$__crt_unique_heap_ptr@U__acrt_ptd@@U__crt_internal_free_policy@@@@QEBAPEAU__acrt_ptd@@XZ 0000000140005fb0 f i libucrtd:per_thread_data.obj
 0001:00004fb0       ?get@?$__crt_unique_heap_ptr@PEADU__crt_internal_free_policy@@@@QEBAPEAPEADXZ 0000000140005fb0 f i libucrtd:argv_parsing.obj
 0001:00004fb0       ?get@?$__crt_unique_heap_ptr@U__vcrt_ptd@@U__crt_internal_free_policy@@@@QEBAPEAU__vcrt_ptd@@XZ 0000000140005fb0 f i libvcruntimed:per_thread_data.obj
 0001:00004fb0       ?getFuncInfo@TryBlockMap@__FrameHandler3@@QEAAPEBU_s_FuncInfo@@XZ 0000000140005fb0 f i libvcruntimed:risctrnsctrl.obj
 0001:00004fb0       ?get@?$__crt_unique_handle_t@U__crt_findfile_traits@@@@QEBAPEAXXZ 0000000140005fb0 f i libucrtd:argv_wildcards.obj
 0001:00004fb0       ?save_state@?$c_string_character_source@D@__crt_strtox@@QEBAPEBDXZ 0000000140005fb0 f i libucrtd:atox.obj
 0001:00004fb0       ?get@?$__crt_unique_heap_ptr@DU__crt_internal_free_policy@@@@QEBAPEADXZ 0000000140005fb0 f i libvcruntimed:std_type_info.obj
 0001:00004fb0       ?get@?$__crt_unique_heap_ptr@U__crt_lowio_handle_data@@U__crt_internal_free_policy@@@@QEBAPEAU__crt_lowio_handle_data@@XZ 0000000140005fb0 f i libucrtd:osfinfo.obj
 0001:00004fb0       ?get@?$__crt_unique_heap_ptr@DU__crt_public_free_policy@@@@QEBAPEADXZ 0000000140005fb0 f i libvcruntimed:std_exception.obj
 0001:00004fb0       ?get@?$__crt_unique_heap_ptr@EU__crt_internal_free_policy@@@@QEBAPEAEXZ 0000000140005fb0 f i libucrtd:argv_parsing.obj
 0001:00004fb0       ?get@?$__crt_unique_heap_ptr@U__crt_multibyte_data@@U__crt_internal_free_policy@@@@QEBAPEAU__crt_multibyte_data@@XZ 0000000140005fb0 f i libucrtd:wsetlocale.obj
 0001:00004fb0       ?get@?$__crt_unique_handle_t@U__crt_hmodule_traits@@@@QEBAPEAUHINSTANCE__@@XZ 0000000140005fb0 f i libucrtd:exit.obj
 0001:00004fb0       ?public_stream@__crt_stdio_stream@@QEBAPEAU_iobuf@@XZ 0000000140005fb0 f i libucrtd:output.obj
 0001:00004fc0       ?is_valid@?$__crt_unique_heap_ptr@U__acrt_ptd@@U__crt_internal_free_policy@@@@QEBA_NXZ 0000000140005fc0 f i libucrtd:per_thread_data.obj
 0001:00004fc0       ?is_valid@?$__crt_unique_heap_ptr@DU__crt_internal_free_policy@@@@QEBA_NXZ 0000000140005fc0 f i libvcruntimed:std_type_info.obj
 0001:00004fc0       ?is_valid@?$__crt_unique_heap_ptr@DU__crt_public_free_policy@@@@QEBA_NXZ 0000000140005fc0 f i libvcruntimed:std_exception.obj
 0001:00004fc0       ??B?$__crt_scoped_stack_ptr@_W@@QEBA_NXZ 0000000140005fc0 f i libucrtd:lcmapstringa.obj
 0001:00004fc0       ?is_valid@?$__crt_unique_heap_ptr@U__crt_multibyte_data@@U__crt_internal_free_policy@@@@QEBA_NXZ 0000000140005fc0 f i libucrtd:wsetlocale.obj
 0001:00004fc0       ?is_valid@?$__crt_unique_heap_ptr@EU__crt_internal_free_policy@@@@QEBA_NXZ 0000000140005fc0 f i libucrtd:argv_parsing.obj
 0001:00004fc0       ?is_valid@?$__crt_unique_heap_ptr@U__crt_lowio_handle_data@@U__crt_internal_free_policy@@@@QEBA_NXZ 0000000140005fc0 f i libucrtd:osfinfo.obj
 0001:00004fc0       ?valid@__crt_stdio_stream@@QEBA_NXZ 0000000140005fc0 f i libucrtd:output.obj
 0001:00004fc0       ?is_valid@?$__crt_unique_heap_ptr@U__vcrt_ptd@@U__crt_internal_free_policy@@@@QEBA_NXZ 0000000140005fc0 f i libvcruntimed:per_thread_data.obj
 0001:00004ff0       ?release@?$__crt_unique_heap_ptr@U__vcrt_ptd@@U__crt_internal_free_policy@@@@QEAAXXZ 0000000140005ff0 f i libvcruntimed:per_thread_data.obj
 0001:00004ff0       ?release@?$__crt_unique_heap_ptr@U__acrt_ptd@@U__crt_internal_free_policy@@@@QEAAXXZ 0000000140005ff0 f i libucrtd:per_thread_data.obj
 0001:00004ff0       ?release@?$__crt_unique_heap_ptr@DU__crt_internal_free_policy@@@@QEAAXXZ 0000000140005ff0 f i libvcruntimed:std_type_info.obj
 0001:00004ff0       ?release@?$__crt_unique_heap_ptr@EU__crt_internal_free_policy@@@@QEAAXXZ 0000000140005ff0 f i libucrtd:argv_parsing.obj
 0001:00004ff0       ?release@?$__crt_unique_heap_ptr@PEADU__crt_internal_free_policy@@@@QEAAXXZ 0000000140005ff0 f i libucrtd:argv_parsing.obj
 0001:00004ff0       ?release@?$__crt_unique_heap_ptr@U__crt_multibyte_data@@U__crt_internal_free_policy@@@@QEAAXXZ 0000000140005ff0 f i libucrtd:wsetlocale.obj
 0001:00004ff0       ?release@?$__crt_unique_heap_ptr@PEAU__crt_stdio_stream_data@@U__crt_internal_free_policy@@@@QEAAXXZ 0000000140005ff0 f i libucrtd:_file.obj
 0001:00004ff0       ?release@?$__crt_unique_heap_ptr@P6AXXZU__crt_internal_free_policy@@@@QEAAXXZ 0000000140005ff0 f i libucrtd:onexit.obj
 0001:00004ff0       ?release@?$__crt_unique_heap_ptr@U__crt_lowio_handle_data@@U__crt_internal_free_policy@@@@QEAAXXZ 0000000140005ff0 f i libucrtd:osfinfo.obj
 0001:00005020       __std_type_info_compare    0000000140006020 f   libvcruntimed:std_type_info.obj
 0001:00005070       _NLG_Notify                0000000140006070 f   libvcruntimed:notify.obj
 0001:00005090       __NLG_Dispatch2            0000000140006090 f   libvcruntimed:notify.obj
 0001:000050a0       __NLG_Return2              00000001400060a0 f   libvcruntimed:notify.obj
 0001:000050b0       __except_validate_context_record 00000001400060b0 f   libvcruntimed:jbcxrval.obj
 0001:00005110       __DestructExceptionObject  0000000140006110 f   libvcruntimed:ehhelpers.obj
 0001:00005210       ?_CallMemberFunction0@@YAXQEAX0@Z 0000000140006210 f i libvcruntimed:ehhelpers.obj
 0001:00005240       _IsExceptionObjectToBeDestroyed 0000000140006240 f   libvcruntimed:ehhelpers.obj
 0001:00005290       __AdjustPointer            0000000140006290 f   libvcruntimed:ehhelpers.obj
 0001:00005310       __FrameUnwindFilter        0000000140006310 f   libvcruntimed:ehhelpers.obj
 0001:000053e0       ?detach@?$__crt_unique_heap_ptr@U__crt_multibyte_data@@U__crt_internal_free_policy@@@@QEAAPEAU__crt_multibyte_data@@XZ 00000001400063e0 f i libucrtd:wsetlocale.obj
 0001:000053e0       ?detach@?$__crt_unique_heap_ptr@PEAU__crt_stdio_stream_data@@U__crt_internal_free_policy@@@@QEAAPEAPEAU__crt_stdio_stream_data@@XZ 00000001400063e0 f i libucrtd:_file.obj
 0001:000053e0       ?detach@?$__crt_unique_heap_ptr@EU__crt_internal_free_policy@@@@QEAAPEAEXZ 00000001400063e0 f i libucrtd:argv_parsing.obj
 0001:000053e0       ?detach@?$__crt_unique_heap_ptr@PEADU__crt_internal_free_policy@@@@QEAAPEAPEADXZ 00000001400063e0 f i libucrtd:argv_parsing.obj
 0001:000053e0       ?detach@?$__crt_unique_heap_ptr@U__crt_lowio_handle_data@@U__crt_internal_free_policy@@@@QEAAPEAU__crt_lowio_handle_data@@XZ 00000001400063e0 f i libucrtd:osfinfo.obj
 0001:000053e0       ?detach@?$__crt_unique_heap_ptr@U__acrt_ptd@@U__crt_internal_free_policy@@@@QEAAPEAU__acrt_ptd@@XZ 00000001400063e0 f i libucrtd:per_thread_data.obj
 0001:000053e0       ?detach@?$__crt_unique_heap_ptr@P6AXXZU__crt_internal_free_policy@@@@QEAAPEAP6AXXZXZ 00000001400063e0 f i libucrtd:onexit.obj
 0001:000053e0       ?detach@?$__crt_unique_heap_ptr@U__vcrt_ptd@@U__crt_internal_free_policy@@@@QEAAPEAU__vcrt_ptd@@XZ 00000001400063e0 f i libvcruntimed:per_thread_data.obj
 0001:000053e0       ?detach@?$__crt_unique_heap_ptr@DU__crt_public_free_policy@@@@QEAAPEADXZ 00000001400063e0 f i libvcruntimed:std_exception.obj
 0001:00005460       __vcrt_freefls             0000000140006460 f   libvcruntimed:per_thread_data.obj
 0001:000054a0       __vcrt_getptd              00000001400064a0 f   libvcruntimed:per_thread_data.obj
 0001:000054d0       __vcrt_getptd_noexit       00000001400064d0 f   libvcruntimed:per_thread_data.obj
 0001:00005670       __vcrt_initialize_ptd      0000000140006670 f   libvcruntimed:per_thread_data.obj
 0001:000056c0       __vcrt_uninitialize_ptd    00000001400066c0 f   libvcruntimed:per_thread_data.obj
 0001:000056f0       __vcrt_initialize_locks    00000001400066f0 f   libvcruntimed:locks.obj
 0001:00005760       __vcrt_uninitialize_locks  0000000140006760 f   libvcruntimed:locks.obj
 0001:000057c0       ??$?BX@__crt_fast_encoded_nullptr_t@@QEBAPEAXXZ 00000001400067c0 f i libvcruntimed:winapi_downlevel.obj
 0001:000057c0       ??$?B$$A6AXPEAXK0@Z@__crt_fast_encoded_nullptr_t@@QEBAP6AXPEAXK0@ZXZ 00000001400067c0 f i libucrtd:exit.obj
 0001:000057c0       ??$?B$$A6AXXZ@__crt_fast_encoded_nullptr_t@@QEBAP6AXXZXZ 00000001400067c0 f i libvcruntimed:purevirt_data.obj
 0001:000057c0       ??$?BP6AXXZ@__crt_fast_encoded_nullptr_t@@QEBAPEAP6AXXZXZ 00000001400067c0 f i libucrtd:onexit.obj
 0001:000057c0       ??$?B$$A6AXH@Z@__crt_fast_encoded_nullptr_t@@QEBAP6AXH@ZXZ 00000001400067c0 f i libucrtd:signal.obj
 0001:000057e0       ??$__crt_interlocked_exchange_pointer@XPEAX@@YAPEAXPEDSEAXQEAX@Z 00000001400067e0 f i libvcruntimed:winapi_downlevel.obj
 0001:000057e0       ??$__crt_interlocked_exchange_pointer@UHINSTANCE__@@PEAU1@@@YAPEAUHINSTANCE__@@PEDSEAU0@QEAU0@@Z 00000001400067e0 f i libvcruntimed:winapi_downlevel.obj
 0001:000057e0       ??$__crt_interlocked_exchange_pointer@UHINSTANCE__@@PEAX@@YAPEAUHINSTANCE__@@PEDSEAU0@QEAX@Z 00000001400067e0 f i libvcruntimed:winapi_downlevel.obj
 0001:00005800       ?__crt_fast_encode_pointer@@YA?AU__crt_fast_encoded_nullptr_t@@$$T@Z 0000000140006800 f i libvcruntimed:winapi_downlevel.obj
 0001:00005820       ?get_invalid_value@__crt_findfile_traits@@SAPEAXXZ 0000000140006820 f   libucrtd:argv_wildcards.obj
 0001:00005d60       __vcrt_FlsAlloc            0000000140006d60 f   libvcruntimed:winapi_downlevel.obj
 0001:00005db0       __vcrt_FlsFree             0000000140006db0 f   libvcruntimed:winapi_downlevel.obj
 0001:00005e00       __vcrt_FlsGetValue         0000000140006e00 f   libvcruntimed:winapi_downlevel.obj
 0001:00005e50       __vcrt_FlsSetValue         0000000140006e50 f   libvcruntimed:winapi_downlevel.obj
 0001:00005eb0       __vcrt_InitializeCriticalSectionEx 0000000140006eb0 f   libvcruntimed:winapi_downlevel.obj
 0001:00005f10       __vcrt_initialize_winapi_thunks 0000000140006f10 f   libvcruntimed:winapi_downlevel.obj
 0001:00005f90       __vcrt_uninitialize_winapi_thunks 0000000140006f90 f   libvcruntimed:winapi_downlevel.obj
 0001:00006030       __vcrt_initialize_pure_virtual_call_handler 0000000140007030 f   libvcruntimed:purevirt_data.obj
 0001:00006060       _vsprintf_s_l              0000000140007060 f i libvcruntimed:undname.obj
 0001:000060d0       sprintf_s                  00000001400070d0 f i libvcruntimed:undname.obj
 0001:00006140       memcpy_repmovs             0000000140007140 f   libvcruntimed:memcpy.obj
 0001:00006160       memmove                    0000000140007160 f   libvcruntimed:memcpy.obj
 0001:00006160       memcpy                     0000000140007160 f   libvcruntimed:memcpy.obj
 0001:000065a0       ??$?0AEAViterator@TryBlockMap@__FrameHandler3@@AEAV012@$0A@@?$pair@Viterator@TryBlockMap@__FrameHandler3@@V123@@std@@QEAA@AEAViterator@TryBlockMap@__FrameHandler3@@0@Z 00000001400075a0 f i libvcruntimed:risctrnsctrl.obj
 0001:000066b0       ??$_CallSETranslator@V__FrameHandler3@@@@YAHPEAUEHExceptionRecord@@PEA_KPEAU_CONTEXT@@PEAU_xDISPATCHER_CONTEXT@@PEBU_s_FuncInfo@@K1@Z 00000001400076b0 f i libvcruntimed:risctrnsctrl.obj
 0001:00006730       ?debug_info@?$__crt_win32_buffer@DU__crt_win32_buffer_internal_dynamic_resizing@@@@QEBAAEBV__crt_win32_buffer_empty_debug_info@@XZ 0000000140007730 f i libucrtd:argv_wildcards.obj
 0001:00006730       ??$forward@AEAViterator@TryBlockMap@__FrameHandler3@@@std@@YAAEAViterator@TryBlockMap@__FrameHandler3@@AEAV123@@Z 0000000140007730 f i libvcruntimed:risctrnsctrl.obj
 0001:00006730       ?dangerous_get_state_array@?$dual_state_global@PEAE@__crt_state_management@@QEAAPEAPEAEXZ 0000000140007730 f i libucrtd:mbctype.obj
 0001:00006730       ?dangerous_get_state_array@?$dual_state_global@PEAU__crt_multibyte_data@@@__crt_state_management@@QEAAPEAPEAU__crt_multibyte_data@@XZ 0000000140007730 f i libucrtd:mbctype.obj
 0001:00006730       ?get_address_of@?$__crt_unique_handle_t@U__crt_hmodule_traits@@@@QEAAPEAPEAUHINSTANCE__@@XZ 0000000140007730 f i libucrtd:exit.obj
 0001:00006730       ?dangerous_get_state_array@?$dual_state_global@PEAU__crt_locale_data@@@__crt_state_management@@QEAAPEAPEAU__crt_locale_data@@XZ 0000000140007730 f i libucrtd:per_thread_data.obj
 0001:00006730       ?get_address_of@?$__crt_unique_heap_ptr@PEADU__crt_internal_free_policy@@@@QEAAPEAPEAPEADXZ 0000000140007730 f i libucrtd:argv_parsing.obj
 0001:00006730       ?dangerous_get_state_array@?$dual_state_global@P6AXPEB_W00I_K@Z@__crt_state_management@@QEAAPEAP6AXPEB_W00I_K@ZXZ 0000000140007730 f i libucrtd:invalid_parameter.obj
 0001:00006730       ?debug_info@?$__crt_win32_buffer@_WU__crt_win32_buffer_internal_dynamic_resizing@@@@QEBAAEBV__crt_win32_buffer_empty_debug_info@@XZ 0000000140007730 f i libucrtd:argv_wildcards.obj
 0001:00006730       ?debug_info@?$__crt_win32_buffer@DU__crt_win32_buffer_no_resizing@@@@QEBAAEBV__crt_win32_buffer_empty_debug_info@@XZ 0000000140007730 f i libucrtd:getmodulefilenamea.obj
 0001:00006740       ??0iterator@TryBlockMap@__FrameHandler3@@QEAA@AEAV12@I@Z 0000000140007740 f i libvcruntimed:risctrnsctrl.obj
 0001:00006740       ??0iterator@HandlerMap@__FrameHandler3@@QEAA@AEAV12@I@Z 0000000140007740 f i libvcruntimed:frame.obj
 0001:00006770       ?CatchTryBlock@__FrameHandler3@@SAPEBU_s_TryBlockMapEntry@@PEBU_s_FuncInfo@@H@Z 0000000140007770 f   libvcruntimed:risctrnsctrl.obj
 0001:00006810       ?ExecutionInCatch@__FrameHandler3@@SA_NPEAU_xDISPATCHER_CONTEXT@@PEBU_s_FuncInfo@@@Z 0000000140007810 f   libvcruntimed:risctrnsctrl.obj
 0001:00006860       ?FrameUnwindToEmptyState@__FrameHandler3@@SAXPEA_KPEAU_xDISPATCHER_CONTEXT@@PEBU_s_FuncInfo@@@Z 0000000140007860 f   libvcruntimed:risctrnsctrl.obj
 0001:00006900       ?GetEstablisherFrame@__FrameHandler3@@SAPEA_KPEA_KPEAU_xDISPATCHER_CONTEXT@@PEBU_s_FuncInfo@@0@Z 0000000140007900 f   libvcruntimed:risctrnsctrl.obj
 0001:00006a70       ?GetRangeOfTrysToCheck@__FrameHandler3@@SA?AU?$pair@Viterator@TryBlockMap@__FrameHandler3@@V123@@std@@AEAVTryBlockMap@1@HH@Z 0000000140007a70 f   libvcruntimed:risctrnsctrl.obj
 0001:00006cc0       ?UnwindNestedFrames@__FrameHandler3@@SAXPEA_KPEAUEHExceptionRecord@@PEAU_CONTEXT@@0PEAXPEBU_s_FuncInfo@@HHPEBU_s_HandlerType@@PEAU_xDISPATCHER_CONTEXT@@E@Z 0000000140007cc0 f   libvcruntimed:risctrnsctrl.obj
 0001:00006e30       ?getpDC@TryBlockMap@__FrameHandler3@@QEAAPEAU_xDISPATCHER_CONTEXT@@XZ 0000000140007e30 f i libvcruntimed:risctrnsctrl.obj
 0001:00006e40       _CreateFrameInfo           0000000140007e40 f   libvcruntimed:risctrnsctrl.obj
 0001:00006eb0       _FindAndUnlinkFrame        0000000140007eb0 f   libvcruntimed:risctrnsctrl.obj
 0001:00006f30       _GetImageBase              0000000140007f30 f   libvcruntimed:risctrnsctrl.obj
 0001:00006f50       _GetThrowImageBase         0000000140007f50 f   libvcruntimed:risctrnsctrl.obj
 0001:00006f70       _SetImageBase              0000000140007f70 f   libvcruntimed:risctrnsctrl.obj
 0001:00006f90       _SetThrowImageBase         0000000140007f90 f   libvcruntimed:risctrnsctrl.obj
 0001:00006fb0       __CxxFrameHandler3         0000000140007fb0 f   libvcruntimed:risctrnsctrl.obj
 0001:00007070       ?GetCurrentState@__FrameHandler3@@SAHPEA_KPEAU_xDISPATCHER_CONTEXT@@PEBU_s_FuncInfo@@@Z 0000000140008070 f   libvcruntimed:ehstate.obj
 0001:000070d0       ?GetUnwindTryBlock@__FrameHandler3@@SAHPEA_KPEAU_xDISPATCHER_CONTEXT@@PEBU_s_FuncInfo@@@Z 00000001400080d0 f   libvcruntimed:ehstate.obj
 0001:00007120       ?SetState@__FrameHandler3@@SAXPEA_KPEBU_s_FuncInfo@@H@Z 0000000140008120 f   libvcruntimed:ehstate.obj
 0001:00007150       ?SetUnwindTryBlock@__FrameHandler3@@SAXPEA_KPEAU_xDISPATCHER_CONTEXT@@PEBU_s_FuncInfo@@H@Z 0000000140008150 f   libvcruntimed:ehstate.obj
 0001:000071c0       ?StateFromControlPc@__FrameHandler3@@SAHPEBU_s_FuncInfo@@PEAU_xDISPATCHER_CONTEXT@@@Z 00000001400081c0 f   libvcruntimed:ehstate.obj
 0001:00007200       ?StateFromIp@__FrameHandler3@@SAHPEBU_s_FuncInfo@@PEAU_xDISPATCHER_CONTEXT@@_K@Z 0000000140008200 f   libvcruntimed:ehstate.obj
 0001:00008450       ??$TypeMatchHelper@$$CBU_s_HandlerType@@@@YAHPEBU_s_HandlerType@@PEBU_s_CatchableType@@PEBU_s_ThrowInfo@@@Z 0000000140009450 f i libvcruntimed:frame.obj
 0001:00008640       ??$__InternalCxxFrameHandler@V__FrameHandler3@@@@YA?AW4_EXCEPTION_DISPOSITION@@PEAUEHExceptionRecord@@PEA_KPEAU_CONTEXT@@PEAU_xDISPATCHER_CONTEXT@@PEBU_s_FuncInfo@@H1E@Z 0000000140009640 f i libvcruntimed:frame.obj
 0001:00008ac0       ??0HandlerMap@__FrameHandler3@@QEAA@PEBU_s_TryBlockMapEntry@@PEAU_xDISPATCHER_CONTEXT@@@Z 0000000140009ac0 f i libvcruntimed:frame.obj
 0001:00008b00       ??0TryBlockMap@__FrameHandler3@@QEAA@PEBU_s_FuncInfo@@PEAU_xDISPATCHER_CONTEXT@@@Z 0000000140009b00 f i libvcruntimed:frame.obj
 0001:00008b30       ??0bad_exception@std@@QEAA@AEBV01@@Z 0000000140009b30 f i libvcruntimed:frame.obj
 0001:00008b70       ??0bad_exception@std@@QEAA@XZ 0000000140009b70 f i libvcruntimed:frame.obj
 0001:00008bb0       ??0exception@std@@QEAA@AEBV01@@Z 0000000140009bb0 f i libvcruntimed:frame.obj
 0001:00008c10       ??0exception@std@@QEAA@QEBDH@Z 0000000140009c10 f i libvcruntimed:frame.obj
 0001:00008c60       ??1bad_exception@std@@UEAA@XZ 0000000140009c60 f i libvcruntimed:frame.obj
 0001:00008c80       ??1exception@std@@UEAA@XZ  0000000140009c80 f i libvcruntimed:frame.obj
 0001:00008cb0       ??8iterator@HandlerMap@__FrameHandler3@@QEBA_NAEBV012@@Z 0000000140009cb0 f i libvcruntimed:frame.obj
 0001:00008cf0       ??8type_info@@QEBA_NAEBV0@@Z 0000000140009cf0 f i libvcruntimed:frame.obj
 0001:00008d40       ??9iterator@HandlerMap@__FrameHandler3@@QEBA_NAEBV012@@Z 0000000140009d40 f i libvcruntimed:frame.obj
 0001:00008d80       ??Diterator@HandlerMap@__FrameHandler3@@QEAAPEBU_s_HandlerType@@XZ 0000000140009d80 f i libvcruntimed:frame.obj
 0001:00008db0       ??Diterator@TryBlockMap@__FrameHandler3@@QEAAPEBU_s_TryBlockMapEntry@@XZ 0000000140009db0 f i libvcruntimed:frame.obj
 0001:00008df0       ??Eiterator@HandlerMap@__FrameHandler3@@QEAAAEAV012@XZ 0000000140009df0 f i libvcruntimed:frame.obj
 0001:00008df0       ??Eiterator@TryBlockMap@__FrameHandler3@@QEAAAEAV012@XZ 0000000140009df0 f i libvcruntimed:frame.obj
 0001:00008e10       ??Miterator@TryBlockMap@__FrameHandler3@@QEBA_NAEBV012@@Z 0000000140009e10 f i libvcruntimed:frame.obj
 0001:00008e50       ??_Gbad_exception@std@@UEAAPEAXI@Z 0000000140009e50 f i libvcruntimed:frame.obj
 0001:00008e50       ??_Ebad_exception@std@@UEAAPEAXI@Z 0000000140009e50 f i libvcruntimed:frame.obj
 0001:00008e90       ??_Gexception@std@@UEAAPEAXI@Z 0000000140009e90 f i libvcruntimed:frame.obj
 0001:00008e90       ??_Eexception@std@@UEAAPEAXI@Z 0000000140009e90 f i libvcruntimed:frame.obj
 0001:00008ed0       ?BuildCatchObject@__FrameHandler3@@SAXPEAUEHExceptionRecord@@PEAXPEBU_s_HandlerType@@PEBU_s_CatchableType@@@Z 0000000140009ed0 f   libvcruntimed:frame.obj
 0001:00008f10       ?CxxCallCatchBlock@__FrameHandler3@@SAPEAXPEAU_EXCEPTION_RECORD@@@Z 0000000140009f10 f   libvcruntimed:frame.obj
 0001:00009270       ?FrameUnwindToState@__FrameHandler3@@SAXPEA_KPEAU_xDISPATCHER_CONTEXT@@PEBU_s_FuncInfo@@H@Z 000000014000a270 f   libvcruntimed:frame.obj
 0001:00009500       ?GetHandlerSearchState@__FrameHandler3@@SAHPEA_KPEAU_xDISPATCHER_CONTEXT@@PEBU_s_FuncInfo@@@Z 000000014000a500 f i libvcruntimed:frame.obj
 0001:000095b0       ?GetMaxState@__FrameHandler3@@SAHPEAU_xDISPATCHER_CONTEXT@@PEBU_s_FuncInfo@@@Z 000000014000a5b0 f i libvcruntimed:frame.obj
 0001:000097e0       ?TypeMatch@__FrameHandler3@@SAHPEBU_s_HandlerType@@PEBU_s_CatchableType@@PEBU_s_ThrowInfo@@@Z 000000014000a7e0 f   libvcruntimed:frame.obj
 0001:000097e0       __TypeMatch                000000014000a7e0 f   libvcruntimed:frame.obj
 0001:00009810       ?_CallMemberFunction1@@YAXQEAX00@Z 000000014000a810 f i libvcruntimed:frame.obj
 0001:00009840       ?_CallMemberFunction2@@YAXQEAX00H@Z 000000014000a840 f i libvcruntimed:frame.obj
 0001:00009880       ?_ValidateExecute@@YA_NP6A_JXZ@Z 000000014000a880 f i libvcruntimed:frame.obj
 0001:000098a0       ?_ValidateRead@@YA_NPEBXI@Z 000000014000a8a0 f i libvcruntimed:frame.obj
 0001:000098a0       ?_ValidateWrite@@YA_NPEAXI@Z 000000014000a8a0 f i libvcruntimed:frame.obj
 0001:00009900       ?begin@HandlerMap@__FrameHandler3@@QEAA?AViterator@12@XZ 000000014000a900 f i libvcruntimed:frame.obj
 0001:00009930       ?end@HandlerMap@__FrameHandler3@@QEAA?AViterator@12@XZ 000000014000a930 f i libvcruntimed:frame.obj
 0001:00009960       ?getESTypes@__FrameHandler3@@SAPEBU_s_ESTypeList@@PEBU_s_FuncInfo@@@Z 000000014000a960 f i libvcruntimed:frame.obj
 0001:000099a0       ?getLastEntry@HandlerMap@__FrameHandler3@@QEAAPEBU_s_HandlerType@@XZ 000000014000a9a0 f i libvcruntimed:frame.obj
 0001:000099c0       ?getMagicNum@__FrameHandler3@@SAIPEBU_s_FuncInfo@@@Z 000000014000a9c0 f i libvcruntimed:frame.obj
 0001:000099e0       ?getNumTryBlocks@TryBlockMap@__FrameHandler3@@QEAAIXZ 000000014000a9e0 f i libvcruntimed:frame.obj
 0001:00009a00       ?isEHs@__FrameHandler3@@SA_NPEBU_s_FuncInfo@@@Z 000000014000aa00 f i libvcruntimed:frame.obj
 0001:00009a40       ?isNoExcept@__FrameHandler3@@SA_NPEBU_s_FuncInfo@@@Z 000000014000aa40 f i libvcruntimed:frame.obj
 0001:00009a80       ?what@exception@std@@UEBAPEBDXZ 000000014000aa80 f i libvcruntimed:frame.obj
 0001:00009ac0       __vcrt_EncodePointer       000000014000aac0 f i libvcruntimed:frame.obj
 0001:00009af0       memset_repmovs             000000014000aaf0 f   libvcruntimed:memset.obj
 0001:00009b10       memset                     000000014000ab10 f   libvcruntimed:memset.obj
 0001:00009cb0       _CallSettingFrame          000000014000acb0 f   libvcruntimed:handlers.obj
 0001:00009d00       _CallSettingFrameEncoded   000000014000ad00 f   libvcruntimed:handlers.obj
 0001:00009d50       ??$?RD@__crt_public_free_policy@@QEBAXQEBD@Z 000000014000ad50 f i libvcruntimed:std_exception.obj
 0001:00009d70       ??1?$__crt_unique_heap_ptr@DU__crt_public_free_policy@@@@QEAA@XZ 000000014000ad70 f i libvcruntimed:std_exception.obj
 0001:00009d90       ?release@?$__crt_unique_heap_ptr@DU__crt_public_free_policy@@@@QEAAXXZ 000000014000ad90 f i libvcruntimed:std_exception.obj
 0001:00009dc0       __std_exception_copy       000000014000adc0 f   libvcruntimed:std_exception.obj
 0001:00009ef0       __std_exception_destroy    000000014000aef0 f   libvcruntimed:std_exception.obj
 0001:00009f30       _CxxThrowException         000000014000af30 f   libvcruntimed:throw.obj
 0001:0000a0f0       _seh_filter_exe            000000014000b0f0 f   libucrtd:exception_filter.obj
 0001:0000a560       __acrt_report_runtime_error 000000014000b560 f   libucrtd:report_runtime_error.obj
 0001:0000a7e0       _invoke_watson_if_error    000000014000b7e0 f i libucrtd:report_runtime_error.obj
 0001:0000a830       _query_app_type            000000014000b830 f   libucrtd:report_runtime_error.obj
 0001:0000a840       _set_app_type              000000014000b840 f   libucrtd:report_runtime_error.obj
 0001:0000a850       ?initialize@?$dual_state_global@PEAU__crt_locale_data@@@__crt_state_management@@QEAAXQEAU__crt_locale_data@@@Z 000000014000b850 f i libucrtd:initialization.obj
 0001:0000a850       ?initialize@?$dual_state_global@P6AHPEAU_exception@@@Z@__crt_state_management@@QEAAXQ6AHPEAU_exception@@@Z@Z 000000014000b850 f i libucrtd:matherr.obj
 0001:0000a850       ?initialize@?$dual_state_global@P6AXH@Z@__crt_state_management@@QEAAXQ6AXH@Z@Z 000000014000b850 f i libucrtd:signal.obj
 0001:0000a850       ?initialize@?$dual_state_global@P6AH_K@Z@__crt_state_management@@QEAAXQ6AH_K@Z@Z 000000014000b850 f i libucrtd:new_handler.obj
 0001:0000a850       ?initialize@?$dual_state_global@PEAU__crt_multibyte_data@@@__crt_state_management@@QEAAXQEAU__crt_multibyte_data@@@Z 000000014000b850 f i libucrtd:mbctype.obj
 0001:0000a8a0       ?value@?$dual_state_global@PEAE@__crt_state_management@@QEAAAEAPEAEXZ 000000014000b8a0 f i libucrtd:mbctype.obj
 0001:0000a8a0       ?value@?$dual_state_global@P6AH_K@Z@__crt_state_management@@QEAAAEAP6AH_K@ZXZ 000000014000b8a0 f i libucrtd:new_handler.obj
 0001:0000a8a0       ?value@?$dual_state_global@PEAU__crt_locale_data@@@__crt_state_management@@QEAAAEAPEAU__crt_locale_data@@XZ 000000014000b8a0 f i libucrtd:wsetlocale.obj
 0001:0000a8a0       ?value@?$dual_state_global@P6AXH@Z@__crt_state_management@@QEAAAEAP6AXH@ZXZ 000000014000b8a0 f i libucrtd:signal.obj
 0001:0000a8a0       ?value@?$dual_state_global@PEAU__crt_multibyte_data@@@__crt_state_management@@QEAAAEAPEAU__crt_multibyte_data@@XZ 000000014000b8a0 f i libucrtd:mbctype.obj
 0001:0000a8a0       ?value@?$dual_state_global@P6AXPEB_W00I_K@Z@__crt_state_management@@QEAAAEAP6AXPEB_W00I_K@ZXZ 000000014000b8a0 f i libucrtd:invalid_parameter.obj
 0001:0000a8a0       ?value@?$dual_state_global@P6AHPEAU_exception@@@Z@__crt_state_management@@QEAAAEAP6AHPEAU_exception@@@ZXZ 000000014000b8a0 f i libucrtd:matherr.obj
 0001:0000a8c0       __acrt_has_user_matherr    000000014000b8c0 f   libucrtd:matherr.obj
 0001:0000a900       __acrt_initialize_user_matherr 000000014000b900 f   libucrtd:matherr.obj
 0001:0000a920       __acrt_invoke_user_matherr 000000014000b920 f   libucrtd:matherr.obj
 0001:0000a970       __setusermatherr           000000014000b970 f   libucrtd:matherr.obj
 0001:0000ad40       ??$get_module_file_name@AEAPEAUHINSTANCE__@@AEAY0BAF@DK@?$__crt_char_traits@D@@SAKAEAPEAUHINSTANCE__@@AEAY0BAF@D$$QEAK@Z 000000014000bd40 f i libucrtd:dbgrpt.obj
 0001:0000ad40       ??$get_module_file_name@$$TAEAY0BAF@DH@?$__crt_char_traits@D@@SAK$$QEA$$TAEAY0BAF@D$$QEAH@Z 000000014000bd40 f i libucrtd:argv_parsing.obj
 0001:0000b210       ??$set_program_name@PEAD@?$__crt_char_traits@D@@SAX$$QEAPEAD@Z 000000014000c210 f i libucrtd:argv_parsing.obj
 0001:0000b340       __acrt_allocate_buffer_for_argv 000000014000c340 f   libucrtd:argv_parsing.obj
 0001:0000b460       _configure_narrow_argv     000000014000c460 f   libucrtd:argv_parsing.obj
 0001:0000b480       _set_pgmptr                000000014000c480 f i libucrtd:argv_parsing.obj
 0001:0000b6b0       ??$tcslen@AEAPEAD@?$__crt_char_traits@D@@SA_KAEAPEAD@Z 000000014000c6b0 f i libucrtd:environment_initialization.obj
 0001:0000b6fc       ??B?$__crt_unique_heap_ptr@PEADU__crt_internal_free_policy@@@@QEBA_NXZ 000000014000c6fc f i libucrtd:environment_initialization.obj
 0001:0000b704       ?detach@?$__crt_unique_heap_ptr@DU__crt_internal_free_policy@@@@QEAAPEADXZ 000000014000c704 f i libucrtd:environment_initialization.obj
 0001:0000b70c       __dcrt_uninitialize_environments_nolock 000000014000c70c f   libucrtd:environment_initialization.obj
 0001:0000b744       _initialize_narrow_environment 000000014000c744 f   libucrtd:environment_initialization.obj
 0001:0000b890       _get_narrow_winmain_command_line 000000014000c890 f   libucrtd:argv_winmain.obj
 0001:0000b8a0       _initterm                  000000014000c8a0 f   libucrtd:initterm.obj
 0001:0000b900       _initterm_e                000000014000c900 f   libucrtd:initterm.obj
 0001:0000ba10       ??$__crt_get_proc_address@P6AXI@Z@@YAP6AXI@ZQEAUHINSTANCE__@@QEBD@Z 000000014000ca10 f i libucrtd:exit.obj
 0001:0000ba40       ??$__crt_interlocked_read@J@@YAJPEDJ@Z 000000014000ca40 f i libucrtd:exit.obj
 0001:0000bad0       ??1?$__crt_unique_handle_t@U__crt_hmodule_traits@@@@QEAA@XZ 000000014000cad0 f i libucrtd:exit.obj
 0001:0000bc30       ?__acrt_select_exit_lock@@YA?AW4__acrt_lock_id@@XZ 000000014000cc30 f i libucrtd:exit.obj
 0001:0000bc40       ?__crt_interlocked_read_32@@YAHPEDH@Z 000000014000cc40 f i libucrtd:exit.obj
 0001:0000bc80       ?close@?$__crt_unique_handle_t@U__crt_hmodule_traits@@@@QEAAXXZ 000000014000cc80 f i libucrtd:exit.obj
 0001:0000bcc0       ?close@__crt_hmodule_traits@@SA_NPEAUHINSTANCE__@@@Z 000000014000ccc0 f i libucrtd:exit.obj
 0001:0000bf80       __acrt_initialize_thread_local_exit_callback 000000014000cf80 f   libucrtd:exit.obj
 0001:0000bfa0       _c_exit                    000000014000cfa0 f   libucrtd:exit.obj
 0001:0000bfc0       _cexit                     000000014000cfc0 f   libucrtd:exit.obj
 0001:0000bfe0       _exit                      000000014000cfe0 f   libucrtd:exit.obj
 0001:0000c000       _register_thread_local_exe_atexit_callback 000000014000d000 f   libucrtd:exit.obj
 0001:0000c050       exit                       000000014000d050 f   libucrtd:exit.obj
 0001:0000c070       ?value@?$dual_state_global@H@__crt_state_management@@QEAAAEAHXZ 000000014000d070 f i libucrtd:setmode.obj
 0001:0000c070       ?value@?$dual_state_global@J@__crt_state_management@@QEAAAEAJXZ 000000014000d070 f i libucrtd:new_mode.obj
 0001:0000c090       _set_fmode                 000000014000d090 f   libucrtd:setmode.obj
 0001:0000c2d0       __acrt_set_locale_changed  000000014000d2d0 f   libucrtd:wsetlocale.obj
 0001:0000c2e0       __acrt_uninitialize_locale 000000014000d2e0 f   libucrtd:wsetlocale.obj
 0001:0000c310       _configthreadlocale        000000014000d310 f   libucrtd:wsetlocale.obj
 0001:0000c470       _query_new_mode            000000014000d470 f   libucrtd:new_mode.obj
 0001:0000c490       _set_new_mode              000000014000d490 f   libucrtd:new_mode.obj
 0001:0000c560       __p__commode               000000014000d560 f   libucrtd:ncommode.obj
 0001:0000cbf0       _crt_atexit                000000014000dbf0 f   libucrtd:onexit.obj
 0001:0000cc10       _execute_onexit_table      000000014000dc10 f   libucrtd:onexit.obj
 0001:0000cc50       _initialize_onexit_table   000000014000dc50 f   libucrtd:onexit.obj
 0001:0000ccd0       _register_onexit_function  000000014000dcd0 f   libucrtd:onexit.obj
 0001:0000cd60       __acrt_uninitialize_command_line 000000014000dd60 f   libucrtd:argv_data.obj
 0001:0000cfc0       __acrt_initialize          000000014000dfc0 f   libucrtd:initialization.obj
 0001:0000cff0       __acrt_uninitialize        000000014000dff0 f   libucrtd:initialization.obj
 0001:0000d020       terminate                  000000014000e020 f   libucrtd:terminate.obj
 0001:0000d060       ??0_LocaleUpdate@@QEAA@QEAU__crt_locale_pointers@@@Z 000000014000e060 f i libucrtd:debug_heap.obj
 0001:0000d180       ??1_LocaleUpdate@@QEAA@XZ  000000014000e180 f i libucrtd:debug_heap.obj
 0001:0000d1c0       ?GetLocaleT@_LocaleUpdate@@QEAAPEAU__crt_locale_pointers@@XZ 000000014000e1c0 f i libucrtd:debug_heap.obj
 0001:0000f190       _CrtCheckMemory            0000000140010190 f   libucrtd:debug_heap.obj
 0001:0000f320       _CrtDumpMemoryLeaks        0000000140010320 f   libucrtd:debug_heap.obj
 0001:0000f3e0       _CrtIsValidHeapPointer     00000001400103e0 f   libucrtd:debug_heap.obj
 0001:0000f420       _CrtIsValidPointer         0000000140010420 f   libucrtd:debug_heap.obj
 0001:0000f460       _CrtMemCheckpoint          0000000140010460 f   libucrtd:debug_heap.obj
 0001:0000f6e0       _CrtMemDumpAllObjectsSince 00000001400106e0 f   libucrtd:debug_heap.obj
 0001:0000f740       _CrtSetDbgFlag             0000000140010740 f   libucrtd:debug_heap.obj
 0001:0000f8a0       _CrtSetDumpClient          00000001400108a0 f   libucrtd:debug_heap.obj
 0001:0000f8d0       __acrt_get_locale_data_prefix 00000001400108d0 f i libucrtd:debug_heap.obj
 0001:0000f8f0       __acrt_locale_changed      00000001400108f0 f i libucrtd:debug_heap.obj
 0001:0000f920       _calloc_dbg                0000000140010920 f   libucrtd:debug_heap.obj
 0001:0000f9c0       _chvalidchk_l              00000001400109c0 f i libucrtd:debug_heap.obj
 0001:0000f9f0       _free_dbg                  00000001400109f0 f   libucrtd:debug_heap.obj
 0001:0000fa60       _invoke_watson_if_oneof    0000000140010a60 f i libucrtd:debug_heap.obj
 0001:0000fac0       _ischartype_l              0000000140010ac0 f i libucrtd:debug_heap.obj
 0001:0000fb20       _malloc_dbg                0000000140010b20 f   libucrtd:debug_heap.obj
 0001:0000fb60       _msize_dbg                 0000000140010b60 f   libucrtd:debug_heap.obj
 0001:0000fd00       _realloc_dbg               0000000140010d00 f   libucrtd:debug_heap.obj
 0001:0000fd70       _recalloc_dbg              0000000140010d70 f   libucrtd:debug_heap.obj
 0001:00010340       strcpy_s                   0000000140011340 f   libucrtd:strcpy_s.obj
 0001:00010380       strcmp                     0000000140011380 f   libucrtd:strcmp.obj
 0001:00010400       strlen                     0000000140011400 f   libucrtd:strlen.obj
 0001:000104b0       abort                      00000001400114b0 f   libucrtd:abort.obj
 0001:000112e0       ??$get_module_file_name@AEAPEAUHINSTANCE__@@AEAY0BAF@_WK@?$__crt_char_traits@_W@@SAKAEAPEAUHINSTANCE__@@AEAY0BAF@_W$$QEAK@Z 00000001400122e0 f i libucrtd:dbgrpt.obj
 0001:00011320       ??$tcscpy_s@AEAY0BAF@D_KPEBD@?$__crt_char_traits@D@@SAHAEAY0BAF@D$$QEA_K$$QEAPEBD@Z 0000000140012320 f i libucrtd:dbgrpt.obj
 0001:00011360       ??$tcscpy_s@AEAY0BAF@_W_KPEB_W@?$__crt_char_traits@_W@@SAHAEAY0BAF@_W$$QEA_K$$QEAPEB_W@Z 0000000140012360 f i libucrtd:dbgrpt.obj
 0001:000113a0       ??$tcslen@AEAY0BAF@D@?$__crt_char_traits@D@@SA_KAEAY0BAF@D@Z 00000001400123a0 f i libucrtd:dbgrpt.obj
 0001:000113c0       ??$tcslen@AEAY0BAF@_W@?$__crt_char_traits@_W@@SA_KAEAY0BAF@_W@Z 00000001400123c0 f i libucrtd:dbgrpt.obj
 0001:000113e0       ??$tcslen@AEBQEBD@?$__crt_char_traits@D@@SA_KAEBQEBD@Z 00000001400123e0 f i libucrtd:dbgrpt.obj
 0001:00011400       ??$tcslen@AEBQEB_W@?$__crt_char_traits@_W@@SA_KAEBQEB_W@Z 0000000140012400 f i libucrtd:dbgrpt.obj
 0001:00011460       _CrtDbgReport              0000000140012460 f   libucrtd:dbgrpt.obj
 0001:000114e0       _CrtDbgReportW             00000001400124e0 f   libucrtd:dbgrpt.obj
 0001:00011560       __acrt_MessageWindowA      0000000140012560 f   libucrtd:dbgrpt.obj
 0001:000115b0       __acrt_MessageWindowW      00000001400125b0 f   libucrtd:dbgrpt.obj
 0001:00011600       _snwprintf_s               0000000140012600 f i libucrtd:dbgrpt.obj
 0001:00011670       _vsnwprintf_s_l            0000000140012670 f i libucrtd:dbgrpt.obj
 0001:000116f0       wcsncmp                    00000001400126f0 f   libucrtd:wcsncmp.obj
 0001:00011780       ??$?0AEBV?$string_output_adapter@D@__crt_stdio_output@@AEB_KAEBQEBDAEBQEAU__crt_locale_pointers@@AEBQEAD@?$format_validation_base@DV?$string_output_adapter@D@__crt_stdio_output@@@__crt_stdio_output@@IEAA@AEBV?$string_output_adapter@D@1@AEB_KAEBQEBDAEBQEAU__crt_locale_pointers@@AEBQEAD@Z 0000000140012780 f i libucrtd:output.obj
 0001:000117d0       ??$?0AEBV?$string_output_adapter@D@__crt_stdio_output@@AEB_KAEBQEBDAEBQEAU__crt_locale_pointers@@AEBQEAD@?$standard_base@DV?$string_output_adapter@D@__crt_stdio_output@@@__crt_stdio_output@@IEAA@AEBV?$string_output_adapter@D@1@AEB_KAEBQEBDAEBQEAU__crt_locale_pointers@@AEBQEAD@Z 00000001400127d0 f i libucrtd:output.obj
 0001:00011840       ??$?0AEBV?$string_output_adapter@_W@__crt_stdio_output@@AEB_KAEBQEB_WAEBQEAU__crt_locale_pointers@@AEBQEAD@?$format_validation_base@_WV?$string_output_adapter@_W@__crt_stdio_output@@@__crt_stdio_output@@IEAA@AEBV?$string_output_adapter@_W@1@AEB_KAEBQEB_WAEBQEAU__crt_locale_pointers@@AEBQEAD@Z 0000000140012840 f i libucrtd:output.obj
 0001:00011890       ??$?0AEBV?$string_output_adapter@_W@__crt_stdio_output@@AEB_KAEBQEB_WAEBQEAU__crt_locale_pointers@@AEBQEAD@?$standard_base@_WV?$string_output_adapter@_W@__crt_stdio_output@@@__crt_stdio_output@@IEAA@AEBV?$string_output_adapter@_W@1@AEB_KAEBQEB_WAEBQEAU__crt_locale_pointers@@AEBQEAD@Z 0000000140012890 f i libucrtd:output.obj
 0001:00013210       ??$count@D@formatting_buffer@__crt_stdio_output@@QEBA_KXZ 0000000140014210 f i libucrtd:output.obj
 0001:00013260       ??$count@_W@formatting_buffer@__crt_stdio_output@@QEBA_KXZ 0000000140014260 f i libucrtd:output.obj
 0001:000132b0       ??$data@_W@formatting_buffer@__crt_stdio_output@@QEAAPEA_WXZ 00000001400142b0 f i libucrtd:output.obj
 0001:000132b0       ??$data@D@formatting_buffer@__crt_stdio_output@@QEAAPEADXZ 00000001400142b0 f i libucrtd:output.obj
 0001:00013300       ??$ensure_buffer_is_big_enough@D@formatting_buffer@__crt_stdio_output@@QEAA_N_K@Z 0000000140014300 f i libucrtd:output.obj
 0001:00013430       ??$ensure_buffer_is_big_enough@_W@formatting_buffer@__crt_stdio_output@@QEAA_N_K@Z 0000000140014430 f i libucrtd:output.obj
 0001:00013560       ??$extract_argument_from_va_list@C_J@?$standard_base@_WV?$string_output_adapter@_W@__crt_stdio_output@@@__crt_stdio_output@@IEAA_NAEA_J@Z 0000000140014560 f i libucrtd:output.obj
 0001:00013560       ??$extract_argument_from_va_list@C_J@?$standard_base@DV?$string_output_adapter@D@__crt_stdio_output@@@__crt_stdio_output@@IEAA_NAEA_J@Z 0000000140014560 f i libucrtd:output.obj
 0001:000135a0       ??$extract_argument_from_va_list@E_J@?$standard_base@DV?$string_output_adapter@D@__crt_stdio_output@@@__crt_stdio_output@@IEAA_NAEA_J@Z 00000001400145a0 f i libucrtd:output.obj
 0001:000135a0       ??$extract_argument_from_va_list@E_J@?$standard_base@_WV?$string_output_adapter@_W@__crt_stdio_output@@@__crt_stdio_output@@IEAA_NAEA_J@Z 00000001400145a0 f i libucrtd:output.obj
 0001:000135e0       ??$extract_argument_from_va_list@F_J@?$standard_base@DV?$string_output_adapter@D@__crt_stdio_output@@@__crt_stdio_output@@IEAA_NAEA_J@Z 00000001400145e0 f i libucrtd:output.obj
 0001:000135e0       ??$extract_argument_from_va_list@F_J@?$standard_base@_WV?$string_output_adapter@_W@__crt_stdio_output@@@__crt_stdio_output@@IEAA_NAEA_J@Z 00000001400145e0 f i libucrtd:output.obj
 0001:00013620       ??$extract_argument_from_va_list@GD@?$standard_base@DV?$string_output_adapter@D@__crt_stdio_output@@@__crt_stdio_output@@IEAA_NAEAD@Z 0000000140014620 f i libucrtd:output.obj
 0001:00013650       ??$extract_argument_from_va_list@G_J@?$standard_base@DV?$string_output_adapter@D@__crt_stdio_output@@@__crt_stdio_output@@IEAA_NAEA_J@Z 0000000140014650 f i libucrtd:output.obj
 0001:00013650       ??$extract_argument_from_va_list@G_J@?$standard_base@_WV?$string_output_adapter@_W@__crt_stdio_output@@@__crt_stdio_output@@IEAA_NAEA_J@Z 0000000140014650 f i libucrtd:output.obj
 0001:00013690       ??$extract_argument_from_va_list@H_J@?$standard_base@DV?$string_output_adapter@D@__crt_stdio_output@@@__crt_stdio_output@@IEAA_NAEA_J@Z 0000000140014690 f i libucrtd:output.obj
 0001:00013690       ??$extract_argument_from_va_list@H_J@?$standard_base@_WV?$string_output_adapter@_W@__crt_stdio_output@@@__crt_stdio_output@@IEAA_NAEA_J@Z 0000000140014690 f i libucrtd:output.obj
 0001:000136c0       ??$extract_argument_from_va_list@I_J@?$standard_base@DV?$string_output_adapter@D@__crt_stdio_output@@@__crt_stdio_output@@IEAA_NAEA_J@Z 00000001400146c0 f i libucrtd:output.obj
 0001:000136c0       ??$extract_argument_from_va_list@I_J@?$standard_base@_WV?$string_output_adapter@_W@__crt_stdio_output@@@__crt_stdio_output@@IEAA_NAEA_J@Z 00000001400146c0 f i libucrtd:output.obj
 0001:000136f0       ??$extract_argument_from_va_list@PEADPEAD@?$standard_base@DV?$string_output_adapter@D@__crt_stdio_output@@@__crt_stdio_output@@IEAA_NAEAPEAD@Z 00000001400146f0 f i libucrtd:output.obj
 0001:000136f0       ??$extract_argument_from_va_list@PEADPEAD@?$standard_base@_WV?$string_output_adapter@_W@__crt_stdio_output@@@__crt_stdio_output@@IEAA_NAEAPEAD@Z 00000001400146f0 f i libucrtd:output.obj
 0001:000136f0       ??$extract_argument_from_va_list@_J_J@?$standard_base@_WV?$string_output_adapter@_W@__crt_stdio_output@@@__crt_stdio_output@@IEAA_NAEA_J@Z 00000001400146f0 f i libucrtd:output.obj
 0001:000136f0       ??$extract_argument_from_va_list@PEAXPEAX@?$standard_base@DV?$string_output_adapter@D@__crt_stdio_output@@@__crt_stdio_output@@IEAA_NAEAPEAX@Z 00000001400146f0 f i libucrtd:output.obj
 0001:000136f0       ??$extract_argument_from_va_list@PEAXPEAX@?$standard_base@_WV?$string_output_adapter@_W@__crt_stdio_output@@@__crt_stdio_output@@IEAA_NAEAPEAX@Z 00000001400146f0 f i libucrtd:output.obj
 0001:000136f0       ??$extract_argument_from_va_list@_K_J@?$standard_base@DV?$string_output_adapter@D@__crt_stdio_output@@@__crt_stdio_output@@IEAA_NAEA_J@Z 00000001400146f0 f i libucrtd:output.obj
 0001:000136f0       ??$extract_argument_from_va_list@_K_J@?$standard_base@_WV?$string_output_adapter@_W@__crt_stdio_output@@@__crt_stdio_output@@IEAA_NAEA_J@Z 00000001400146f0 f i libucrtd:output.obj
 0001:000136f0       ??$extract_argument_from_va_list@_J_J@?$standard_base@DV?$string_output_adapter@D@__crt_stdio_output@@@__crt_stdio_output@@IEAA_NAEA_J@Z 00000001400146f0 f i libucrtd:output.obj
 0001:00013750       ??$extract_argument_from_va_list@U_CRT_DOUBLE@@U1@@?$standard_base@DV?$string_output_adapter@D@__crt_stdio_output@@@__crt_stdio_output@@IEAA_NAEAU_CRT_DOUBLE@@@Z 0000000140014750 f i libucrtd:output.obj
 0001:00013750       ??$extract_argument_from_va_list@U_CRT_DOUBLE@@U1@@?$standard_base@_WV?$string_output_adapter@_W@__crt_stdio_output@@@__crt_stdio_output@@IEAA_NAEAU_CRT_DOUBLE@@@Z 0000000140014750 f i libucrtd:output.obj
 0001:000137a0       ??$extract_argument_from_va_list@_W_W@?$standard_base@_WV?$string_output_adapter@_W@__crt_stdio_output@@@__crt_stdio_output@@IEAA_NAEA_W@Z 00000001400147a0 f i libucrtd:output.obj
 0001:000137a0       ??$extract_argument_from_va_list@_W_W@?$standard_base@DV?$string_output_adapter@D@__crt_stdio_output@@@__crt_stdio_output@@IEAA_NAEA_W@Z 00000001400147a0 f i libucrtd:output.obj
 0001:000137d0       ??$is_wide_character_specifier@D@__crt_stdio_output@@YA_N_KDW4length_modifier@0@@Z 00000001400147d0 f i libucrtd:output.obj
 0001:00013870       ??$is_wide_character_specifier@_W@__crt_stdio_output@@YA_N_K_WW4length_modifier@0@@Z 0000000140014870 f i libucrtd:output.obj
 0001:00013940       ??$read_va_arg@E@__crt_stdio_output@@YAEAEAPEAD@Z 0000000140014940 f i libucrtd:output.obj
 0001:00013940       ??$read_va_arg@C@__crt_stdio_output@@YACAEAPEAD@Z 0000000140014940 f i libucrtd:output.obj
 0001:000139b0       ??$read_va_arg@G@__crt_stdio_output@@YAGAEAPEAD@Z 00000001400149b0 f i libucrtd:output.obj
 0001:000139b0       ??$read_va_arg@F@__crt_stdio_output@@YAFAEAPEAD@Z 00000001400149b0 f i libucrtd:output.obj
 0001:000139b0       ??$read_va_arg@_W@__crt_stdio_output@@YA_WAEAPEAD@Z 00000001400149b0 f i libucrtd:output.obj
 0001:00013a20       ??$read_va_arg@H@__crt_stdio_output@@YAHAEAPEAD@Z 0000000140014a20 f i libucrtd:output.obj
 0001:00013a20       ??$read_va_arg@I@__crt_stdio_output@@YAIAEAPEAD@Z 0000000140014a20 f i libucrtd:output.obj
 0001:00013a80       ??$read_va_arg@PEAX@__crt_stdio_output@@YAPEAXAEAPEAD@Z 0000000140014a80 f i libucrtd:output.obj
 0001:00013a80       ??$read_va_arg@U_CRT_DOUBLE@@@__crt_stdio_output@@YA?AU_CRT_DOUBLE@@AEAPEAD@Z 0000000140014a80 f i libucrtd:output.obj
 0001:00013a80       ??$read_va_arg@PEAD@__crt_stdio_output@@YAPEADAEAPEAD@Z 0000000140014a80 f i libucrtd:output.obj
 0001:00013a80       ??$read_va_arg@_K@__crt_stdio_output@@YA_KAEAPEAD@Z 0000000140014a80 f i libucrtd:output.obj
 0001:00013a80       ??$read_va_arg@_J@__crt_stdio_output@@YA_JAEAPEAD@Z 0000000140014a80 f i libucrtd:output.obj
 0001:00013b60       ??$scratch_count@D@formatting_buffer@__crt_stdio_output@@QEBA_KXZ 0000000140014b60 f i libucrtd:output.obj
 0001:00013b80       ??$scratch_data@D@formatting_buffer@__crt_stdio_output@@QEAAPEADXZ 0000000140014b80 f i libucrtd:output.obj
 0001:00013bf0       ??$tcstol@PEBDPEAPEADH@?$__crt_char_traits@D@@SAJ$$QEAPEBD$$QEAPEAPEAD$$QEAH@Z 0000000140014bf0 f i libucrtd:output.obj
 0001:00013c30       ??$tcstol@PEB_WPEAPEA_WH@?$__crt_char_traits@_W@@SAJ$$QEAPEB_W$$QEAPEAPEA_W$$QEAH@Z 0000000140014c30 f i libucrtd:output.obj
 0001:00013c70       ??$type_case_integer_parse_into_buffer@I@?$output_processor@DV?$string_output_adapter@D@__crt_stdio_output@@V?$format_validation_base@DV?$string_output_adapter@D@__crt_stdio_output@@@2@@__crt_stdio_output@@AEAAXII_N@Z 0000000140014c70 f i libucrtd:output.obj
 0001:00013da0       ??$type_case_integer_parse_into_buffer@I@?$output_processor@_WV?$string_output_adapter@_W@__crt_stdio_output@@V?$format_validation_base@_WV?$string_output_adapter@_W@__crt_stdio_output@@@2@@__crt_stdio_output@@AEAAXII_N@Z 0000000140014da0 f i libucrtd:output.obj
 0001:00013ee0       ??$type_case_integer_parse_into_buffer@_K@?$output_processor@DV?$string_output_adapter@D@__crt_stdio_output@@V?$format_validation_base@DV?$string_output_adapter@D@__crt_stdio_output@@@2@@__crt_stdio_output@@AEAAX_KI_N@Z 0000000140014ee0 f i libucrtd:output.obj
 0001:00014030       ??$type_case_integer_parse_into_buffer@_K@?$output_processor@_WV?$string_output_adapter@_W@__crt_stdio_output@@V?$format_validation_base@_WV?$string_output_adapter@_W@__crt_stdio_output@@@2@@__crt_stdio_output@@AEAAX_KI_N@Z 0000000140015030 f i libucrtd:output.obj
 0001:00014190       ??$write_multiple_characters@V?$string_output_adapter@D@__crt_stdio_output@@D@__crt_stdio_output@@YAXAEBV?$string_output_adapter@D@0@DHQEAH@Z 0000000140015190 f i libucrtd:output.obj
 0001:000141f0       ??$write_multiple_characters@V?$string_output_adapter@_W@__crt_stdio_output@@D@__crt_stdio_output@@YAXAEBV?$string_output_adapter@_W@0@DHQEAH@Z 00000001400151f0 f i libucrtd:output.obj
 0001:00014250       ??0?$common_data@D@__crt_stdio_output@@IEAA@XZ 0000000140015250 f i libucrtd:output.obj
 0001:00014320       ??0?$common_data@_W@__crt_stdio_output@@IEAA@XZ 0000000140015320 f i libucrtd:output.obj
 0001:000143f0       ??0?$output_adapter_data@DV?$string_output_adapter@D@__crt_stdio_output@@@__crt_stdio_output@@IEAA@AEBV?$string_output_adapter@D@1@_KQEBDQEAU__crt_locale_pointers@@QEAD@Z 00000001400153f0 f i libucrtd:output.obj
 0001:00014470       ??0?$output_adapter_data@_WV?$string_output_adapter@_W@__crt_stdio_output@@@__crt_stdio_output@@IEAA@AEBV?$string_output_adapter@_W@1@_KQEB_WQEAU__crt_locale_pointers@@QEAD@Z 0000000140015470 f i libucrtd:output.obj
 0001:000144f0       ??0?$output_processor@DV?$string_output_adapter@D@__crt_stdio_output@@V?$format_validation_base@DV?$string_output_adapter@D@__crt_stdio_output@@@2@@__crt_stdio_output@@QEAA@AEBV?$string_output_adapter@D@1@_KQEBDQEAU__crt_locale_pointers@@QEAD@Z 00000001400154f0 f i libucrtd:output.obj
 0001:00014540       ??0?$output_processor@_WV?$string_output_adapter@_W@__crt_stdio_output@@V?$format_validation_base@_WV?$string_output_adapter@_W@__crt_stdio_output@@@2@@__crt_stdio_output@@QEAA@AEBV?$string_output_adapter@_W@1@_KQEB_WQEAU__crt_locale_pointers@@QEAD@Z 0000000140015540 f i libucrtd:output.obj
 0001:00014590       ??0__crt_deferred_errno_cache@@QEAA@XZ 0000000140015590 f i libucrtd:output.obj
 0001:000145b0       ??0__crt_errno_guard@@QEAA@QEAH@Z 00000001400155b0 f i libucrtd:output.obj
 0001:000145f0       ??0formatting_buffer@__crt_stdio_output@@QEAA@XZ 00000001400155f0 f i libucrtd:output.obj
 0001:00014630       ??1?$common_data@_W@__crt_stdio_output@@QEAA@XZ 0000000140015630 f i libucrtd:output.obj
 0001:00014630       ??1?$common_data@D@__crt_stdio_output@@QEAA@XZ 0000000140015630 f i libucrtd:output.obj
 0001:00014650       ??1?$format_validation_base@DV?$string_output_adapter@D@__crt_stdio_output@@@__crt_stdio_output@@QEAA@XZ 0000000140015650 f i libucrtd:output.obj
 0001:00014650       ??1?$format_validation_base@_WV?$string_output_adapter@_W@__crt_stdio_output@@@__crt_stdio_output@@QEAA@XZ 0000000140015650 f i libucrtd:output.obj
 0001:00014670       ??1?$output_adapter_data@DV?$string_output_adapter@D@__crt_stdio_output@@@__crt_stdio_output@@QEAA@XZ 0000000140015670 f i libucrtd:output.obj
 0001:00014670       ??1?$output_adapter_data@_WV?$string_output_adapter@_W@__crt_stdio_output@@@__crt_stdio_output@@QEAA@XZ 0000000140015670 f i libucrtd:output.obj
 0001:00014690       ??1?$output_processor@_WV?$string_output_adapter@_W@__crt_stdio_output@@V?$format_validation_base@_WV?$string_output_adapter@_W@__crt_stdio_output@@@2@@__crt_stdio_output@@QEAA@XZ 0000000140015690 f i libucrtd:output.obj
 0001:00014690       ??1?$output_processor@DV?$string_output_adapter@D@__crt_stdio_output@@V?$format_validation_base@DV?$string_output_adapter@D@__crt_stdio_output@@@2@@__crt_stdio_output@@QEAA@XZ 0000000140015690 f i libucrtd:output.obj
 0001:000146b0       ??1?$standard_base@_WV?$string_output_adapter@_W@__crt_stdio_output@@@__crt_stdio_output@@QEAA@XZ 00000001400156b0 f i libucrtd:output.obj
 0001:000146b0       ??1?$standard_base@DV?$string_output_adapter@D@__crt_stdio_output@@@__crt_stdio_output@@QEAA@XZ 00000001400156b0 f i libucrtd:output.obj
 0001:000146d0       ??1__crt_errno_guard@@QEAA@XZ 00000001400156d0 f i libucrtd:output.obj
 0001:00014700       ??1formatting_buffer@__crt_stdio_output@@QEAA@XZ 0000000140015700 f i libucrtd:output.obj
 0001:00014730       ??4?$__crt_unique_heap_ptr@DU__crt_internal_free_policy@@@@QEAAAEAV0@$$QEAV0@@Z 0000000140015730 f i libucrtd:output.obj
 0001:00014770       ?adjust_hexit@?$output_processor@_WV?$string_output_adapter@_W@__crt_stdio_output@@V?$format_validation_base@_WV?$string_output_adapter@_W@__crt_stdio_output@@@2@@__crt_stdio_output@@CADH_N@Z 0000000140015770 f i libucrtd:output.obj
 0001:00014770       ?adjust_hexit@?$output_processor@DV?$string_output_adapter@D@__crt_stdio_output@@V?$format_validation_base@DV?$string_output_adapter@D@__crt_stdio_output@@@2@@__crt_stdio_output@@CADH_N@Z 0000000140015770 f i libucrtd:output.obj
 0001:000147c0       ?advance_to_next_pass@?$standard_base@DV?$string_output_adapter@D@__crt_stdio_output@@@__crt_stdio_output@@IEAA_NXZ 00000001400157c0 f i libucrtd:output.obj
 0001:000147c0       ?advance_to_next_pass@?$standard_base@_WV?$string_output_adapter@_W@__crt_stdio_output@@@__crt_stdio_output@@IEAA_NXZ 00000001400157c0 f i libucrtd:output.obj
 0001:00014810       ?crop_zeroes@__crt_stdio_output@@YAXPEADQEAU__crt_locale_pointers@@@Z 0000000140015810 f i libucrtd:output.obj
 0001:00014950       ?find_next_state@?$output_processor@DV?$string_output_adapter@D@__crt_stdio_output@@V?$format_validation_base@DV?$string_output_adapter@D@__crt_stdio_output@@@2@@__crt_stdio_output@@AEBA?AW4state@2@DW432@@Z 0000000140015950 f i libucrtd:output.obj
 0001:000149f0       ?find_next_state@?$output_processor@_WV?$string_output_adapter@_W@__crt_stdio_output@@V?$format_validation_base@_WV?$string_output_adapter@_W@__crt_stdio_output@@@2@@__crt_stdio_output@@AEBA?AW4state@2@_WW432@@Z 00000001400159f0 f i libucrtd:output.obj
 0001:00014a90       ?force_decimal_point@__crt_stdio_output@@YAXPEADQEAU__crt_locale_pointers@@@Z 0000000140015a90 f i libucrtd:output.obj
 0001:00014b70       ?get@__crt_deferred_errno_cache@@QEAAAEAHXZ 0000000140015b70 f i libucrtd:output.obj
 0001:00014ba0       ?get_flags@__crt_stdio_stream@@QEBAJXZ 0000000140015ba0 f i libucrtd:output.obj
 0001:00014bd0       ?has_flag@?$output_processor@DV?$string_output_adapter@D@__crt_stdio_output@@V?$format_validation_base@DV?$string_output_adapter@D@__crt_stdio_output@@@2@@__crt_stdio_output@@AEBA_NI@Z 0000000140015bd0 f i libucrtd:output.obj
 0001:00014bd0       ?has_flag@?$output_processor@_WV?$string_output_adapter@_W@__crt_stdio_output@@V?$format_validation_base@_WV?$string_output_adapter@_W@__crt_stdio_output@@@2@@__crt_stdio_output@@AEBA_NI@Z 0000000140015bd0 f i libucrtd:output.obj
 0001:00014c10       ?is_string_backed@__crt_stdio_stream@@QEBA_NXZ 0000000140015c10 f i libucrtd:output.obj
 0001:00014c50       ?narrow_null_string@?$output_processor@DV?$string_output_adapter@D@__crt_stdio_output@@V?$format_validation_base@DV?$string_output_adapter@D@__crt_stdio_output@@@2@@__crt_stdio_output@@CAPEADXZ 0000000140015c50 f i libucrtd:output.obj
 0001:00014c50       ?narrow_null_string@?$output_processor@_WV?$string_output_adapter@_W@__crt_stdio_output@@V?$format_validation_base@_WV?$string_output_adapter@_W@__crt_stdio_output@@@2@@__crt_stdio_output@@CAPEADXZ 0000000140015c50 f i libucrtd:output.obj
 0001:00014c60       ?parse_int_from_format_string@?$output_processor@DV?$string_output_adapter@D@__crt_stdio_output@@V?$format_validation_base@DV?$string_output_adapter@D@__crt_stdio_output@@@2@@__crt_stdio_output@@AEAA_NQEAH@Z 0000000140015c60 f i libucrtd:output.obj
 0001:00014d50       ?parse_int_from_format_string@?$output_processor@_WV?$string_output_adapter@_W@__crt_stdio_output@@V?$format_validation_base@_WV?$string_output_adapter@_W@__crt_stdio_output@@@2@@__crt_stdio_output@@AEAA_NQEAH@Z 0000000140015d50 f i libucrtd:output.obj
 0001:00014e40       ?process@?$output_processor@DV?$string_output_adapter@D@__crt_stdio_output@@V?$format_validation_base@DV?$string_output_adapter@D@__crt_stdio_output@@@2@@__crt_stdio_output@@QEAAHXZ 0000000140015e40 f i libucrtd:output.obj
 0001:000151a0       ?process@?$output_processor@_WV?$string_output_adapter@_W@__crt_stdio_output@@V?$format_validation_base@_WV?$string_output_adapter@_W@__crt_stdio_output@@@2@@__crt_stdio_output@@QEAAHXZ 00000001400161a0 f i libucrtd:output.obj
 0001:00015500       ?set_flag@?$output_processor@_WV?$string_output_adapter@_W@__crt_stdio_output@@V?$format_validation_base@_WV?$string_output_adapter@_W@__crt_stdio_output@@@2@@__crt_stdio_output@@AEAAXI@Z 0000000140016500 f i libucrtd:output.obj
 0001:00015500       ?set_flag@?$output_processor@DV?$string_output_adapter@D@__crt_stdio_output@@V?$format_validation_base@DV?$string_output_adapter@D@__crt_stdio_output@@@2@@__crt_stdio_output@@AEAAXI@Z 0000000140016500 f i libucrtd:output.obj
 0001:00015520       ?validate_state_for_type_case_a@?$standard_base@DV?$string_output_adapter@D@__crt_stdio_output@@@__crt_stdio_output@@IEBA_NXZ 0000000140016520 f i libucrtd:output.obj
 0001:00015520       ?should_format@?$standard_base@DV?$string_output_adapter@D@__crt_stdio_output@@@__crt_stdio_output@@IEAA_NXZ 0000000140016520 f i libucrtd:output.obj
 0001:00015520       ?validate_state_for_type_case_a@?$standard_base@_WV?$string_output_adapter@_W@__crt_stdio_output@@@__crt_stdio_output@@IEBA_NXZ 0000000140016520 f i libucrtd:output.obj
 0001:00015520       ?validate_and_update_state_at_beginning_of_format_character@?$standard_base@DV?$string_output_adapter@D@__crt_stdio_output@@@__crt_stdio_output@@IEAA_NXZ 0000000140016520 f i libucrtd:output.obj
 0001:00015520       ?should_format@?$standard_base@_WV?$string_output_adapter@_W@__crt_stdio_output@@@__crt_stdio_output@@IEAA_NXZ 0000000140016520 f i libucrtd:output.obj
 0001:00015520       ?validate_and_update_state_at_beginning_of_format_character@?$standard_base@_WV?$string_output_adapter@_W@__crt_stdio_output@@@__crt_stdio_output@@IEAA_NXZ 0000000140016520 f i libucrtd:output.obj
 0001:00015530       ?should_skip_normal_state_processing@?$standard_base@DV?$string_output_adapter@D@__crt_stdio_output@@@__crt_stdio_output@@IEAA_NXZ 0000000140016530 f i libucrtd:output.obj
 0001:00015530       ?should_skip_type_state_output@?$standard_base@_WV?$string_output_adapter@_W@__crt_stdio_output@@@__crt_stdio_output@@IEBA_NXZ 0000000140016530 f i libucrtd:output.obj
 0001:00015530       ?should_skip_type_state_output@?$standard_base@DV?$string_output_adapter@D@__crt_stdio_output@@@__crt_stdio_output@@IEBA_NXZ 0000000140016530 f i libucrtd:output.obj
 0001:00015530       ?should_skip_normal_state_processing@?$standard_base@_WV?$string_output_adapter@_W@__crt_stdio_output@@@__crt_stdio_output@@IEAA_NXZ 0000000140016530 f i libucrtd:output.obj
 0001:00015540       ?state_case_dot@?$output_processor@_WV?$string_output_adapter@_W@__crt_stdio_output@@V?$format_validation_base@_WV?$string_output_adapter@_W@__crt_stdio_output@@@2@@__crt_stdio_output@@AEAA_NXZ 0000000140016540 f i libucrtd:output.obj
 0001:00015540       ?state_case_dot@?$output_processor@DV?$string_output_adapter@D@__crt_stdio_output@@V?$format_validation_base@DV?$string_output_adapter@D@__crt_stdio_output@@@2@@__crt_stdio_output@@AEAA_NXZ 0000000140016540 f i libucrtd:output.obj
 0001:00015560       ?state_case_flag@?$output_processor@DV?$string_output_adapter@D@__crt_stdio_output@@V?$format_validation_base@DV?$string_output_adapter@D@__crt_stdio_output@@@2@@__crt_stdio_output@@AEAA_NXZ 0000000140016560 f i libucrtd:output.obj
 0001:00015600       ?state_case_flag@?$output_processor@_WV?$string_output_adapter@_W@__crt_stdio_output@@V?$format_validation_base@_WV?$string_output_adapter@_W@__crt_stdio_output@@@2@@__crt_stdio_output@@AEAA_NXZ 0000000140016600 f i libucrtd:output.obj
 0001:000156a0       ?state_case_normal@?$output_processor@DV?$string_output_adapter@D@__crt_stdio_output@@V?$format_validation_base@DV?$string_output_adapter@D@__crt_stdio_output@@@2@@__crt_stdio_output@@AEAA_NXZ 00000001400166a0 f i libucrtd:output.obj
 0001:00015780       ?state_case_normal@?$output_processor@_WV?$string_output_adapter@_W@__crt_stdio_output@@V?$format_validation_base@_WV?$string_output_adapter@_W@__crt_stdio_output@@@2@@__crt_stdio_output@@AEAA_NXZ 0000000140016780 f i libucrtd:output.obj
 0001:00015860       ?state_case_normal_common@?$output_processor@DV?$string_output_adapter@D@__crt_stdio_output@@V?$format_validation_base@DV?$string_output_adapter@D@__crt_stdio_output@@@2@@__crt_stdio_output@@AEAA_NXZ 0000000140016860 f i libucrtd:output.obj
 0001:000158b0       ?state_case_normal_common@?$output_processor@_WV?$string_output_adapter@_W@__crt_stdio_output@@V?$format_validation_base@_WV?$string_output_adapter@_W@__crt_stdio_output@@@2@@__crt_stdio_output@@AEAA_NXZ 00000001400168b0 f i libucrtd:output.obj
 0001:00015900       ?state_case_normal_tchar@?$output_processor@DV?$string_output_adapter@D@__crt_stdio_output@@V?$format_validation_base@DV?$string_output_adapter@D@__crt_stdio_output@@@2@@__crt_stdio_output@@AEAA_ND@Z 0000000140016900 f i libucrtd:output.obj
 0001:00015a40       ?state_case_normal_tchar@?$output_processor@_WV?$string_output_adapter@_W@__crt_stdio_output@@V?$format_validation_base@_WV?$string_output_adapter@_W@__crt_stdio_output@@@2@@__crt_stdio_output@@AEAA_N_W@Z 0000000140016a40 f i libucrtd:output.obj
 0001:00015a60       ?state_case_percent@?$output_processor@_WV?$string_output_adapter@_W@__crt_stdio_output@@V?$format_validation_base@_WV?$string_output_adapter@_W@__crt_stdio_output@@@2@@__crt_stdio_output@@AEAA_NXZ 0000000140016a60 f i libucrtd:output.obj
 0001:00015a60       ?state_case_percent@?$output_processor@DV?$string_output_adapter@D@__crt_stdio_output@@V?$format_validation_base@DV?$string_output_adapter@D@__crt_stdio_output@@@2@@__crt_stdio_output@@AEAA_NXZ 0000000140016a60 f i libucrtd:output.obj
 0001:00015ab0       ?state_case_precision@?$output_processor@DV?$string_output_adapter@D@__crt_stdio_output@@V?$format_validation_base@DV?$string_output_adapter@D@__crt_stdio_output@@@2@@__crt_stdio_output@@AEAA_NXZ 0000000140016ab0 f i libucrtd:output.obj
 0001:00015b30       ?state_case_precision@?$output_processor@_WV?$string_output_adapter@_W@__crt_stdio_output@@V?$format_validation_base@_WV?$string_output_adapter@_W@__crt_stdio_output@@@2@@__crt_stdio_output@@AEAA_NXZ 0000000140016b30 f i libucrtd:output.obj
 0001:00015bb0       ?state_case_size@?$output_processor@DV?$string_output_adapter@D@__crt_stdio_output@@V?$format_validation_base@DV?$string_output_adapter@D@__crt_stdio_output@@@2@@__crt_stdio_output@@AEAA_NXZ 0000000140016bb0 f i libucrtd:output.obj
 0001:00016030       ?state_case_size@?$output_processor@_WV?$string_output_adapter@_W@__crt_stdio_output@@V?$format_validation_base@_WV?$string_output_adapter@_W@__crt_stdio_output@@@2@@__crt_stdio_output@@AEAA_NXZ 0000000140017030 f i libucrtd:output.obj
[...]
 0004:000027d8       $pdata$wcstombs_s          00000001400547d8     libucrtd:wcstombs.obj
 0004:000027e4       $pdata$_wcstombs_s_l       00000001400547e4     libucrtd:wcstombs.obj
 0004:000027f0       $pdata$?wcsncnt@@YA_KPEB_W_K@Z 00000001400547f0     libucrtd:wcstombs.obj
 0004:000027fc       $pdata$?_wcstombs_l_helper@@YA_KPEADPEB_W_KPEAU__crt_locale_pointers@@@Z 00000001400547fc     libucrtd:wcstombs.obj
 0004:00002808       $pdata$?dtor$0@?0??_wcstombs_l_helper@@YA_KPEADPEB_W_KPEAU__crt_locale_pointers@@@Z@4HA 0000000140054808     libucrtd:wcstombs.obj
 0004:00002814       $pdata$strcat_s            0000000140054814     libucrtd:strcat_s.obj
 0004:00002820       $pdata$??$common_tcscat_s@D@@YAHQEAD_KQEBD@Z 0000000140054820     libucrtd:strcat_s.obj
 0004:0000282c       $pdata$?__mbrtowc_utf8@__crt_mbstring@@YA_KPEA_WPEBD_KPEAU_Mbstatet@@@Z 000000014005482c     libucrtd:mbrtowc.obj
 0004:00002838       $pdata$?__mbsrtowcs_utf8@__crt_mbstring@@YA_KPEA_WPEAPEBD_KPEAU_Mbstatet@@@Z 0000000140054838     libucrtd:mbrtowc.obj
 0004:00002844       $pdata$c32rtomb            0000000140054844     libucrtd:c32rtomb.obj
 0004:00002850       $pdata$?__c32rtomb_utf8@__crt_mbstring@@YA_KPEAD_UPEAU_Mbstatet@@@Z 0000000140054850     libucrtd:c32rtomb.obj
 0004:0000285c       $pdata$?return_illegal_sequence@__crt_mbstring@@YA_KPEAU_Mbstatet@@@Z 000000014005485c     libucrtd:c32rtomb.obj
 0004:00002868       $pdata$?reset_and_return@__crt_mbstring@@YA_K_KPEAU_Mbstatet@@@Z 0000000140054868     libucrtd:c32rtomb.obj
 0004:00002874       $pdata$__acrt_fp_strflt_to_string 0000000140054874     libucrtd:_fptostr.obj
 0004:00002880       $pdata$__acrt_fltout       0000000140054880     libucrtd:cfout.obj
 0004:0000288c       $pdata$??0big_integer@__crt_strtox@@QEAA@XZ 000000014005488c     libucrtd:cfout.obj
 0004:00002898       $pdata$??0big_integer@__crt_strtox@@QEAA@AEBU01@@Z 0000000140054898     libucrtd:cfout.obj
 0004:00002898       $pdata$??4big_integer@__crt_strtox@@QEAAAEAU01@AEBU01@@Z 0000000140054898     libucrtd:cfout.obj
 0004:000028a4       $pdata$??8__crt_strtox@@YA_NAEBUbig_integer@0@0@Z 00000001400548a4     libucrtd:cfout.obj
 0004:000028b0       $pdata$??9__crt_strtox@@YA_NAEBUbig_integer@0@0@Z 00000001400548b0     libucrtd:cfout.obj
 0004:000028bc       $pdata$?make_big_integer@__crt_strtox@@YA?AUbig_integer@1@_K@Z 00000001400548bc     libucrtd:cfout.obj
 0004:000028c8       $pdata$?make_big_integer_power_of_two@__crt_strtox@@YA?AUbig_integer@1@I@Z 00000001400548c8     libucrtd:cfout.obj
 0004:000028d4       $pdata$?is_zero@__crt_strtox@@YA_NAEBUbig_integer@1@@Z 00000001400548d4     libucrtd:cfout.obj
 0004:000028e0       $pdata$?bit_scan_reverse@__crt_strtox@@YAII@Z 00000001400548e0     libucrtd:cfout.obj
 0004:000028ec       $pdata$?shift_left@__crt_strtox@@YA_NAEAUbig_integer@1@I@Z 00000001400548ec     libucrtd:cfout.obj
 0004:000028f8       $pdata$?add_carry@__crt_strtox@@YAIAEAIII@Z 00000001400548f8     libucrtd:cfout.obj
 0004:00002904       $pdata$?add_multiply_carry@__crt_strtox@@YAIAEAIIII@Z 0000000140054904     libucrtd:cfout.obj
 0004:00002910       $pdata$?multiply_core@__crt_strtox@@YAIQEAIII@Z 0000000140054910     libucrtd:cfout.obj
 0004:0000291c       $pdata$?multiply@__crt_strtox@@YA_NAEAUbig_integer@1@I@Z 000000014005491c     libucrtd:cfout.obj
 0004:00002928       $pdata$?multiply@__crt_strtox@@YA_NAEAUbig_integer@1@AEBU21@@Z 0000000140054928     libucrtd:cfout.obj
 0004:00002934       $pdata$?multiply_by_power_of_ten@__crt_strtox@@YA_NAEAUbig_integer@1@I@Z 0000000140054934     libucrtd:cfout.obj
 0004:00002940       $pdata$?count_sequential_high_zeroes@__crt_strtox@@YAII@Z 0000000140054940     libucrtd:cfout.obj
 0004:0000294c       $pdata$?divide@__crt_strtox@@YA_KAEAUbig_integer@1@AEBU21@@Z 000000014005494c     libucrtd:cfout.obj
 0004:00002958       $pdata$??0scoped_fp_state_reset@?A0x71ca7cfb@@QEAA@XZ 0000000140054958     libucrtd:cfout.obj
 0004:00002964       $pdata$??1scoped_fp_state_reset@?A0x71ca7cfb@@QEAA@XZ 0000000140054964     libucrtd:cfout.obj
 0004:00002970       $pdata$??$convert_to_fos_high_precision@N@@YAXNIQEAHQEAD_K@Z 0000000140054970     libucrtd:cfout.obj
 0004:0000297c       $pdata$_fcloseall          000000014005497c     libucrtd:closeall.obj
 0004:00002988       $pdata$_fcloseall$fin$0    0000000140054988     libucrtd:closeall.obj
 0004:00002994       $pdata$?is_in_use@__crt_stdio_stream@@QEBA_NXZ 0000000140054994     libucrtd:closeall.obj
 0004:000029a0       $pdata$?has_crt_buffer@__crt_stdio_stream@@QEBA_NXZ 00000001400549a0     libucrtd:_freebuf.obj
 0004:000029ac       $pdata$__acrt_stdio_free_buffer_nolock 00000001400549ac     libucrtd:_freebuf.obj
 0004:000029b8       $pdata$__acrt_GetStringTypeW 00000001400549b8     libucrtd:getstringtypew.obj
 0004:000029c4       $pdata$__strncnt           00000001400549c4     libucrtd:strncnt.obj
 0004:000029d0       $pdata$_commit             00000001400549d0     libucrtd:commit.obj
 0004:000029dc       $pdata$??R<lambda_5533cddd4bda0037814beee657757329>@@QEBAHXZ 00000001400549dc     libucrtd:commit.obj
 0004:000029e8       $pdata$??$__acrt_lowio_lock_fh_and_call@V<lambda_5533cddd4bda0037814beee657757329>@@@@YAHH$$QEAV<lambda_5533cddd4bda0037814beee657757329>@@@Z 00000001400549e8     libucrtd:commit.obj
 0004:000029f4       $pdata$??R<lambda_4e3dbe6921bc0b5a1a6bc6573fdc859e>@@QEBAXXZ 00000001400549f4     libucrtd:commit.obj
 0004:000029f4       $pdata$??R<lambda_53fc7fc888e23d815d7080162c0aeeb2>@@QEBAXXZ 00000001400549f4     libucrtd:close.obj
 0004:00002a00       $pdata$??R<lambda_47cffbaa968af5c721c38a4a6f8da44d>@@QEBAXXZ 0000000140054a00     libucrtd:commit.obj
 0004:00002a00       $pdata$??R<lambda_8ddc48ad9d26c778cb15812d1d88fc8a>@@QEBAXXZ 0000000140054a00     libucrtd:close.obj
 0004:00002a0c       $pdata$??$?RV<lambda_4e3dbe6921bc0b5a1a6bc6573fdc859e>@@AEAV<lambda_5533cddd4bda0037814beee657757329>@@V<lambda_47cffbaa968af5c721c38a4a6f8da44d>@@@?$__crt_seh_guarded_call@H@@QEAAH$$QEAV<lambda_4e3dbe6921bc0b5a1a6bc6573fdc859e>@@AEAV<lambda_5533cddd4bda0037814beee657757329>@@$$QEAV<lambda_47cffbaa968af5c721c38a4a6f8da44d>@@@Z 0000000140054a0c     libucrtd:commit.obj
 0004:00002a18       $pdata$?fin$0@?0???$?RV<lambda_53fc7fc888e23d815d7080162c0aeeb2>@@AEAV<lambda_4e7105787b7b0e0227fbf2b2d883fa65>@@V<lambda_8ddc48ad9d26c778cb15812d1d88fc8a>@@@?$__crt_seh_guarded_call@H@@QEAAH$$QEAV<lambda_53fc7fc888e23d815d7080162c0aeeb2>@@AEAV<lambda_4e7105787b7b0e0227fbf2b2d883fa65>@@$$QEAV<lambda_8ddc48ad9d26c778cb15812d1d88fc8a>@@@Z@4HA 0000000140054a18     libucrtd:close.obj
 0004:00002a18       $pdata$?fin$0@?0???$?RV<lambda_4e3dbe6921bc0b5a1a6bc6573fdc859e>@@AEAV<lambda_5533cddd4bda0037814beee657757329>@@V<lambda_47cffbaa968af5c721c38a4a6f8da44d>@@@?$__crt_seh_guarded_call@H@@QEAAH$$QEAV<lambda_4e3dbe6921bc0b5a1a6bc6573fdc859e>@@AEAV<lambda_5533cddd4bda0037814beee657757329>@@$$QEAV<lambda_47cffbaa968af5c721c38a4a6f8da44d>@@@Z@4HA 0000000140054a18     libucrtd:commit.obj
 0004:00002a24       $pdata$_write              0000000140054a24     libucrtd:write.obj
 0004:00002a30       $pdata$_write$fin$0        0000000140054a30     libucrtd:write.obj
 0004:00002a3c       $pdata$_write_nolock       0000000140054a3c     libucrtd:write.obj
 0004:00002a48       $pdata$?write_requires_double_translation_nolock@@YA_NH@Z 0000000140054a48     libucrtd:write.obj
 0004:00002a54       $pdata$?write_double_translated_ansi_nolock@@YA?AUwrite_result@?A0x17268360@@HQEBDI@Z 0000000140054a54     libucrtd:write.obj
 0004:00002a60       $pdata$?write_double_translated_unicode_nolock@@YA?AUwrite_result@?A0x17268360@@QEBDI@Z 0000000140054a60     libucrtd:write.obj
 0004:00002a6c       $pdata$?write_text_ansi_nolock@@YA?AUwrite_result@?A0x17268360@@HQEBDI@Z 0000000140054a6c     libucrtd:write.obj
 0004:00002a78       $pdata$?write_text_utf16le_nolock@@YA?AUwrite_result@?A0x17268360@@HQEBDI@Z 0000000140054a78     libucrtd:write.obj
 0004:00002a84       $pdata$?write_text_utf8_nolock@@YA?AUwrite_result@?A0x17268360@@HQEBDI@Z 0000000140054a84     libucrtd:write.obj
 0004:00002a90       $pdata$?write_binary_nolock@@YA?AUwrite_result@?A0x17268360@@HQEBDI@Z 0000000140054a90     libucrtd:write.obj
 0004:00002a9c       $pdata$?__wcsrtombs_utf8@__crt_mbstring@@YA_KPEADPEAPEB_W_KPEAU_Mbstatet@@@Z 0000000140054a9c     libucrtd:wcrtomb.obj
 0004:00002aa8       $pdata$?__mbrtoc32_utf8@__crt_mbstring@@YA_KPEA_UPEBD_KPEAU_Mbstatet@@@Z 0000000140054aa8     libucrtd:mbrtoc32.obj
 0004:00002ac0       $pdata$ceil                0000000140054ac0     libucrtd:ceil.obj
 0004:00002acc       $pdata$fegetenv            0000000140054acc     libucrtd:fegetenv.obj
 0004:00002ad8       $pdata$fesetenv            0000000140054ad8     libucrtd:fesetenv.obj
 0004:00002ae4       $pdata$feholdexcept        0000000140054ae4     libucrtd:feholdexcept.obj
 0004:00002af0       $pdata$_lseeki64_nolock    0000000140054af0     libucrtd:lseek.obj
 0004:00002afc       $pdata$?common_lseek_do_seek_nolock@@YA_JQEAX_JH@Z 0000000140054afc     libucrtd:lseek.obj
 0004:00002b08       $pdata$??$common_lseek_nolock@_J@@YA_JH_JH@Z 0000000140054b08     libucrtd:lseek.obj
 0004:00002b14       $pdata$fclose              0000000140054b14     libucrtd:fclose.obj
 0004:00002b20       $pdata$fclose$fin$0        0000000140054b20     libucrtd:fclose.obj
 0004:00002b2c       $pdata$_fclose_nolock      0000000140054b2c     libucrtd:fclose.obj
 0004:00002b38       $pdata$_putwch_nolock      0000000140054b38     libucrtd:putwch.obj
 0004:00002b44       $pdata$?__c16rtomb_utf8@__crt_mbstring@@YA_KPEAD_SPEAU_Mbstatet@@@Z 0000000140054b44     libucrtd:c16rtomb.obj
 0004:00002b50       $pdata$?store_first_surrogate@?A0xc60ee810@@YAX_SPEAU_Mbstatet@@@Z 0000000140054b50     libucrtd:c16rtomb.obj
 0004:00002b5c       $pdata$?has_surrogate@?A0xc60ee810@@YA_NPEAU_Mbstatet@@@Z 0000000140054b5c     libucrtd:c16rtomb.obj
 0004:00002b68       $pdata$?is_first_surrogate@?A0xc60ee810@@YA_N_S@Z 0000000140054b68     libucrtd:c16rtomb.obj
 0004:00002b74       $pdata$?is_second_surrogate@?A0xc60ee810@@YA_N_S@Z 0000000140054b74     libucrtd:c16rtomb.obj
 0004:00002b80       $pdata$__acrt_initialize_fma3 0000000140054b80     libucrtd:fma3_available.obj
 0004:00002b8c       $pdata$_log_special_common 0000000140054b8c     libucrtd:log_special.obj
 0004:00002b98       $pdata$_log10_special      0000000140054b98     libucrtd:log_special.obj
 0004:00002ba4       $pdata$_call_matherr       0000000140054ba4     libucrtd:libm_error.obj
 0004:00002bb0       $pdata$_exception_enabled  0000000140054bb0     libucrtd:libm_error.obj
 0004:00002bbc       $pdata$_handle_nan         0000000140054bbc     libucrtd:libm_error.obj
 0004:00002bc8       $pdata$_handle_error       0000000140054bc8     libucrtd:libm_error.obj
 0004:00002bd4       $pdata$??$__acrt_fenv_shift_bits@W4__acrt_fenv_abstract_status@@@@YA?AW4__acrt_fenv_abstract_status@@W40@0I@Z 0000000140054bd4     libucrtd:_fenvutils.obj
 0004:00002bd4       $pdata$??$__acrt_fenv_shift_bits@W4__acrt_fenv_abstract_control@@@@YA?AW4__acrt_fenv_abstract_control@@W40@0I@Z 0000000140054bd4     libucrtd:_fenvutils.obj
 0004:00002be0       $pdata$??$__acrt_fenv_unshift_bits@W4__acrt_fenv_abstract_status@@@@YA?AW4__acrt_fenv_abstract_status@@W40@0I@Z 0000000140054be0     libucrtd:_fenvutils.obj
 0004:00002be0       $pdata$??$__acrt_fenv_unshift_bits@W4__acrt_fenv_abstract_control@@@@YA?AW4__acrt_fenv_abstract_control@@W40@0I@Z 0000000140054be0     libucrtd:_fenvutils.obj
 0004:00002bec       $pdata$?__acrt_fenv_shift_abstract_sse_status@@YA?AW4__acrt_fenv_abstract_status@@W41@@Z 0000000140054bec     libucrtd:_fenvutils.obj
 0004:00002bf8       $pdata$?__acrt_fenv_unshift_abstract_sse_status@@YA?AW4__acrt_fenv_abstract_status@@W41@@Z 0000000140054bf8     libucrtd:_fenvutils.obj
 0004:00002c04       $pdata$?__acrt_fenv_shift_abstract_sse_control@@YA?AW4__acrt_fenv_abstract_control@@W41@@Z 0000000140054c04     libucrtd:_fenvutils.obj
 0004:00002c10       $pdata$?__acrt_fenv_unshift_abstract_sse_control@@YA?AW4__acrt_fenv_abstract_control@@W41@@Z 0000000140054c10     libucrtd:_fenvutils.obj
 0004:00002c1c       $pdata$__acrt_fenv_get_status 0000000140054c1c     libucrtd:_fenvutils.obj
 0004:00002c28       $pdata$__acrt_fenv_set_status 0000000140054c28     libucrtd:_fenvutils.obj
 0004:00002c34       $pdata$__acrt_fenv_get_control 0000000140054c34     libucrtd:_fenvutils.obj
 0004:00002c40       $pdata$__acrt_fenv_set_control 0000000140054c40     libucrtd:_fenvutils.obj
 0004:00002c4c       $pdata$?to_machine_sse_status@@YA?AW4__acrt_fenv_machine_sse_status@@W4__acrt_fenv_abstract_status@@@Z 0000000140054c4c     libucrtd:_fenvutils.obj
 0004:00002c58       $pdata$??$translate_status@W4__acrt_fenv_machine_sse_status@@W4__acrt_fenv_abstract_status@@@@YA?AW4__acrt_fenv_machine_sse_status@@W4__acrt_fenv_abstract_status@@@Z 0000000140054c58     libucrtd:_fenvutils.obj
 0004:00002c64       $pdata$?translate_control_denormal_control_to_sse@@YA?AW4__acrt_fenv_machine_sse_control@@W4__acrt_fenv_abstract_control@@@Z 0000000140054c64     libucrtd:_fenvutils.obj
 0004:00002c70       $pdata$?translate_control_denormal_control_from_sse@@YA?AW4__acrt_fenv_abstract_control@@W4__acrt_fenv_machine_sse_control@@@Z 0000000140054c70     libucrtd:_fenvutils.obj
 0004:00002c7c       $pdata$?to_abstract_control@@YA?AW4__acrt_fenv_abstract_control@@W4__acrt_fenv_machine_sse_control@@@Z 0000000140054c7c     libucrtd:_fenvutils.obj
 0004:00002c88       $pdata$??$translate_control_exception_mask@W4__acrt_fenv_abstract_control@@W4__acrt_fenv_machine_sse_control@@@@YA?AW4__acrt_fenv_abstract_control@@W4__acrt_fenv_machine_sse_control@@@Z 0000000140054c88     libucrtd:_fenvutils.obj
 0004:00002c94       $pdata$??$translate_control_rounding_control@W4__acrt_fenv_abstract_control@@W4__acrt_fenv_machine_sse_control@@@@YA?AW4__acrt_fenv_abstract_control@@W4__acrt_fenv_machine_sse_control@@@Z 0000000140054c94     libucrtd:_fenvutils.obj
 0004:00002ca0       $pdata$?to_machine_sse_control@@YA?AW4__acrt_fenv_machine_sse_control@@W4__acrt_fenv_abstract_control@@@Z 0000000140054ca0     libucrtd:_fenvutils.obj
 0004:00002cac       $pdata$??$translate_control_exception_mask@W4__acrt_fenv_machine_sse_control@@W4__acrt_fenv_abstract_control@@@@YA?AW4__acrt_fenv_machine_sse_control@@W4__acrt_fenv_abstract_control@@@Z 0000000140054cac     libucrtd:_fenvutils.obj
 0004:00002cb8       $pdata$??$translate_control_rounding_control@W4__acrt_fenv_machine_sse_control@@W4__acrt_fenv_abstract_control@@@@YA?AW4__acrt_fenv_machine_sse_control@@W4__acrt_fenv_abstract_control@@@Z 0000000140054cb8     libucrtd:_fenvutils.obj
 0004:00002cc4       $pdata$?get_machine_sse_status@@YA?AW4__acrt_fenv_machine_sse_status@@XZ 0000000140054cc4     libucrtd:_fenvutils.obj
 0004:00002cd0       $pdata$?set_machine_sse_status@@YAXW4__acrt_fenv_machine_sse_status@@@Z 0000000140054cd0     libucrtd:_fenvutils.obj
 0004:00002cdc       $pdata$?get_machine_sse_control@@YA?AW4__acrt_fenv_machine_sse_control@@XZ 0000000140054cdc     libucrtd:_fenvutils.obj
 0004:00002ce8       $pdata$?set_machine_sse_control@@YAXW4__acrt_fenv_machine_sse_control@@@Z 0000000140054ce8     libucrtd:_fenvutils.obj
 0004:00002cf4       $pdata$??$to_abstract_status@W4__acrt_fenv_machine_sse_status@@@@YA?AW4__acrt_fenv_abstract_status@@W4__acrt_fenv_machine_sse_status@@@Z 0000000140054cf4     libucrtd:_fenvutils.obj
 0004:00002d00       $pdata$??$__acrt_fenv_translate_bit@W4__acrt_fenv_abstract_status@@W4__acrt_fenv_machine_sse_status@@@@YA?AW4__acrt_fenv_abstract_status@@W4__acrt_fenv_machine_sse_status@@0W40@1@Z 0000000140054d00     libucrtd:_fenvutils.obj
 0004:00002d00       $pdata$??$__acrt_fenv_translate_bit@W4__acrt_fenv_machine_sse_status@@W4__acrt_fenv_abstract_status@@@@YA?AW4__acrt_fenv_machine_sse_status@@W4__acrt_fenv_abstract_status@@0W40@1@Z 0000000140054d00     libucrtd:_fenvutils.obj
 0004:00002d0c       $pdata$??$__acrt_fenv_translate_bit@W4__acrt_fenv_abstract_control@@W4__acrt_fenv_machine_sse_control@@@@YA?AW4__acrt_fenv_abstract_control@@W4__acrt_fenv_machine_sse_control@@0W40@1@Z 0000000140054d0c     libucrtd:_fenvutils.obj
 0004:00002d18       $pdata$??$__acrt_fenv_translate_bit@W4__acrt_fenv_machine_sse_control@@W4__acrt_fenv_abstract_control@@@@YA?AW4__acrt_fenv_machine_sse_control@@W4__acrt_fenv_abstract_control@@0W40@1@Z 0000000140054d18     libucrtd:_fenvutils.obj
 0004:00002d24       $pdata$??$translate_status@W4__acrt_fenv_abstract_status@@W4__acrt_fenv_machine_sse_status@@@@YA?AW4__acrt_fenv_abstract_status@@W4__acrt_fenv_machine_sse_status@@@Z 0000000140054d24     libucrtd:_fenvutils.obj
 0004:00002d30       $pdata$_clearfp            0000000140054d30     libucrtd:ieee.obj
 0004:00002d3c       $pdata$_abstract_sw        0000000140054d3c     libucrtd:ieee.obj
 0004:00002d48       $pdata$_close              0000000140054d48     libucrtd:close.obj
 0004:00002d54       $pdata$_close_nolock       0000000140054d54     libucrtd:close.obj
 0004:00002d60       $pdata$?close_os_handle_nolock@@YAKH@Z 0000000140054d60     libucrtd:close.obj
 0004:00002d6c       $pdata$??R<lambda_4e7105787b7b0e0227fbf2b2d883fa65>@@QEBAHXZ 0000000140054d6c     libucrtd:close.obj
 0004:00002d78       $pdata$??$__acrt_lowio_lock_fh_and_call@V<lambda_4e7105787b7b0e0227fbf2b2d883fa65>@@@@YAHH$$QEAV<lambda_4e7105787b7b0e0227fbf2b2d883fa65>@@@Z 0000000140054d78     libucrtd:close.obj
 0004:00002d84       $pdata$??$?RV<lambda_53fc7fc888e23d815d7080162c0aeeb2>@@AEAV<lambda_4e7105787b7b0e0227fbf2b2d883fa65>@@V<lambda_8ddc48ad9d26c778cb15812d1d88fc8a>@@@?$__crt_seh_guarded_call@H@@QEAAH$$QEAV<lambda_53fc7fc888e23d815d7080162c0aeeb2>@@AEAV<lambda_4e7105787b7b0e0227fbf2b2d883fa65>@@$$QEAV<lambda_8ddc48ad9d26c778cb15812d1d88fc8a>@@@Z 0000000140054d84     libucrtd:close.obj
 0004:00002d90       $pdata$?__acrt_stdio_free_stream@@YAXV__crt_stdio_stream@@@Z 0000000140054d90     libucrtd:stream.obj
 0004:00002d9c       $pdata$__dcrt_lowio_ensure_console_output_initialized 0000000140054d9c     libucrtd:initcon.obj
 0004:00002da8       $pdata$__dcrt_write_console 0000000140054da8     libucrtd:initcon.obj
 0004:00002db4       $pdata$__dcrt_terminate_console_output 0000000140054db4     libucrtd:initcon.obj
 0004:00002dc0       $pdata$_set_errno_from_matherr 0000000140054dc0     libucrtd:fpexcept.obj
 0004:00002dcc       $pdata$_raise_exc          0000000140054dcc     libucrtd:fpexcept.obj
 0004:00002dd8       $pdata$_raise_exc_ex       0000000140054dd8     libucrtd:fpexcept.obj
 0004:00002de4       $pdata$_clrfp              0000000140054de4     libucrtd:fpctrl.obj
 0004:00002df0       $pdata$_ctrlfp             0000000140054df0     libucrtd:fpctrl.obj
 0004:00002dfc       $pdata$_ctrlfp$filt$0      0000000140054dfc     libucrtd:fpctrl.obj
 0004:00002e08       $pdata$_statfp             0000000140054e08     libucrtd:fpctrl.obj
 0004:00002e14       $pdata$_set_statfp         0000000140054e14     libucrtd:fpctrl.obj
 0004:00002e2c       $pdata$_ValidateImageBase  0000000140054e2c     LIBCMTD:pesect.obj
 0004:00002e38       $pdata$_FindPESection      0000000140054e38     LIBCMTD:pesect.obj
 0004:00002e44       $pdata$_IsNonwritableInCurrentImage 0000000140054e44     LIBCMTD:pesect.obj
 0004:00002e50       $pdata$_IsNonwritableInCurrentImage$filt$0 0000000140054e50     LIBCMTD:pesect.obj
 0004:00002e5c       $pdata$??_Gtype_info@@UEAAPEAXI@Z 0000000140054e5c     LIBCMTD:std_type_info_static.obj
 0004:00002e68       $pdata$??3@YAXPEAX_K@Z     0000000140054e68     LIBCMTD:delete_scalar_size.obj
 0004:00002e74       $pdata$__GSHandlerCheck_SEH 0000000140054e74     LIBCMTD:gshandlerseh.obj
 0004:00002e80       $pdata$__GSHandlerCheck_EH 0000000140054e80     LIBCMTD:gshandlereh.obj
 0004:00002e8c       $pdata$??3@YAXPEAX@Z       0000000140054e8c     LIBCMTD:delete_scalar.obj
 0004:00002ea4       $pdata$strrchr             0000000140054ea4     libvcruntimed:strrchr.obj
